
> frontend@0.0.1 prebuild
> node ./scripts/build-data.mjs && node ./scripts/copy-edit-images.mjs

STRAPI_TOKEN_RO present: false
USE_EDIT_FOLDER env var: true
EDIT folder exists: true
USE_EDIT_FOLDER: true
Using EDIT folder as content source...
Parsing EDIT folder...
Found 196 markdown files
DEBUG: Checking for subdirectory: c:\Users\julia\zeiler-deployment\zeiler_me_pages\EDIT\detlef\deutsch\errterung, exists: false

=== DIAGNOSTIC LOG for detlef/deutsch/errterung.md ===
BASE_PATH: "/zeiler_me_pages"
File directory relative: "detlef/deutsch"
Frontmatter images: []
Discovered images: []
Using discovered images: false
Selected images array: []
Final processed images: []
=== END DIAGNOSTIC LOG ===


=== RELATIVE LINK FIX ===
Markdown file directory: detlef/deutsch
Deployed URL directory: /detlef/deutsch/errterung
Markdown depth: 2, Deployed depth: 3
Depth difference: 1 - need to add 1 "../" prefix to relative links
=== END RELATIVE LINK FIX ===

DEBUG: Checking for subdirectory: c:\Users\julia\zeiler-deployment\zeiler_me_pages\EDIT\detlef\deutsch\essay-themen\essay, exists: false

=== DIAGNOSTIC LOG for detlef/deutsch/essay-themen/essay.md ===
BASE_PATH: "/zeiler_me_pages"
File directory relative: "detlef/deutsch/essay-themen"
Frontmatter images: []
Discovered images: []
Using discovered images: false
Selected images array: []
Final processed images: []
=== END DIAGNOSTIC LOG ===


=== RELATIVE LINK FIX ===
Markdown file directory: detlef/deutsch/essay-themen
Deployed URL directory: /detlef/deutsch/essay-themen/essay
Markdown depth: 3, Deployed depth: 4
Depth difference: 1 - need to add 1 "../" prefix to relative links
=== END RELATIVE LINK FIX ===

DEBUG: Checking for subdirectory: c:\Users\julia\zeiler-deployment\zeiler_me_pages\EDIT\detlef\deutsch\essay-themen, exists: true

=== DIAGNOSTIC LOG for detlef/deutsch/essay-themen.md ===
BASE_PATH: "/zeiler_me_pages"
File directory relative: "detlef/deutsch"
Frontmatter images: []
Discovered images: []
Using discovered images: false
Selected images array: []
Final processed images: []
=== END DIAGNOSTIC LOG ===


=== RELATIVE LINK FIX ===
Markdown file directory: detlef/deutsch
Deployed URL directory: /detlef/deutsch/essay-themen
Markdown depth: 2, Deployed depth: 3
Depth difference: 1 - need to add 1 "../" prefix to relative links
=== END RELATIVE LINK FIX ===

DEBUG: Checking for subdirectory: c:\Users\julia\zeiler-deployment\zeiler_me_pages\EDIT\detlef\deutsch\fremdenfeindlichkeit\armer-und-reicher-teufel, exists: false

=== DIAGNOSTIC LOG for detlef/deutsch/fremdenfeindlichkeit/armer-und-reicher-teufel.md ===
BASE_PATH: "/zeiler_me_pages"
File directory relative: "detlef/deutsch/fremdenfeindlichkeit"
Frontmatter images: []
Discovered images: []
Using discovered images: false
Selected images array: []
Final processed images: []
=== END DIAGNOSTIC LOG ===


=== RELATIVE LINK FIX ===
Markdown file directory: detlef/deutsch/fremdenfeindlichkeit
Deployed URL directory: /detlef/deutsch/fremdenfeindlichkeit/armer-und-reicher-teufel
Markdown depth: 3, Deployed depth: 4
Depth difference: 1 - need to add 1 "../" prefix to relative links
=== END RELATIVE LINK FIX ===

DEBUG: Checking for subdirectory: c:\Users\julia\zeiler-deployment\zeiler_me_pages\EDIT\detlef\deutsch\fremdenfeindlichkeit, exists: true

=== DIAGNOSTIC LOG for detlef/deutsch/fremdenfeindlichkeit.md ===
BASE_PATH: "/zeiler_me_pages"
File directory relative: "detlef/deutsch"
Frontmatter images: []
Discovered images: []
Using discovered images: false
Selected images array: []
Final processed images: []
=== END DIAGNOSTIC LOG ===


=== RELATIVE LINK FIX ===
Markdown file directory: detlef/deutsch
Deployed URL directory: /detlef/deutsch/fremdenfeindlichkeit
Markdown depth: 2, Deployed depth: 3
Depth difference: 1 - need to add 1 "../" prefix to relative links
=== END RELATIVE LINK FIX ===

DEBUG: Checking for subdirectory: c:\Users\julia\zeiler-deployment\zeiler_me_pages\EDIT\detlef\deutsch\homo-faber, exists: false

=== DIAGNOSTIC LOG for detlef/deutsch/homo-faber.md ===
BASE_PATH: "/zeiler_me_pages"
File directory relative: "detlef/deutsch"
Frontmatter images: []
Discovered images: []
Using discovered images: false
Selected images array: []
Final processed images: []
=== END DIAGNOSTIC LOG ===


=== RELATIVE LINK FIX ===
Markdown file directory: detlef/deutsch
Deployed URL directory: /detlef/deutsch/homo-faber
Markdown depth: 2, Deployed depth: 3
Depth difference: 1 - need to add 1 "../" prefix to relative links
=== END RELATIVE LINK FIX ===

DEBUG: Checking for subdirectory: c:\Users\julia\zeiler-deployment\zeiler_me_pages\EDIT\detlef\deutsch\nayirah, exists: false

=== DIAGNOSTIC LOG for detlef/deutsch/nayirah.md ===
BASE_PATH: "/zeiler_me_pages"
File directory relative: "detlef/deutsch"
Frontmatter images: []
Discovered images: []
Using discovered images: false
Selected images array: []
Final processed images: []
=== END DIAGNOSTIC LOG ===


=== RELATIVE LINK FIX ===
Markdown file directory: detlef/deutsch
Deployed URL directory: /detlef/deutsch/nayirah
Markdown depth: 2, Deployed depth: 3
Depth difference: 1 - need to add 1 "../" prefix to relative links
=== END RELATIVE LINK FIX ===

DEBUG: Checking for subdirectory: c:\Users\julia\zeiler-deployment\zeiler_me_pages\EDIT\detlef\deutsch\needful-things---in-einer-kleinen-stadt\in-einer-kleinen-stadt\in-einer-kleinen-stadt, exists: false

=== DIAGNOSTIC LOG for detlef/deutsch/needful-things---in-einer-kleinen-stadt/in-einer-kleinen-stadt/in-einer-kleinen-stadt.md ===
BASE_PATH: "/zeiler_me_pages"
File directory relative: "detlef/deutsch/needful-things---in-einer-kleinen-stadt/in-einer-kleinen-stadt"
Frontmatter images: []
Discovered images: [
  {
    "url": "/detlef/deutsch/needful-things---in-einer-kleinen-stadt/in-einer-kleinen-stadt/in-einer-kleinen-stadt-1.jpg",
    "alt": "In einer kleinen Stadt"
  }
]
Using discovered images: true
Selected images array: [
  {
    "url": "/detlef/deutsch/needful-things---in-einer-kleinen-stadt/in-einer-kleinen-stadt/in-einer-kleinen-stadt-1.jpg",
    "alt": "In einer kleinen Stadt"
  }
]
Image URL (no transformation, Astro will add BASE_PATH): "/detlef/deutsch/needful-things---in-einer-kleinen-stadt/in-einer-kleinen-stadt/in-einer-kleinen-stadt-1.jpg"
Final processed images: [
  {
    "url": "/detlef/deutsch/needful-things---in-einer-kleinen-stadt/in-einer-kleinen-stadt/in-einer-kleinen-stadt-1.jpg",
    "alt": "In einer kleinen Stadt"
  }
]
=== END DIAGNOSTIC LOG ===


=== RELATIVE LINK FIX ===
Markdown file directory: detlef/deutsch/needful-things---in-einer-kleinen-stadt/in-einer-kleinen-stadt
Deployed URL directory: /detlef/deutsch/needful-things---in-einer-kleinen-stadt/in-einer-kleinen-stadt/in-einer-kleinen-stadt
Markdown depth: 4, Deployed depth: 5
Depth difference: 1 - need to add 1 "../" prefix to relative links
=== END RELATIVE LINK FIX ===

DEBUG: Checking for subdirectory: c:\Users\julia\zeiler-deployment\zeiler_me_pages\EDIT\detlef\deutsch\needful-things---in-einer-kleinen-stadt\in-einer-kleinen-stadt, exists: true

=== DIAGNOSTIC LOG for detlef/deutsch/needful-things---in-einer-kleinen-stadt/in-einer-kleinen-stadt.md ===
BASE_PATH: "/zeiler_me_pages"
File directory relative: "detlef/deutsch/needful-things---in-einer-kleinen-stadt"
Frontmatter images: [
  {
    "url": "/in-einer-kleinen-stadt-1.jpg",
    "alt": ""
  }
]
Discovered images: [
  {
    "url": "/detlef/deutsch/needful-things---in-einer-kleinen-stadt/in-einer-kleinen-stadt/in-einer-kleinen-stadt-1.jpg",
    "alt": "In einer kleinen Stadt"
  }
]
Using discovered images: true
Selected images array: [
  {
    "url": "/detlef/deutsch/needful-things---in-einer-kleinen-stadt/in-einer-kleinen-stadt/in-einer-kleinen-stadt-1.jpg",
    "alt": "In einer kleinen Stadt"
  }
]
Image URL (no transformation, Astro will add BASE_PATH): "/detlef/deutsch/needful-things---in-einer-kleinen-stadt/in-einer-kleinen-stadt/in-einer-kleinen-stadt-1.jpg"
Final processed images: [
  {
    "url": "/detlef/deutsch/needful-things---in-einer-kleinen-stadt/in-einer-kleinen-stadt/in-einer-kleinen-stadt-1.jpg",
    "alt": "In einer kleinen Stadt"
  }
]
=== END DIAGNOSTIC LOG ===


=== RELATIVE LINK FIX ===
Markdown file directory: detlef/deutsch/needful-things---in-einer-kleinen-stadt
Deployed URL directory: /detlef/deutsch/needful-things---in-einer-kleinen-stadt/in-einer-kleinen-stadt
Markdown depth: 3, Deployed depth: 4
Depth difference: 1 - need to add 1 "../" prefix to relative links
=== END RELATIVE LINK FIX ===

DEBUG: Checking for subdirectory: c:\Users\julia\zeiler-deployment\zeiler_me_pages\EDIT\detlef\deutsch\needful-things---in-einer-kleinen-stadt, exists: true

=== DIAGNOSTIC LOG for detlef/deutsch/needful-things---in-einer-kleinen-stadt.md ===
BASE_PATH: "/zeiler_me_pages"
File directory relative: "detlef/deutsch"
Frontmatter images: [
  {
    "url": "/needful-things---in-einer-kleinen-stadt-1.jpg",
    "alt": ""
  }
]
Discovered images: [
  {
    "url": "/detlef/deutsch/needful-things---in-einer-kleinen-stadt-1.jpg",
    "alt": "&quot;In einer kleinen Stadt&quot;"
  }
]
Using discovered images: true
Selected images array: [
  {
    "url": "/detlef/deutsch/needful-things---in-einer-kleinen-stadt-1.jpg",
    "alt": "&quot;In einer kleinen Stadt&quot;"
  }
]
Image URL (no transformation, Astro will add BASE_PATH): "/detlef/deutsch/needful-things---in-einer-kleinen-stadt-1.jpg"
Final processed images: [
  {
    "url": "/detlef/deutsch/needful-things---in-einer-kleinen-stadt-1.jpg",
    "alt": "&quot;In einer kleinen Stadt&quot;"
  }
]
=== END DIAGNOSTIC LOG ===


=== RELATIVE LINK FIX ===
Markdown file directory: detlef/deutsch
Deployed URL directory: /detlef/deutsch/needful-things---in-einer-kleinen-stadt
Markdown depth: 2, Deployed depth: 3
Depth difference: 1 - need to add 1 "../" prefix to relative links
=== END RELATIVE LINK FIX ===

DEBUG: Checking for subdirectory: c:\Users\julia\zeiler-deployment\zeiler_me_pages\EDIT\detlef\deutsch\texterrterung, exists: false

=== DIAGNOSTIC LOG for detlef/deutsch/texterrterung.md ===
BASE_PATH: "/zeiler_me_pages"
File directory relative: "detlef/deutsch"
Frontmatter images: [
  {
    "url": "/texterrterung-1.jpg",
    "alt": ""
  },
  {
    "url": "/texterrterung-2.jpg",
    "alt": ""
  }
]
Discovered images: [
  {
    "url": "/detlef/deutsch/texterrterung-1.jpg",
    "alt": "Texterörterung"
  },
  {
    "url": "/detlef/deutsch/texterrterung-2.jpg",
    "alt": "Texterörterung"
  }
]
Using discovered images: true
Selected images array: [
  {
    "url": "/detlef/deutsch/texterrterung-1.jpg",
    "alt": "Texterörterung"
  },
  {
    "url": "/detlef/deutsch/texterrterung-2.jpg",
    "alt": "Texterörterung"
  }
]
Image URL (no transformation, Astro will add BASE_PATH): "/detlef/deutsch/texterrterung-1.jpg"
Image URL (no transformation, Astro will add BASE_PATH): "/detlef/deutsch/texterrterung-2.jpg"
Final processed images: [
  {
    "url": "/detlef/deutsch/texterrterung-1.jpg",
    "alt": "Texterörterung"
  },
  {
    "url": "/detlef/deutsch/texterrterung-2.jpg",
    "alt": "Texterörterung"
  }
]
=== END DIAGNOSTIC LOG ===


=== RELATIVE LINK FIX ===
Markdown file directory: detlef/deutsch
Deployed URL directory: /detlef/deutsch/texterrterung
Markdown depth: 2, Deployed depth: 3
Depth difference: 1 - need to add 1 "../" prefix to relative links
  Fixed relative link: texterrterung/#h.p_ID_70 -> ../texterrterung/#h.p_ID_70
=== END RELATIVE LINK FIX ===

DEBUG: Checking for subdirectory: c:\Users\julia\zeiler-deployment\zeiler_me_pages\EDIT\detlef\deutsch\textinterpretation\das-eiserne-kreuz, exists: false

=== DIAGNOSTIC LOG for detlef/deutsch/textinterpretation/das-eiserne-kreuz.md ===
BASE_PATH: "/zeiler_me_pages"
File directory relative: "detlef/deutsch/textinterpretation"
Frontmatter images: []
Discovered images: []
Using discovered images: false
Selected images array: []
Final processed images: []
=== END DIAGNOSTIC LOG ===


=== RELATIVE LINK FIX ===
Markdown file directory: detlef/deutsch/textinterpretation
Deployed URL directory: /detlef/deutsch/textinterpretation/das-eiserne-kreuz
Markdown depth: 3, Deployed depth: 4
Depth difference: 1 - need to add 1 "../" prefix to relative links
=== END RELATIVE LINK FIX ===

DEBUG: Checking for subdirectory: c:\Users\julia\zeiler-deployment\zeiler_me_pages\EDIT\detlef\deutsch\textinterpretation\ein-netter-kerl, exists: false

=== DIAGNOSTIC LOG for detlef/deutsch/textinterpretation/ein-netter-kerl.md ===
BASE_PATH: "/zeiler_me_pages"
File directory relative: "detlef/deutsch/textinterpretation"
Frontmatter images: []
Discovered images: []
Using discovered images: false
Selected images array: []
Final processed images: []
=== END DIAGNOSTIC LOG ===


=== RELATIVE LINK FIX ===
Markdown file directory: detlef/deutsch/textinterpretation
Deployed URL directory: /detlef/deutsch/textinterpretation/ein-netter-kerl
Markdown depth: 3, Deployed depth: 4
Depth difference: 1 - need to add 1 "../" prefix to relative links
=== END RELATIVE LINK FIX ===

DEBUG: Checking for subdirectory: c:\Users\julia\zeiler-deployment\zeiler_me_pages\EDIT\detlef\deutsch\textinterpretation\einige-beispiele\armer-und-reicher-teufel-ernst-bloch, exists: false

=== DIAGNOSTIC LOG for detlef/deutsch/textinterpretation/einige-beispiele/armer-und-reicher-teufel-ernst-bloch.md ===
BASE_PATH: "/zeiler_me_pages"
File directory relative: "detlef/deutsch/textinterpretation/einige-beispiele"
Frontmatter images: []
Discovered images: []
Using discovered images: false
Selected images array: []
Final processed images: []
=== END DIAGNOSTIC LOG ===


=== RELATIVE LINK FIX ===
Markdown file directory: detlef/deutsch/textinterpretation/einige-beispiele
Deployed URL directory: /detlef/deutsch/textinterpretation/einige-beispiele/armer-und-reicher-teufel-ernst-bloch
Markdown depth: 4, Deployed depth: 5
Depth difference: 1 - need to add 1 "../" prefix to relative links
=== END RELATIVE LINK FIX ===

DEBUG: Checking for subdirectory: c:\Users\julia\zeiler-deployment\zeiler_me_pages\EDIT\detlef\deutsch\textinterpretation\einige-beispiele\wie-ist-der-mensch-michel-de-montaigne, exists: false

=== DIAGNOSTIC LOG for detlef/deutsch/textinterpretation/einige-beispiele/wie-ist-der-mensch-michel-de-montaigne.md ===
BASE_PATH: "/zeiler_me_pages"
File directory relative: "detlef/deutsch/textinterpretation/einige-beispiele"
Frontmatter images: []
Discovered images: []
Using discovered images: false
Selected images array: []
Final processed images: []
=== END DIAGNOSTIC LOG ===


=== RELATIVE LINK FIX ===
Markdown file directory: detlef/deutsch/textinterpretation/einige-beispiele
Deployed URL directory: /detlef/deutsch/textinterpretation/einige-beispiele/wie-ist-der-mensch-michel-de-montaigne
Markdown depth: 4, Deployed depth: 5
Depth difference: 1 - need to add 1 "../" prefix to relative links
=== END RELATIVE LINK FIX ===

DEBUG: Checking for subdirectory: c:\Users\julia\zeiler-deployment\zeiler_me_pages\EDIT\detlef\deutsch\textinterpretation\einige-beispiele, exists: true

=== DIAGNOSTIC LOG for detlef/deutsch/textinterpretation/einige-beispiele.md ===
BASE_PATH: "/zeiler_me_pages"
File directory relative: "detlef/deutsch/textinterpretation"
Frontmatter images: []
Discovered images: []
Using discovered images: false
Selected images array: []
Final processed images: []
=== END DIAGNOSTIC LOG ===


=== RELATIVE LINK FIX ===
Markdown file directory: detlef/deutsch/textinterpretation
Deployed URL directory: /detlef/deutsch/textinterpretation/einige-beispiele
Markdown depth: 3, Deployed depth: 4
Depth difference: 1 - need to add 1 "../" prefix to relative links
=== END RELATIVE LINK FIX ===

DEBUG: Checking for subdirectory: c:\Users\julia\zeiler-deployment\zeiler_me_pages\EDIT\detlef\deutsch\textinterpretation\homo-faber, exists: false

=== DIAGNOSTIC LOG for detlef/deutsch/textinterpretation/homo-faber.md ===
BASE_PATH: "/zeiler_me_pages"
File directory relative: "detlef/deutsch/textinterpretation"
Frontmatter images: []
Discovered images: []
Using discovered images: false
Selected images array: []
Final processed images: []
=== END DIAGNOSTIC LOG ===


=== RELATIVE LINK FIX ===
Markdown file directory: detlef/deutsch/textinterpretation
Deployed URL directory: /detlef/deutsch/textinterpretation/homo-faber
Markdown depth: 3, Deployed depth: 4
Depth difference: 1 - need to add 1 "../" prefix to relative links
=== END RELATIVE LINK FIX ===

DEBUG: Checking for subdirectory: c:\Users\julia\zeiler-deployment\zeiler_me_pages\EDIT\detlef\deutsch\textinterpretation\wie-ist-der-mensch-michel-de-montaigne, exists: false

=== DIAGNOSTIC LOG for detlef/deutsch/textinterpretation/wie-ist-der-mensch-michel-de-montaigne.md ===
BASE_PATH: "/zeiler_me_pages"
File directory relative: "detlef/deutsch/textinterpretation"
Frontmatter images: []
Discovered images: []
Using discovered images: false
Selected images array: []
Final processed images: []
=== END DIAGNOSTIC LOG ===


=== RELATIVE LINK FIX ===
Markdown file directory: detlef/deutsch/textinterpretation
Deployed URL directory: /detlef/deutsch/textinterpretation/wie-ist-der-mensch-michel-de-montaigne
Markdown depth: 3, Deployed depth: 4
Depth difference: 1 - need to add 1 "../" prefix to relative links
=== END RELATIVE LINK FIX ===

DEBUG: Checking for subdirectory: c:\Users\julia\zeiler-deployment\zeiler_me_pages\EDIT\detlef\deutsch\textinterpretation-1, exists: false

=== DIAGNOSTIC LOG for detlef/deutsch/textinterpretation-1.md ===
BASE_PATH: "/zeiler_me_pages"
File directory relative: "detlef/deutsch"
Frontmatter images: []
Discovered images: []
Using discovered images: false
Selected images array: []
Final processed images: []
=== END DIAGNOSTIC LOG ===


=== RELATIVE LINK FIX ===
Markdown file directory: detlef/deutsch
Deployed URL directory: /detlef/deutsch/textinterpretation-1
Markdown depth: 2, Deployed depth: 3
Depth difference: 1 - need to add 1 "../" prefix to relative links
=== END RELATIVE LINK FIX ===

DEBUG: Checking for subdirectory: c:\Users\julia\zeiler-deployment\zeiler_me_pages\EDIT\detlef\deutsch\textinterpretation, exists: true

=== DIAGNOSTIC LOG for detlef/deutsch/textinterpretation.md ===
BASE_PATH: "/zeiler_me_pages"
File directory relative: "detlef/deutsch"
Frontmatter images: []
Discovered images: []
Using discovered images: false
Selected images array: []
Final processed images: []
=== END DIAGNOSTIC LOG ===


=== RELATIVE LINK FIX ===
Markdown file directory: detlef/deutsch
Deployed URL directory: /detlef/deutsch/textinterpretation
Markdown depth: 2, Deployed depth: 3
Depth difference: 1 - need to add 1 "../" prefix to relative links
  Fixed relative link: fremdenfeindlichkeit/armer-und-reicher-teufel/ -> ../fremdenfeindlichkeit/armer-und-reicher-teufel/
  Fixed relative link: textinterpretation/ein-netter-kerl/ -> ../textinterpretation/ein-netter-kerl/
  Fixed relative link: textinterpretation/einige-beispiele/wie-ist-der-mensch-michel-de-montaigne/ -> ../textinterpretation/einige-beispiele/wie-ist-der-mensch-michel-de-montaigne/
  Fixed relative link: textinterpretation/das-eiserne-kreuz/ -> ../textinterpretation/das-eiserne-kreuz/
=== END RELATIVE LINK FIX ===

DEBUG: Checking for subdirectory: c:\Users\julia\zeiler-deployment\zeiler_me_pages\EDIT\detlef\deutsch\versuch-einer-beschreibung-menschlicher-moral, exists: false

=== DIAGNOSTIC LOG for detlef/deutsch/versuch-einer-beschreibung-menschlicher-moral.md ===
BASE_PATH: "/zeiler_me_pages"
File directory relative: "detlef/deutsch"
Frontmatter images: [
  {
    "url": "/versuch-einer-beschreibung-menschlicher-moral-1.jpg",
    "alt": ""
  }
]
Discovered images: [
  {
    "url": "/detlef/deutsch/versuch-einer-beschreibung-menschlicher-moral-1.jpg",
    "alt": "Versuch einer Beschreibung menschlicher Moral"
  }
]
Using discovered images: true
Selected images array: [
  {
    "url": "/detlef/deutsch/versuch-einer-beschreibung-menschlicher-moral-1.jpg",
    "alt": "Versuch einer Beschreibung menschlicher Moral"
  }
]
Image URL (no transformation, Astro will add BASE_PATH): "/detlef/deutsch/versuch-einer-beschreibung-menschlicher-moral-1.jpg"
Final processed images: [
  {
    "url": "/detlef/deutsch/versuch-einer-beschreibung-menschlicher-moral-1.jpg",
    "alt": "Versuch einer Beschreibung menschlicher Moral"
  }
]
=== END DIAGNOSTIC LOG ===


=== RELATIVE LINK FIX ===
Markdown file directory: detlef/deutsch
Deployed URL directory: /detlef/deutsch/versuch-einer-beschreibung-menschlicher-moral
Markdown depth: 2, Deployed depth: 3
Depth difference: 1 - need to add 1 "../" prefix to relative links
=== END RELATIVE LINK FIX ===

DEBUG: Checking for subdirectory: c:\Users\julia\zeiler-deployment\zeiler_me_pages\EDIT\detlef\deutsch\versuch-einer-kurzen-beschreibung-einer-menschlichen-moral, exists: false

=== DIAGNOSTIC LOG for detlef/deutsch/versuch-einer-kurzen-beschreibung-einer-menschlichen-moral.md ===
BASE_PATH: "/zeiler_me_pages"
File directory relative: "detlef/deutsch"
Frontmatter images: []
Discovered images: []
Using discovered images: false
Selected images array: []
Final processed images: []
=== END DIAGNOSTIC LOG ===


=== RELATIVE LINK FIX ===
Markdown file directory: detlef/deutsch
Deployed URL directory: /detlef/deutsch/versuch-einer-kurzen-beschreibung-einer-menschlichen-moral
Markdown depth: 2, Deployed depth: 3
Depth difference: 1 - need to add 1 "../" prefix to relative links
=== END RELATIVE LINK FIX ===

DEBUG: Checking for subdirectory: c:\Users\julia\zeiler-deployment\zeiler_me_pages\EDIT\detlef\deutsch\vom-text-zum-schaubild, exists: false

=== DIAGNOSTIC LOG for detlef/deutsch/vom-text-zum-schaubild.md ===
BASE_PATH: "/zeiler_me_pages"
File directory relative: "detlef/deutsch"
Frontmatter images: []
Discovered images: []
Using discovered images: false
Selected images array: []
Final processed images: []
=== END DIAGNOSTIC LOG ===


=== RELATIVE LINK FIX ===
Markdown file directory: detlef/deutsch
Deployed URL directory: /detlef/deutsch/vom-text-zum-schaubild
Markdown depth: 2, Deployed depth: 3
Depth difference: 1 - need to add 1 "../" prefix to relative links
=== END RELATIVE LINK FIX ===

DEBUG: Checking for subdirectory: c:\Users\julia\zeiler-deployment\zeiler_me_pages\EDIT\detlef\deutsch, exists: true

=== DIAGNOSTIC LOG for detlef/deutsch.md ===
BASE_PATH: "/zeiler_me_pages"
File directory relative: "detlef"
Frontmatter images: []
Discovered images: []
Using discovered images: false
Selected images array: []
Final processed images: []
=== END DIAGNOSTIC LOG ===


=== RELATIVE LINK FIX ===
Markdown file directory: detlef
Deployed URL directory: /detlef/deutsch
Markdown depth: 1, Deployed depth: 2
Depth difference: 1 - need to add 1 "../" prefix to relative links
  Fixed relative link: deutsch/textinterpretation/ -> ../deutsch/textinterpretation/
  Fixed relative link: deutsch/texterrterung/ -> ../deutsch/texterrterung/
  Fixed relative link: deutsch/errterung/ -> ../deutsch/errterung/
  Fixed relative link: deutsch/essay-themen/essay/ -> ../deutsch/essay-themen/essay/
  Fixed relative link: deutsch/vom-text-zum-schaubild/ -> ../deutsch/vom-text-zum-schaubild/
  Fixed relative link: deutsch/needful-things---in-einer-kleinen-stadt/ -> ../deutsch/needful-things---in-einer-kleinen-stadt/
  Fixed relative link: deutsch/fremdenfeindlichkeit/ -> ../deutsch/fremdenfeindlichkeit/
  Fixed relative link: geschichte/gerchte/ -> ../geschichte/gerchte/
  Fixed relative link: deutsch/versuch-einer-beschreibung-menschlicher-moral/ -> ../deutsch/versuch-einer-beschreibung-menschlicher-moral/
  Fixed relative link: geschichte/sind-wir-nur-tiere/ -> ../geschichte/sind-wir-nur-tiere/
=== END RELATIVE LINK FIX ===

DEBUG: Checking for subdirectory: c:\Users\julia\zeiler-deployment\zeiler_me_pages\EDIT\detlef\geschichte\alexander-von-humboldts-sdamerikareise, exists: false

=== DIAGNOSTIC LOG for detlef/geschichte/alexander-von-humboldts-sdamerikareise.md ===
BASE_PATH: "/zeiler_me_pages"
File directory relative: "detlef/geschichte"
Frontmatter images: []
Discovered images: []
Using discovered images: false
Selected images array: []
Final processed images: []
=== END DIAGNOSTIC LOG ===


=== RELATIVE LINK FIX ===
Markdown file directory: detlef/geschichte
Deployed URL directory: /detlef/geschichte/alexander-von-humboldts-sdamerikareise
Markdown depth: 2, Deployed depth: 3
Depth difference: 1 - need to add 1 "../" prefix to relative links
=== END RELATIVE LINK FIX ===

DEBUG: Checking for subdirectory: c:\Users\julia\zeiler-deployment\zeiler_me_pages\EDIT\detlef\geschichte\alexis-de-tocqueville-ber-grausamkeit-in-einer-unglcklichen-zeit, exists: false

=== DIAGNOSTIC LOG for detlef/geschichte/alexis-de-tocqueville-ber-grausamkeit-in-einer-unglcklichen-zeit.md ===
BASE_PATH: "/zeiler_me_pages"
File directory relative: "detlef/geschichte"
Frontmatter images: [
  {
    "url": "/alexis-de-tocqueville-ber-grausamkeit-in-einer-unglcklichen--1.jpg",
    "alt": ""
  }
]
Discovered images: []
Using discovered images: false
Selected images array: [
  {
    "url": "/alexis-de-tocqueville-ber-grausamkeit-in-einer-unglcklichen--1.jpg",
    "alt": ""
  }
]
Image URL (no transformation, Astro will add BASE_PATH): "/alexis-de-tocqueville-ber-grausamkeit-in-einer-unglcklichen--1.jpg"
Final processed images: [
  {
    "url": "/alexis-de-tocqueville-ber-grausamkeit-in-einer-unglcklichen--1.jpg",
    "alt": ""
  }
]
=== END DIAGNOSTIC LOG ===


=== RELATIVE LINK FIX ===
Markdown file directory: detlef/geschichte
Deployed URL directory: /detlef/geschichte/alexis-de-tocqueville-ber-grausamkeit-in-einer-unglcklichen-zeit
Markdown depth: 2, Deployed depth: 3
Depth difference: 1 - need to add 1 "../" prefix to relative links
=== END RELATIVE LINK FIX ===

DEBUG: Checking for subdirectory: c:\Users\julia\zeiler-deployment\zeiler_me_pages\EDIT\detlef\geschichte\ber-die-grausamkeit, exists: false

=== DIAGNOSTIC LOG for detlef/geschichte/ber-die-grausamkeit.md ===
BASE_PATH: "/zeiler_me_pages"
File directory relative: "detlef/geschichte"
Frontmatter images: []
Discovered images: []
Using discovered images: false
Selected images array: []
Final processed images: []
=== END DIAGNOSTIC LOG ===


=== RELATIVE LINK FIX ===
Markdown file directory: detlef/geschichte
Deployed URL directory: /detlef/geschichte/ber-die-grausamkeit
Markdown depth: 2, Deployed depth: 3
Depth difference: 1 - need to add 1 "../" prefix to relative links
=== END RELATIVE LINK FIX ===

DEBUG: Checking for subdirectory: c:\Users\julia\zeiler-deployment\zeiler_me_pages\EDIT\detlef\geschichte\ber-die-pltzliche-grausamkeit-in-einer-unglcklichen-zeit, exists: false

=== DIAGNOSTIC LOG for detlef/geschichte/ber-die-pltzliche-grausamkeit-in-einer-unglcklichen-zeit.md ===
BASE_PATH: "/zeiler_me_pages"
File directory relative: "detlef/geschichte"
Frontmatter images: [
  {
    "url": "/ber-die-pltzliche-grausamkeit-in-einer-unglcklichen-zeit-1.jpg",
    "alt": ""
  }
]
Discovered images: [
  {
    "url": "/detlef/geschichte/ber-die-pltzliche-grausamkeit-in-einer-unglcklichen-zeit-1.jpg",
    "alt": "Alexis de Tocqueville über die plötzliche Grausamkeit in einer unglücklichen Zeit"
  }
]
Using discovered images: true
Selected images array: [
  {
    "url": "/detlef/geschichte/ber-die-pltzliche-grausamkeit-in-einer-unglcklichen-zeit-1.jpg",
    "alt": "Alexis de Tocqueville über die plötzliche Grausamkeit in einer unglücklichen Zeit"
  }
]
Image URL (no transformation, Astro will add BASE_PATH): "/detlef/geschichte/ber-die-pltzliche-grausamkeit-in-einer-unglcklichen-zeit-1.jpg"
Final processed images: [
  {
    "url": "/detlef/geschichte/ber-die-pltzliche-grausamkeit-in-einer-unglcklichen-zeit-1.jpg",
    "alt": "Alexis de Tocqueville über die plötzliche Grausamkeit in einer unglücklichen Zeit"
  }
]
=== END DIAGNOSTIC LOG ===


=== RELATIVE LINK FIX ===
Markdown file directory: detlef/geschichte
Deployed URL directory: /detlef/geschichte/ber-die-pltzliche-grausamkeit-in-einer-unglcklichen-zeit
Markdown depth: 2, Deployed depth: 3
Depth difference: 1 - need to add 1 "../" prefix to relative links
=== END RELATIVE LINK FIX ===

DEBUG: Checking for subdirectory: c:\Users\julia\zeiler-deployment\zeiler_me_pages\EDIT\detlef\geschichte\berichte-aus-einer-deutschen-diktatur, exists: false

=== DIAGNOSTIC LOG for detlef/geschichte/berichte-aus-einer-deutschen-diktatur.md ===
BASE_PATH: "/zeiler_me_pages"
File directory relative: "detlef/geschichte"
Frontmatter images: [
  {
    "url": "/berichte-aus-einer-deutschen-diktatur-1.jpg",
    "alt": ""
  }
]
Discovered images: [
  {
    "url": "/detlef/geschichte/berichte-aus-einer-deutschen-diktatur-1.jpg",
    "alt": "Berichte aus einer deutschen Diktatur"
  }
]
Using discovered images: true
Selected images array: [
  {
    "url": "/detlef/geschichte/berichte-aus-einer-deutschen-diktatur-1.jpg",
    "alt": "Berichte aus einer deutschen Diktatur"
  }
]
Image URL (no transformation, Astro will add BASE_PATH): "/detlef/geschichte/berichte-aus-einer-deutschen-diktatur-1.jpg"
Final processed images: [
  {
    "url": "/detlef/geschichte/berichte-aus-einer-deutschen-diktatur-1.jpg",
    "alt": "Berichte aus einer deutschen Diktatur"
  }
]
=== END DIAGNOSTIC LOG ===


=== RELATIVE LINK FIX ===
Markdown file directory: detlef/geschichte
Deployed URL directory: /detlef/geschichte/berichte-aus-einer-deutschen-diktatur
Markdown depth: 2, Deployed depth: 3
Depth difference: 1 - need to add 1 "../" prefix to relative links
=== END RELATIVE LINK FIX ===

DEBUG: Checking for subdirectory: c:\Users\julia\zeiler-deployment\zeiler_me_pages\EDIT\detlef\geschichte\berthold-von-rohrbach, exists: false

=== DIAGNOSTIC LOG for detlef/geschichte/berthold-von-rohrbach.md ===
BASE_PATH: "/zeiler_me_pages"
File directory relative: "detlef/geschichte"
Frontmatter images: [
  {
    "url": "/berthold-von-rohrbach-1.jpg",
    "alt": ""
  }
]
Discovered images: [
  {
    "url": "/detlef/geschichte/berthold-von-rohrbach-1.jpg",
    "alt": "Berthold von Rohrbach"
  }
]
Using discovered images: true
Selected images array: [
  {
    "url": "/detlef/geschichte/berthold-von-rohrbach-1.jpg",
    "alt": "Berthold von Rohrbach"
  }
]
Image URL (no transformation, Astro will add BASE_PATH): "/detlef/geschichte/berthold-von-rohrbach-1.jpg"
Final processed images: [
  {
    "url": "/detlef/geschichte/berthold-von-rohrbach-1.jpg",
    "alt": "Berthold von Rohrbach"
  }
]
=== END DIAGNOSTIC LOG ===


=== RELATIVE LINK FIX ===
Markdown file directory: detlef/geschichte
Deployed URL directory: /detlef/geschichte/berthold-von-rohrbach
Markdown depth: 2, Deployed depth: 3
Depth difference: 1 - need to add 1 "../" prefix to relative links
=== END RELATIVE LINK FIX ===

DEBUG: Checking for subdirectory: c:\Users\julia\zeiler-deployment\zeiler_me_pages\EDIT\detlef\geschichte\besuch-in-simferopol-2018, exists: false

=== DIAGNOSTIC LOG for detlef/geschichte/besuch-in-simferopol-2018.md ===
BASE_PATH: "/zeiler_me_pages"
File directory relative: "detlef/geschichte"
Frontmatter images: [
  {
    "url": "/besuch-in-simferopol-2018-1.png",
    "alt": ""
  },
  {
    "url": "/besuch-in-simferopol-2018-2.png",
    "alt": ""
  },
  {
    "url": "/besuch-in-simferopol-2018-3.png",
    "alt": ""
  },
  {
    "url": "/besuch-in-simferopol-2018-4.jpg",
    "alt": ""
  }
]
Discovered images: [
  {
    "url": "/detlef/geschichte/besuch-in-simferopol-2018-1.png",
    "alt": "Besuch in Simferopol 2018"
  },
  {
    "url": "/detlef/geschichte/besuch-in-simferopol-2018-2.png",
    "alt": "Besuch in Simferopol 2018"
  },
  {
    "url": "/detlef/geschichte/besuch-in-simferopol-2018-3.png",
    "alt": "Besuch in Simferopol 2018"
  },
  {
    "url": "/detlef/geschichte/besuch-in-simferopol-2018-4.jpg",
    "alt": "Besuch in Simferopol 2018"
  }
]
Using discovered images: true
Selected images array: [
  {
    "url": "/detlef/geschichte/besuch-in-simferopol-2018-1.png",
    "alt": "Besuch in Simferopol 2018"
  },
  {
    "url": "/detlef/geschichte/besuch-in-simferopol-2018-2.png",
    "alt": "Besuch in Simferopol 2018"
  },
  {
    "url": "/detlef/geschichte/besuch-in-simferopol-2018-3.png",
    "alt": "Besuch in Simferopol 2018"
  },
  {
    "url": "/detlef/geschichte/besuch-in-simferopol-2018-4.jpg",
    "alt": "Besuch in Simferopol 2018"
  }
]
Image URL (no transformation, Astro will add BASE_PATH): "/detlef/geschichte/besuch-in-simferopol-2018-1.png"
Image URL (no transformation, Astro will add BASE_PATH): "/detlef/geschichte/besuch-in-simferopol-2018-2.png"
Image URL (no transformation, Astro will add BASE_PATH): "/detlef/geschichte/besuch-in-simferopol-2018-3.png"
Image URL (no transformation, Astro will add BASE_PATH): "/detlef/geschichte/besuch-in-simferopol-2018-4.jpg"
Final processed images: [
  {
    "url": "/detlef/geschichte/besuch-in-simferopol-2018-1.png",
    "alt": "Besuch in Simferopol 2018"
  },
  {
    "url": "/detlef/geschichte/besuch-in-simferopol-2018-2.png",
    "alt": "Besuch in Simferopol 2018"
  },
  {
    "url": "/detlef/geschichte/besuch-in-simferopol-2018-3.png",
    "alt": "Besuch in Simferopol 2018"
  },
  {
    "url": "/detlef/geschichte/besuch-in-simferopol-2018-4.jpg",
    "alt": "Besuch in Simferopol 2018"
  }
]
=== END DIAGNOSTIC LOG ===


=== RELATIVE LINK FIX ===
Markdown file directory: detlef/geschichte
Deployed URL directory: /detlef/geschichte/besuch-in-simferopol-2018
Markdown depth: 2, Deployed depth: 3
Depth difference: 1 - need to add 1 "../" prefix to relative links
=== END RELATIVE LINK FIX ===

DEBUG: Checking for subdirectory: c:\Users\julia\zeiler-deployment\zeiler_me_pages\EDIT\detlef\geschichte\ceausescu\idylle-und-realitt-unter-ceaucescu, exists: false

=== DIAGNOSTIC LOG for detlef/geschichte/ceausescu/idylle-und-realitt-unter-ceaucescu.md ===
BASE_PATH: "/zeiler_me_pages"
File directory relative: "detlef/geschichte/ceausescu"
Frontmatter images: [
  {
    "url": "/idylle-und-realitt-unter-ceaucescu-1.jpg",
    "alt": ""
  },
  {
    "url": "/idylle-und-realitt-unter-ceaucescu-2.jpg",
    "alt": ""
  }
]
Discovered images: [
  {
    "url": "/detlef/geschichte/ceausescu/idylle-und-realitt-unter-ceaucescu-1.jpg",
    "alt": "Idylle und Realität unter Ceaucescu"
  },
  {
    "url": "/detlef/geschichte/ceausescu/idylle-und-realitt-unter-ceaucescu-2.jpg",
    "alt": "Idylle und Realität unter Ceaucescu"
  }
]
Using discovered images: true
Selected images array: [
  {
    "url": "/detlef/geschichte/ceausescu/idylle-und-realitt-unter-ceaucescu-1.jpg",
    "alt": "Idylle und Realität unter Ceaucescu"
  },
  {
    "url": "/detlef/geschichte/ceausescu/idylle-und-realitt-unter-ceaucescu-2.jpg",
    "alt": "Idylle und Realität unter Ceaucescu"
  }
]
Image URL (no transformation, Astro will add BASE_PATH): "/detlef/geschichte/ceausescu/idylle-und-realitt-unter-ceaucescu-1.jpg"
Image URL (no transformation, Astro will add BASE_PATH): "/detlef/geschichte/ceausescu/idylle-und-realitt-unter-ceaucescu-2.jpg"
Final processed images: [
  {
    "url": "/detlef/geschichte/ceausescu/idylle-und-realitt-unter-ceaucescu-1.jpg",
    "alt": "Idylle und Realität unter Ceaucescu"
  },
  {
    "url": "/detlef/geschichte/ceausescu/idylle-und-realitt-unter-ceaucescu-2.jpg",
    "alt": "Idylle und Realität unter Ceaucescu"
  }
]
=== END DIAGNOSTIC LOG ===


=== RELATIVE LINK FIX ===
Markdown file directory: detlef/geschichte/ceausescu
Deployed URL directory: /detlef/geschichte/ceausescu/idylle-und-realitt-unter-ceaucescu
Markdown depth: 3, Deployed depth: 4
Depth difference: 1 - need to add 1 "../" prefix to relative links
=== END RELATIVE LINK FIX ===

DEBUG: Checking for subdirectory: c:\Users\julia\zeiler-deployment\zeiler_me_pages\EDIT\detlef\geschichte\ceausescu, exists: true

=== DIAGNOSTIC LOG for detlef/geschichte/ceausescu.md ===
BASE_PATH: "/zeiler_me_pages"
File directory relative: "detlef/geschichte"
Frontmatter images: []
Discovered images: []
Using discovered images: false
Selected images array: []
Final processed images: []
=== END DIAGNOSTIC LOG ===


=== RELATIVE LINK FIX ===
Markdown file directory: detlef/geschichte
Deployed URL directory: /detlef/geschichte/ceausescu
Markdown depth: 2, Deployed depth: 3
Depth difference: 1 - need to add 1 "../" prefix to relative links
=== END RELATIVE LINK FIX ===

DEBUG: Checking for subdirectory: c:\Users\julia\zeiler-deployment\zeiler_me_pages\EDIT\detlef\geschichte\das-eiserne-kreuz, exists: false

=== DIAGNOSTIC LOG for detlef/geschichte/das-eiserne-kreuz.md ===
BASE_PATH: "/zeiler_me_pages"
File directory relative: "detlef/geschichte"
Frontmatter images: []
Discovered images: []
Using discovered images: false
Selected images array: []
Final processed images: []
=== END DIAGNOSTIC LOG ===


=== RELATIVE LINK FIX ===
Markdown file directory: detlef/geschichte
Deployed URL directory: /detlef/geschichte/das-eiserne-kreuz
Markdown depth: 2, Deployed depth: 3
Depth difference: 1 - need to add 1 "../" prefix to relative links
=== END RELATIVE LINK FIX ===

DEBUG: Checking for subdirectory: c:\Users\julia\zeiler-deployment\zeiler_me_pages\EDIT\detlef\geschichte\die-mittelschicht-diskussionsthemen, exists: false

=== DIAGNOSTIC LOG for detlef/geschichte/die-mittelschicht-diskussionsthemen.md ===
BASE_PATH: "/zeiler_me_pages"
File directory relative: "detlef/geschichte"
Frontmatter images: []
Discovered images: []
Using discovered images: false
Selected images array: []
Final processed images: []
=== END DIAGNOSTIC LOG ===


=== RELATIVE LINK FIX ===
Markdown file directory: detlef/geschichte
Deployed URL directory: /detlef/geschichte/die-mittelschicht-diskussionsthemen
Markdown depth: 2, Deployed depth: 3
Depth difference: 1 - need to add 1 "../" prefix to relative links
=== END RELATIVE LINK FIX ===

DEBUG: Checking for subdirectory: c:\Users\julia\zeiler-deployment\zeiler_me_pages\EDIT\detlef\geschichte\faschismus-als-massenbewegung\gerusch, exists: false

=== DIAGNOSTIC LOG for detlef/geschichte/faschismus-als-massenbewegung/gerusch.md ===
BASE_PATH: "/zeiler_me_pages"
File directory relative: "detlef/geschichte/faschismus-als-massenbewegung"
Frontmatter images: []
Discovered images: []
Using discovered images: false
Selected images array: []
Final processed images: []
=== END DIAGNOSTIC LOG ===


=== RELATIVE LINK FIX ===
Markdown file directory: detlef/geschichte/faschismus-als-massenbewegung
Deployed URL directory: /detlef/geschichte/faschismus-als-massenbewegung/gerusch
Markdown depth: 3, Deployed depth: 4
Depth difference: 1 - need to add 1 "../" prefix to relative links
  Fixed relative link: gerusch/ -> ../gerusch/
=== END RELATIVE LINK FIX ===

DEBUG: Checking for subdirectory: c:\Users\julia\zeiler-deployment\zeiler_me_pages\EDIT\detlef\geschichte\faschismus-als-massenbewegung-2, exists: false

=== DIAGNOSTIC LOG for detlef/geschichte/faschismus-als-massenbewegung-2.md ===
BASE_PATH: "/zeiler_me_pages"
File directory relative: "detlef/geschichte"
Frontmatter images: [
  {
    "url": "/faschismus-als-massenbewegung-2-1.jpg",
    "alt": ""
  },
  {
    "url": "/faschismus-als-massenbewegung-2-2.jpg",
    "alt": ""
  }
]
Discovered images: [
  {
    "url": "/detlef/geschichte/faschismus-als-massenbewegung-2-1.jpg",
    "alt": "Faschismus im 21. Jahrhundert?"
  },
  {
    "url": "/detlef/geschichte/faschismus-als-massenbewegung-2-2.jpg",
    "alt": "Faschismus im 21. Jahrhundert?"
  }
]
Using discovered images: true
Selected images array: [
  {
    "url": "/detlef/geschichte/faschismus-als-massenbewegung-2-1.jpg",
    "alt": "Faschismus im 21. Jahrhundert?"
  },
  {
    "url": "/detlef/geschichte/faschismus-als-massenbewegung-2-2.jpg",
    "alt": "Faschismus im 21. Jahrhundert?"
  }
]
Image URL (no transformation, Astro will add BASE_PATH): "/detlef/geschichte/faschismus-als-massenbewegung-2-1.jpg"
Image URL (no transformation, Astro will add BASE_PATH): "/detlef/geschichte/faschismus-als-massenbewegung-2-2.jpg"
Final processed images: [
  {
    "url": "/detlef/geschichte/faschismus-als-massenbewegung-2-1.jpg",
    "alt": "Faschismus im 21. Jahrhundert?"
  },
  {
    "url": "/detlef/geschichte/faschismus-als-massenbewegung-2-2.jpg",
    "alt": "Faschismus im 21. Jahrhundert?"
  }
]
=== END DIAGNOSTIC LOG ===


=== RELATIVE LINK FIX ===
Markdown file directory: detlef/geschichte
Deployed URL directory: /detlef/geschichte/faschismus-als-massenbewegung-2
Markdown depth: 2, Deployed depth: 3
Depth difference: 1 - need to add 1 "../" prefix to relative links
  Fixed relative link: faschismus-als-massenbewegung-2/#h.p_ID_32 -> ../faschismus-als-massenbewegung-2/#h.p_ID_32
=== END RELATIVE LINK FIX ===

DEBUG: Checking for subdirectory: c:\Users\julia\zeiler-deployment\zeiler_me_pages\EDIT\detlef\geschichte\faschismus-als-massenbewegung, exists: true

=== DIAGNOSTIC LOG for detlef/geschichte/faschismus-als-massenbewegung.md ===
BASE_PATH: "/zeiler_me_pages"
File directory relative: "detlef/geschichte"
Frontmatter images: []
Discovered images: []
Using discovered images: false
Selected images array: []
Final processed images: []
=== END DIAGNOSTIC LOG ===


=== RELATIVE LINK FIX ===
Markdown file directory: detlef/geschichte
Deployed URL directory: /detlef/geschichte/faschismus-als-massenbewegung
Markdown depth: 2, Deployed depth: 3
Depth difference: 1 - need to add 1 "../" prefix to relative links
  Fixed relative link: faschismus-als-massenbewegung/#h.p_ID_32 -> ../faschismus-als-massenbewegung/#h.p_ID_32
  Fixed relative link: faschismus-als-massenbewegung/#h.p_MGCRfakzAf3c -> ../faschismus-als-massenbewegung/#h.p_MGCRfakzAf3c
  Fixed relative link: faschismus-als-massenbewegung/#h.p_RLQqc13mMZD2 -> ../faschismus-als-massenbewegung/#h.p_RLQqc13mMZD2
  Fixed relative link: faschismus-als-massenbewegung/#h.p_ID_47 -> ../faschismus-als-massenbewegung/#h.p_ID_47
  Fixed relative link: faschismus-als-massenbewegung/#h.p_ID_58 -> ../faschismus-als-massenbewegung/#h.p_ID_58
  Fixed relative link: faschismus-als-massenbewegung/#h.p_ID_69 -> ../faschismus-als-massenbewegung/#h.p_ID_69
  Fixed relative link: faschismus-als-massenbewegung/#h.p_ID_71 -> ../faschismus-als-massenbewegung/#h.p_ID_71
  Fixed relative link: faschismus-als-massenbewegung/#h.p_ID_73 -> ../faschismus-als-massenbewegung/#h.p_ID_73
  Fixed relative link: faschismus-als-massenbewegung/#h.p_ID_75 -> ../faschismus-als-massenbewegung/#h.p_ID_75
  Fixed relative link: faschismus-als-massenbewegung/#h.p_ID_77 -> ../faschismus-als-massenbewegung/#h.p_ID_77
  Fixed relative link: faschismus-als-massenbewegung/#h.p_ID_79 -> ../faschismus-als-massenbewegung/#h.p_ID_79
  Fixed relative link: faschismus-als-massenbewegung/#h.p_ID_81 -> ../faschismus-als-massenbewegung/#h.p_ID_81
  Fixed relative link: faschismus-als-massenbewegung/#h.p_ID_83 -> ../faschismus-als-massenbewegung/#h.p_ID_83
  Fixed relative link: faschismus-als-massenbewegung/#h.p_ID_85 -> ../faschismus-als-massenbewegung/#h.p_ID_85
  Fixed relative link: faschismus-als-massenbewegung/#h.p_ID_87 -> ../faschismus-als-massenbewegung/#h.p_ID_87
  Fixed relative link: faschismus-als-massenbewegung/#h.p_ID_89 -> ../faschismus-als-massenbewegung/#h.p_ID_89
  Fixed relative link: faschismus-als-massenbewegung/#h.p_ID_91 -> ../faschismus-als-massenbewegung/#h.p_ID_91
  Fixed relative link: faschismus-als-massenbewegung/#h.p_ID_93 -> ../faschismus-als-massenbewegung/#h.p_ID_93
  Fixed relative link: faschismus-als-massenbewegung/#h.p_ID_95 -> ../faschismus-als-massenbewegung/#h.p_ID_95
  Fixed relative link: faschismus-als-massenbewegung/#h.p_ID_97 -> ../faschismus-als-massenbewegung/#h.p_ID_97
  Fixed relative link: faschismus-als-massenbewegung/#h.p_ID_99 -> ../faschismus-als-massenbewegung/#h.p_ID_99
  Fixed relative link: faschismus-als-massenbewegung/#h.p_ID_101 -> ../faschismus-als-massenbewegung/#h.p_ID_101
  Fixed relative link: faschismus-als-massenbewegung/#h.p_ID_103 -> ../faschismus-als-massenbewegung/#h.p_ID_103
  Fixed relative link: faschismus-als-massenbewegung/#h.p_ID_105 -> ../faschismus-als-massenbewegung/#h.p_ID_105
  Fixed relative link: faschismus-als-massenbewegung/#h.p_ID_107 -> ../faschismus-als-massenbewegung/#h.p_ID_107
  Fixed relative link: faschismus-als-massenbewegung/#h.p_ID_109 -> ../faschismus-als-massenbewegung/#h.p_ID_109
  Fixed relative link: faschismus-als-massenbewegung/#h.p_ID_111 -> ../faschismus-als-massenbewegung/#h.p_ID_111
  Fixed relative link: faschismus-als-massenbewegung/#h.p_ID_113 -> ../faschismus-als-massenbewegung/#h.p_ID_113
  Fixed relative link: faschismus-als-massenbewegung/#h.p_ID_115 -> ../faschismus-als-massenbewegung/#h.p_ID_115
  Fixed relative link: faschismus-als-massenbewegung/#h.p_ID_117 -> ../faschismus-als-massenbewegung/#h.p_ID_117
  Fixed relative link: faschismus-als-massenbewegung/#h.p_ID_119 -> ../faschismus-als-massenbewegung/#h.p_ID_119
  Fixed relative link: faschismus-als-massenbewegung/#h.p_ID_121 -> ../faschismus-als-massenbewegung/#h.p_ID_121
  Fixed relative link: faschismus-als-massenbewegung/#h.p_ID_123 -> ../faschismus-als-massenbewegung/#h.p_ID_123
  Fixed relative link: faschismus-als-massenbewegung/#h.p_ID_125 -> ../faschismus-als-massenbewegung/#h.p_ID_125
  Fixed relative link: faschismus-als-massenbewegung/#h.p_ID_127 -> ../faschismus-als-massenbewegung/#h.p_ID_127
  Fixed relative link: faschismus-als-massenbewegung/#h.p_ID_129 -> ../faschismus-als-massenbewegung/#h.p_ID_129
  Fixed relative link: faschismus-als-massenbewegung/#h.p_ID_131 -> ../faschismus-als-massenbewegung/#h.p_ID_131
  Fixed relative link: faschismus-als-massenbewegung/#h.p_ID_133 -> ../faschismus-als-massenbewegung/#h.p_ID_133
  Fixed relative link: faschismus-als-massenbewegung/#h.p_ID_135 -> ../faschismus-als-massenbewegung/#h.p_ID_135
  Fixed relative link: faschismus-als-massenbewegung/#h.p_ID_137 -> ../faschismus-als-massenbewegung/#h.p_ID_137
  Fixed relative link: faschismus-als-massenbewegung/#h.p_ID_139 -> ../faschismus-als-massenbewegung/#h.p_ID_139
  Fixed relative link: faschismus-als-massenbewegung/#h.p_ID_141 -> ../faschismus-als-massenbewegung/#h.p_ID_141
  Fixed relative link: faschismus-als-massenbewegung/#h.p_ID_143 -> ../faschismus-als-massenbewegung/#h.p_ID_143
  Fixed relative link: faschismus-als-massenbewegung/#h.p_ID_145 -> ../faschismus-als-massenbewegung/#h.p_ID_145
  Fixed relative link: faschismus-als-massenbewegung/#h.p_ID_147 -> ../faschismus-als-massenbewegung/#h.p_ID_147
  Fixed relative link: faschismus-als-massenbewegung/#h.p_ID_149 -> ../faschismus-als-massenbewegung/#h.p_ID_149
  Fixed relative link: faschismus-als-massenbewegung/#h.p_ID_151 -> ../faschismus-als-massenbewegung/#h.p_ID_151
  Fixed relative link: faschismus-als-massenbewegung/#h.p_ID_153 -> ../faschismus-als-massenbewegung/#h.p_ID_153
  Fixed relative link: faschismus-als-massenbewegung/#h.p_ID_155 -> ../faschismus-als-massenbewegung/#h.p_ID_155
  Fixed relative link: faschismus-als-massenbewegung/#h.p_ID_157 -> ../faschismus-als-massenbewegung/#h.p_ID_157
  Fixed relative link: faschismus-als-massenbewegung/#h.p_ID_159 -> ../faschismus-als-massenbewegung/#h.p_ID_159
  Fixed relative link: faschismus-als-massenbewegung/#h.p_ID_161 -> ../faschismus-als-massenbewegung/#h.p_ID_161
  Fixed relative link: faschismus-als-massenbewegung/#h.p_ID_163 -> ../faschismus-als-massenbewegung/#h.p_ID_163
  Fixed relative link: faschismus-als-massenbewegung/#h.p_ID_165 -> ../faschismus-als-massenbewegung/#h.p_ID_165
  Fixed relative link: faschismus-als-massenbewegung/#h.p_ID_167 -> ../faschismus-als-massenbewegung/#h.p_ID_167
  Fixed relative link: faschismus-als-massenbewegung/#h.p_ID_169 -> ../faschismus-als-massenbewegung/#h.p_ID_169
  Fixed relative link: faschismus-als-massenbewegung/#h.p_ID_171 -> ../faschismus-als-massenbewegung/#h.p_ID_171
  Fixed relative link: faschismus-als-massenbewegung/#h.p_ID_173 -> ../faschismus-als-massenbewegung/#h.p_ID_173
  Fixed relative link: faschismus-als-massenbewegung/#h.p_ID_175 -> ../faschismus-als-massenbewegung/#h.p_ID_175
  Fixed relative link: faschismus-als-massenbewegung/#h.p_ID_177 -> ../faschismus-als-massenbewegung/#h.p_ID_177
  Fixed relative link: faschismus-als-massenbewegung/#h.p_ID_179 -> ../faschismus-als-massenbewegung/#h.p_ID_179
  Fixed relative link: faschismus-als-massenbewegung/#h.p_ID_181 -> ../faschismus-als-massenbewegung/#h.p_ID_181
  Fixed relative link: faschismus-als-massenbewegung/#h.p_ID_183 -> ../faschismus-als-massenbewegung/#h.p_ID_183
  Fixed relative link: faschismus-als-massenbewegung/#h.p_ID_185 -> ../faschismus-als-massenbewegung/#h.p_ID_185
  Fixed relative link: faschismus-als-massenbewegung/#h.p_ID_187 -> ../faschismus-als-massenbewegung/#h.p_ID_187
  Fixed relative link: faschismus-als-massenbewegung/#h.p_ID_189 -> ../faschismus-als-massenbewegung/#h.p_ID_189
  Fixed relative link: faschismus-als-massenbewegung/#h.p_ID_191 -> ../faschismus-als-massenbewegung/#h.p_ID_191
  Fixed relative link: faschismus-als-massenbewegung/#h.p_ID_193 -> ../faschismus-als-massenbewegung/#h.p_ID_193
  Fixed relative link: faschismus-als-massenbewegung/#h.p_ID_195 -> ../faschismus-als-massenbewegung/#h.p_ID_195
  Fixed relative link: faschismus-als-massenbewegung/#h.p_ID_197 -> ../faschismus-als-massenbewegung/#h.p_ID_197
  Fixed relative link: faschismus-als-massenbewegung/#h.p_ID_199 -> ../faschismus-als-massenbewegung/#h.p_ID_199
  Fixed relative link: faschismus-als-massenbewegung/#h.p_ID_201 -> ../faschismus-als-massenbewegung/#h.p_ID_201
  Fixed relative link: faschismus-als-massenbewegung/#h.p_ID_203 -> ../faschismus-als-massenbewegung/#h.p_ID_203
  Fixed relative link: faschismus-als-massenbewegung/#h.p_ID_205 -> ../faschismus-als-massenbewegung/#h.p_ID_205
  Fixed relative link: faschismus-als-massenbewegung/#h.p_ID_207 -> ../faschismus-als-massenbewegung/#h.p_ID_207
  Fixed relative link: faschismus-als-massenbewegung/#h.p_ID_209 -> ../faschismus-als-massenbewegung/#h.p_ID_209
  Fixed relative link: faschismus-als-massenbewegung/#h.p_ID_211 -> ../faschismus-als-massenbewegung/#h.p_ID_211
  Fixed relative link: faschismus-als-massenbewegung/#h.p_ID_213 -> ../faschismus-als-massenbewegung/#h.p_ID_213
  Fixed relative link: faschismus-als-massenbewegung/#h.p_ID_215 -> ../faschismus-als-massenbewegung/#h.p_ID_215
  Fixed relative link: faschismus-als-massenbewegung/#h.p_ID_217 -> ../faschismus-als-massenbewegung/#h.p_ID_217
  Fixed relative link: faschismus-als-massenbewegung/#h.p_ID_219 -> ../faschismus-als-massenbewegung/#h.p_ID_219
  Fixed relative link: faschismus-als-massenbewegung/#h.p_ID_221 -> ../faschismus-als-massenbewegung/#h.p_ID_221
  Fixed relative link: faschismus-als-massenbewegung/#h.p_ID_223 -> ../faschismus-als-massenbewegung/#h.p_ID_223
  Fixed relative link: faschismus-als-massenbewegung/#h.p_ID_225 -> ../faschismus-als-massenbewegung/#h.p_ID_225
  Fixed relative link: faschismus-als-massenbewegung/#h.p_ID_227 -> ../faschismus-als-massenbewegung/#h.p_ID_227
  Fixed relative link: faschismus-als-massenbewegung/#h.p_ID_229 -> ../faschismus-als-massenbewegung/#h.p_ID_229
  Fixed relative link: faschismus-als-massenbewegung/#h.p_ID_231 -> ../faschismus-als-massenbewegung/#h.p_ID_231
  Fixed relative link: faschismus-als-massenbewegung/#h.p_ID_233 -> ../faschismus-als-massenbewegung/#h.p_ID_233
  Fixed relative link: faschismus-als-massenbewegung/#h.p_ID_235 -> ../faschismus-als-massenbewegung/#h.p_ID_235
  Fixed relative link: faschismus-als-massenbewegung/#h.p_ID_237 -> ../faschismus-als-massenbewegung/#h.p_ID_237
  Fixed relative link: faschismus-als-massenbewegung/#h.p_ID_239 -> ../faschismus-als-massenbewegung/#h.p_ID_239
  Fixed relative link: faschismus-als-massenbewegung/#h.p_ID_241 -> ../faschismus-als-massenbewegung/#h.p_ID_241
  Fixed relative link: faschismus-als-massenbewegung/#h.p_ID_243 -> ../faschismus-als-massenbewegung/#h.p_ID_243
  Fixed relative link: faschismus-als-massenbewegung/#h.p_ID_245 -> ../faschismus-als-massenbewegung/#h.p_ID_245
=== END RELATIVE LINK FIX ===

DEBUG: Checking for subdirectory: c:\Users\julia\zeiler-deployment\zeiler_me_pages\EDIT\detlef\geschichte\gerchte, exists: false

=== DIAGNOSTIC LOG for detlef/geschichte/gerchte.md ===
BASE_PATH: "/zeiler_me_pages"
File directory relative: "detlef/geschichte"
Frontmatter images: [
  {
    "url": "/gerchte-1.jpg",
    "alt": "Gerücht"
  }
]
Discovered images: [
  {
    "url": "/detlef/geschichte/gerchte-1.jpg",
    "alt": "Gerüchte"
  }
]
Using discovered images: true
Selected images array: [
  {
    "url": "/detlef/geschichte/gerchte-1.jpg",
    "alt": "Gerüchte"
  }
]
Image URL (no transformation, Astro will add BASE_PATH): "/detlef/geschichte/gerchte-1.jpg"
Final processed images: [
  {
    "url": "/detlef/geschichte/gerchte-1.jpg",
    "alt": "Gerüchte"
  }
]
=== END DIAGNOSTIC LOG ===


=== RELATIVE LINK FIX ===
Markdown file directory: detlef/geschichte
Deployed URL directory: /detlef/geschichte/gerchte
Markdown depth: 2, Deployed depth: 3
Depth difference: 1 - need to add 1 "../" prefix to relative links
  Fixed relative link: gerchte-1.jpg -> ../gerchte-1.jpg
=== END RELATIVE LINK FIX ===

DEBUG: Checking for subdirectory: c:\Users\julia\zeiler-deployment\zeiler_me_pages\EDIT\detlef\geschichte\geschichte-des-neckars-und-des-philosophenwegs-ludwig-merzotto-jger, exists: false

=== DIAGNOSTIC LOG for detlef/geschichte/geschichte-des-neckars-und-des-philosophenwegs-ludwig-merzotto-jger.md ===
BASE_PATH: "/zeiler_me_pages"
File directory relative: "detlef/geschichte"
Frontmatter images: []
Discovered images: []
Using discovered images: false
Selected images array: []
Final processed images: []
=== END DIAGNOSTIC LOG ===


=== RELATIVE LINK FIX ===
Markdown file directory: detlef/geschichte
Deployed URL directory: /detlef/geschichte/geschichte-des-neckars-und-des-philosophenwegs-ludwig-merzotto-jger
Markdown depth: 2, Deployed depth: 3
Depth difference: 1 - need to add 1 "../" prefix to relative links
=== END RELATIVE LINK FIX ===

DEBUG: Checking for subdirectory: c:\Users\julia\zeiler-deployment\zeiler_me_pages\EDIT\detlef\geschichte\grenzen-ii, exists: false

=== DIAGNOSTIC LOG for detlef/geschichte/grenzen-ii.md ===
BASE_PATH: "/zeiler_me_pages"
File directory relative: "detlef/geschichte"
Frontmatter images: []
Discovered images: []
Using discovered images: false
Selected images array: []
Final processed images: []
=== END DIAGNOSTIC LOG ===


=== RELATIVE LINK FIX ===
Markdown file directory: detlef/geschichte
Deployed URL directory: /detlef/geschichte/grenzen-ii
Markdown depth: 2, Deployed depth: 3
Depth difference: 1 - need to add 1 "../" prefix to relative links
=== END RELATIVE LINK FIX ===

DEBUG: Checking for subdirectory: c:\Users\julia\zeiler-deployment\zeiler_me_pages\EDIT\detlef\geschichte\grenzen-iii, exists: false

=== DIAGNOSTIC LOG for detlef/geschichte/grenzen-iii.md ===
BASE_PATH: "/zeiler_me_pages"
File directory relative: "detlef/geschichte"
Frontmatter images: []
Discovered images: []
Using discovered images: false
Selected images array: []
Final processed images: []
=== END DIAGNOSTIC LOG ===


=== RELATIVE LINK FIX ===
Markdown file directory: detlef/geschichte
Deployed URL directory: /detlef/geschichte/grenzen-iii
Markdown depth: 2, Deployed depth: 3
Depth difference: 1 - need to add 1 "../" prefix to relative links
=== END RELATIVE LINK FIX ===

DEBUG: Checking for subdirectory: c:\Users\julia\zeiler-deployment\zeiler_me_pages\EDIT\detlef\geschichte\grenzen, exists: false

=== DIAGNOSTIC LOG for detlef/geschichte/grenzen.md ===
BASE_PATH: "/zeiler_me_pages"
File directory relative: "detlef/geschichte"
Frontmatter images: []
Discovered images: []
Using discovered images: false
Selected images array: []
Final processed images: []
=== END DIAGNOSTIC LOG ===


=== RELATIVE LINK FIX ===
Markdown file directory: detlef/geschichte
Deployed URL directory: /detlef/geschichte/grenzen
Markdown depth: 2, Deployed depth: 3
Depth difference: 1 - need to add 1 "../" prefix to relative links
=== END RELATIVE LINK FIX ===

DEBUG: Checking for subdirectory: c:\Users\julia\zeiler-deployment\zeiler_me_pages\EDIT\detlef\geschichte\hooligans---angry-young-men, exists: false

=== DIAGNOSTIC LOG for detlef/geschichte/hooligans---angry-young-men.md ===
BASE_PATH: "/zeiler_me_pages"
File directory relative: "detlef/geschichte"
Frontmatter images: []
Discovered images: []
Using discovered images: false
Selected images array: []
Final processed images: []
=== END DIAGNOSTIC LOG ===


=== RELATIVE LINK FIX ===
Markdown file directory: detlef/geschichte
Deployed URL directory: /detlef/geschichte/hooligans---angry-young-men
Markdown depth: 2, Deployed depth: 3
Depth difference: 1 - need to add 1 "../" prefix to relative links
=== END RELATIVE LINK FIX ===

DEBUG: Checking for subdirectory: c:\Users\julia\zeiler-deployment\zeiler_me_pages\EDIT\detlef\geschichte\integration, exists: false

=== DIAGNOSTIC LOG for detlef/geschichte/integration.md ===
BASE_PATH: "/zeiler_me_pages"
File directory relative: "detlef/geschichte"
Frontmatter images: [
  {
    "url": "/integration-1.jpg",
    "alt": ""
  },
  {
    "url": "/integration-2.jpg",
    "alt": ""
  }
]
Discovered images: [
  {
    "url": "/detlef/geschichte/integration-1.jpg",
    "alt": "Integration"
  },
  {
    "url": "/detlef/geschichte/integration-2.jpg",
    "alt": "Integration"
  }
]
Using discovered images: true
Selected images array: [
  {
    "url": "/detlef/geschichte/integration-1.jpg",
    "alt": "Integration"
  },
  {
    "url": "/detlef/geschichte/integration-2.jpg",
    "alt": "Integration"
  }
]
Image URL (no transformation, Astro will add BASE_PATH): "/detlef/geschichte/integration-1.jpg"
Image URL (no transformation, Astro will add BASE_PATH): "/detlef/geschichte/integration-2.jpg"
Final processed images: [
  {
    "url": "/detlef/geschichte/integration-1.jpg",
    "alt": "Integration"
  },
  {
    "url": "/detlef/geschichte/integration-2.jpg",
    "alt": "Integration"
  }
]
=== END DIAGNOSTIC LOG ===


=== RELATIVE LINK FIX ===
Markdown file directory: detlef/geschichte
Deployed URL directory: /detlef/geschichte/integration
Markdown depth: 2, Deployed depth: 3
Depth difference: 1 - need to add 1 "../" prefix to relative links
  Fixed relative link: integration/#sdfootnote1sym -> ../integration/#sdfootnote1sym
  Fixed relative link: integration/#sdfootnote1anc -> ../integration/#sdfootnote1anc
=== END RELATIVE LINK FIX ===

DEBUG: Checking for subdirectory: c:\Users\julia\zeiler-deployment\zeiler_me_pages\EDIT\detlef\geschichte\jeremia, exists: false

=== DIAGNOSTIC LOG for detlef/geschichte/jeremia.md ===
BASE_PATH: "/zeiler_me_pages"
File directory relative: "detlef/geschichte"
Frontmatter images: []
Discovered images: []
Using discovered images: false
Selected images array: []
Final processed images: []
=== END DIAGNOSTIC LOG ===


=== RELATIVE LINK FIX ===
Markdown file directory: detlef/geschichte
Deployed URL directory: /detlef/geschichte/jeremia
Markdown depth: 2, Deployed depth: 3
Depth difference: 1 - need to add 1 "../" prefix to relative links
=== END RELATIVE LINK FIX ===

DEBUG: Checking for subdirectory: c:\Users\julia\zeiler-deployment\zeiler_me_pages\EDIT\detlef\geschichte\knstliche-feindschaften, exists: false

=== DIAGNOSTIC LOG for detlef/geschichte/knstliche-feindschaften.md ===
BASE_PATH: "/zeiler_me_pages"
File directory relative: "detlef/geschichte"
Frontmatter images: []
Discovered images: []
Using discovered images: false
Selected images array: []
Final processed images: []
=== END DIAGNOSTIC LOG ===


=== RELATIVE LINK FIX ===
Markdown file directory: detlef/geschichte
Deployed URL directory: /detlef/geschichte/knstliche-feindschaften
Markdown depth: 2, Deployed depth: 3
Depth difference: 1 - need to add 1 "../" prefix to relative links
=== END RELATIVE LINK FIX ===

DEBUG: Checking for subdirectory: c:\Users\julia\zeiler-deployment\zeiler_me_pages\EDIT\detlef\geschichte\kontrollsysteme, exists: false

=== DIAGNOSTIC LOG for detlef/geschichte/kontrollsysteme.md ===
BASE_PATH: "/zeiler_me_pages"
File directory relative: "detlef/geschichte"
Frontmatter images: []
Discovered images: []
Using discovered images: false
Selected images array: []
Final processed images: []
=== END DIAGNOSTIC LOG ===


=== RELATIVE LINK FIX ===
Markdown file directory: detlef/geschichte
Deployed URL directory: /detlef/geschichte/kontrollsysteme
Markdown depth: 2, Deployed depth: 3
Depth difference: 1 - need to add 1 "../" prefix to relative links
=== END RELATIVE LINK FIX ===

DEBUG: Checking for subdirectory: c:\Users\julia\zeiler-deployment\zeiler_me_pages\EDIT\detlef\geschichte\mein--onkel-emil, exists: false

=== DIAGNOSTIC LOG for detlef/geschichte/mein--onkel-emil.md ===
BASE_PATH: "/zeiler_me_pages"
File directory relative: "detlef/geschichte"
Frontmatter images: [
  {
    "url": "/mein--onkel-emil-1.jpg",
    "alt": ""
  }
]
Discovered images: [
  {
    "url": "/detlef/geschichte/mein--onkel-emil-1.jpg",
    "alt": "Mein  Onkel Emil"
  }
]
Using discovered images: true
Selected images array: [
  {
    "url": "/detlef/geschichte/mein--onkel-emil-1.jpg",
    "alt": "Mein  Onkel Emil"
  }
]
Image URL (no transformation, Astro will add BASE_PATH): "/detlef/geschichte/mein--onkel-emil-1.jpg"
Final processed images: [
  {
    "url": "/detlef/geschichte/mein--onkel-emil-1.jpg",
    "alt": "Mein  Onkel Emil"
  }
]
=== END DIAGNOSTIC LOG ===


=== RELATIVE LINK FIX ===
Markdown file directory: detlef/geschichte
Deployed URL directory: /detlef/geschichte/mein--onkel-emil
Markdown depth: 2, Deployed depth: 3
Depth difference: 1 - need to add 1 "../" prefix to relative links
=== END RELATIVE LINK FIX ===

DEBUG: Checking for subdirectory: c:\Users\julia\zeiler-deployment\zeiler_me_pages\EDIT\detlef\geschichte\mein-grovater-rudolf-zeiler\rudolf-zeiler, exists: false

=== DIAGNOSTIC LOG for detlef/geschichte/mein-grovater-rudolf-zeiler/rudolf-zeiler.md ===
BASE_PATH: "/zeiler_me_pages"
File directory relative: "detlef/geschichte/mein-grovater-rudolf-zeiler"
Frontmatter images: []
Discovered images: []
Using discovered images: false
Selected images array: []
Final processed images: []
=== END DIAGNOSTIC LOG ===


=== RELATIVE LINK FIX ===
Markdown file directory: detlef/geschichte/mein-grovater-rudolf-zeiler
Deployed URL directory: /detlef/geschichte/mein-grovater-rudolf-zeiler/rudolf-zeiler
Markdown depth: 3, Deployed depth: 4
Depth difference: 1 - need to add 1 "../" prefix to relative links
=== END RELATIVE LINK FIX ===

DEBUG: Checking for subdirectory: c:\Users\julia\zeiler-deployment\zeiler_me_pages\EDIT\detlef\geschichte\mein-grovater-rudolf-zeiler, exists: true

=== DIAGNOSTIC LOG for detlef/geschichte/mein-grovater-rudolf-zeiler.md ===
BASE_PATH: "/zeiler_me_pages"
File directory relative: "detlef/geschichte"
Frontmatter images: [
  {
    "url": "/mein-grovater-rudolf-zeiler-1.jpg",
    "alt": ""
  },
  {
    "url": "/mein-grovater-rudolf-zeiler-2.jpg",
    "alt": ""
  }
]
Discovered images: [
  {
    "url": "/detlef/geschichte/mein-grovater-rudolf-zeiler/mein-grovater-rudolf-zeiler-1.jpg",
    "alt": "Mein Großvater Rudolf Zeiler"
  },
  {
    "url": "/detlef/geschichte/mein-grovater-rudolf-zeiler/mein-grovater-rudolf-zeiler-2.jpg",
    "alt": "Mein Großvater Rudolf Zeiler"
  }
]
Using discovered images: true
Selected images array: [
  {
    "url": "/detlef/geschichte/mein-grovater-rudolf-zeiler/mein-grovater-rudolf-zeiler-1.jpg",
    "alt": "Mein Großvater Rudolf Zeiler"
  },
  {
    "url": "/detlef/geschichte/mein-grovater-rudolf-zeiler/mein-grovater-rudolf-zeiler-2.jpg",
    "alt": "Mein Großvater Rudolf Zeiler"
  }
]
Image URL (no transformation, Astro will add BASE_PATH): "/detlef/geschichte/mein-grovater-rudolf-zeiler/mein-grovater-rudolf-zeiler-1.jpg"
Image URL (no transformation, Astro will add BASE_PATH): "/detlef/geschichte/mein-grovater-rudolf-zeiler/mein-grovater-rudolf-zeiler-2.jpg"
Final processed images: [
  {
    "url": "/detlef/geschichte/mein-grovater-rudolf-zeiler/mein-grovater-rudolf-zeiler-1.jpg",
    "alt": "Mein Großvater Rudolf Zeiler"
  },
  {
    "url": "/detlef/geschichte/mein-grovater-rudolf-zeiler/mein-grovater-rudolf-zeiler-2.jpg",
    "alt": "Mein Großvater Rudolf Zeiler"
  }
]
=== END DIAGNOSTIC LOG ===


=== RELATIVE LINK FIX ===
Markdown file directory: detlef/geschichte
Deployed URL directory: /detlef/geschichte/mein-grovater-rudolf-zeiler
Markdown depth: 2, Deployed depth: 3
Depth difference: 1 - need to add 1 "../" prefix to relative links
=== END RELATIVE LINK FIX ===

DEBUG: Checking for subdirectory: c:\Users\julia\zeiler-deployment\zeiler_me_pages\EDIT\detlef\geschichte\modellskizze-einer-menschlichen-moral, exists: false

=== DIAGNOSTIC LOG for detlef/geschichte/modellskizze-einer-menschlichen-moral.md ===
BASE_PATH: "/zeiler_me_pages"
File directory relative: "detlef/geschichte"
Frontmatter images: [
  {
    "url": "/modellskizze-einer-menschlichen-moral-1.jpg",
    "alt": ""
  }
]
Discovered images: [
  {
    "url": "/detlef/geschichte/modellskizze-einer-menschlichen-moral-1.jpg",
    "alt": "Modellskizze einer menschlichen Moral"
  }
]
Using discovered images: true
Selected images array: [
  {
    "url": "/detlef/geschichte/modellskizze-einer-menschlichen-moral-1.jpg",
    "alt": "Modellskizze einer menschlichen Moral"
  }
]
Image URL (no transformation, Astro will add BASE_PATH): "/detlef/geschichte/modellskizze-einer-menschlichen-moral-1.jpg"
Final processed images: [
  {
    "url": "/detlef/geschichte/modellskizze-einer-menschlichen-moral-1.jpg",
    "alt": "Modellskizze einer menschlichen Moral"
  }
]
=== END DIAGNOSTIC LOG ===


=== RELATIVE LINK FIX ===
Markdown file directory: detlef/geschichte
Deployed URL directory: /detlef/geschichte/modellskizze-einer-menschlichen-moral
Markdown depth: 2, Deployed depth: 3
Depth difference: 1 - need to add 1 "../" prefix to relative links
=== END RELATIVE LINK FIX ===

DEBUG: Checking for subdirectory: c:\Users\julia\zeiler-deployment\zeiler_me_pages\EDIT\detlef\geschichte\nationen, exists: false

=== DIAGNOSTIC LOG for detlef/geschichte/nationen.md ===
BASE_PATH: "/zeiler_me_pages"
File directory relative: "detlef/geschichte"
Frontmatter images: []
Discovered images: []
Using discovered images: false
Selected images array: []
Final processed images: []
=== END DIAGNOSTIC LOG ===


=== RELATIVE LINK FIX ===
Markdown file directory: detlef/geschichte
Deployed URL directory: /detlef/geschichte/nationen
Markdown depth: 2, Deployed depth: 3
Depth difference: 1 - need to add 1 "../" prefix to relative links
=== END RELATIVE LINK FIX ===

DEBUG: Checking for subdirectory: c:\Users\julia\zeiler-deployment\zeiler_me_pages\EDIT\detlef\geschichte\nicht-tdliche-waffen, exists: false

=== DIAGNOSTIC LOG for detlef/geschichte/nicht-tdliche-waffen.md ===
BASE_PATH: "/zeiler_me_pages"
File directory relative: "detlef/geschichte"
Frontmatter images: [
  {
    "url": "/nicht-tdliche-waffen-1.jpg",
    "alt": ""
  },
  {
    "url": "/nicht-tdliche-waffen-2.jpg",
    "alt": ""
  },
  {
    "url": "/nicht-tdliche-waffen-3.jpg",
    "alt": ""
  }
]
Discovered images: [
  {
    "url": "/detlef/geschichte/nicht-tdliche-waffen-1.jpg",
    "alt": "tödliche Waffen"
  },
  {
    "url": "/detlef/geschichte/nicht-tdliche-waffen-2.jpg",
    "alt": "tödliche Waffen"
  },
  {
    "url": "/detlef/geschichte/nicht-tdliche-waffen-3.jpg",
    "alt": "tödliche Waffen"
  }
]
Using discovered images: true
Selected images array: [
  {
    "url": "/detlef/geschichte/nicht-tdliche-waffen-1.jpg",
    "alt": "tödliche Waffen"
  },
  {
    "url": "/detlef/geschichte/nicht-tdliche-waffen-2.jpg",
    "alt": "tödliche Waffen"
  },
  {
    "url": "/detlef/geschichte/nicht-tdliche-waffen-3.jpg",
    "alt": "tödliche Waffen"
  }
]
Image URL (no transformation, Astro will add BASE_PATH): "/detlef/geschichte/nicht-tdliche-waffen-1.jpg"
Image URL (no transformation, Astro will add BASE_PATH): "/detlef/geschichte/nicht-tdliche-waffen-2.jpg"
Image URL (no transformation, Astro will add BASE_PATH): "/detlef/geschichte/nicht-tdliche-waffen-3.jpg"
Final processed images: [
  {
    "url": "/detlef/geschichte/nicht-tdliche-waffen-1.jpg",
    "alt": "tödliche Waffen"
  },
  {
    "url": "/detlef/geschichte/nicht-tdliche-waffen-2.jpg",
    "alt": "tödliche Waffen"
  },
  {
    "url": "/detlef/geschichte/nicht-tdliche-waffen-3.jpg",
    "alt": "tödliche Waffen"
  }
]
=== END DIAGNOSTIC LOG ===


=== RELATIVE LINK FIX ===
Markdown file directory: detlef/geschichte
Deployed URL directory: /detlef/geschichte/nicht-tdliche-waffen
Markdown depth: 2, Deployed depth: 3
Depth difference: 1 - need to add 1 "../" prefix to relative links
=== END RELATIVE LINK FIX ===

DEBUG: Checking for subdirectory: c:\Users\julia\zeiler-deployment\zeiler_me_pages\EDIT\detlef\geschichte\sind-wir-nur-tiere, exists: false

=== DIAGNOSTIC LOG for detlef/geschichte/sind-wir-nur-tiere.md ===
BASE_PATH: "/zeiler_me_pages"
File directory relative: "detlef/geschichte"
Frontmatter images: []
Discovered images: []
Using discovered images: false
Selected images array: []
Final processed images: []
=== END DIAGNOSTIC LOG ===


=== RELATIVE LINK FIX ===
Markdown file directory: detlef/geschichte
Deployed URL directory: /detlef/geschichte/sind-wir-nur-tiere
Markdown depth: 2, Deployed depth: 3
Depth difference: 1 - need to add 1 "../" prefix to relative links
=== END RELATIVE LINK FIX ===

DEBUG: Checking for subdirectory: c:\Users\julia\zeiler-deployment\zeiler_me_pages\EDIT\detlef\geschichte\thalmann, exists: false

=== DIAGNOSTIC LOG for detlef/geschichte/thalmann.md ===
BASE_PATH: "/zeiler_me_pages"
File directory relative: "detlef/geschichte"
Frontmatter images: [
  {
    "url": "/thalmann-1.jpg",
    "alt": ""
  },
  {
    "url": "/thalmann-2.jpg",
    "alt": ""
  },
  {
    "url": "/thalmann-3.jpg",
    "alt": ""
  },
  {
    "url": "/thalmann-4.jpg",
    "alt": ""
  },
  {
    "url": "/thalmann-5.jpg",
    "alt": ""
  },
  {
    "url": "/thalmann-6.jpg",
    "alt": ""
  }
]
Discovered images: [
  {
    "url": "/detlef/geschichte/thalmann-1.jpg",
    "alt": "1980)"
  },
  {
    "url": "/detlef/geschichte/thalmann-2.jpg",
    "alt": "1980)"
  },
  {
    "url": "/detlef/geschichte/thalmann-3.jpg",
    "alt": "1980)"
  },
  {
    "url": "/detlef/geschichte/thalmann-4.jpg",
    "alt": "1980)"
  },
  {
    "url": "/detlef/geschichte/thalmann-5.jpg",
    "alt": "1980)"
  },
  {
    "url": "/detlef/geschichte/thalmann-6.jpg",
    "alt": "1980)"
  }
]
Using discovered images: true
Selected images array: [
  {
    "url": "/detlef/geschichte/thalmann-1.jpg",
    "alt": "1980)"
  },
  {
    "url": "/detlef/geschichte/thalmann-2.jpg",
    "alt": "1980)"
  },
  {
    "url": "/detlef/geschichte/thalmann-3.jpg",
    "alt": "1980)"
  },
  {
    "url": "/detlef/geschichte/thalmann-4.jpg",
    "alt": "1980)"
  },
  {
    "url": "/detlef/geschichte/thalmann-5.jpg",
    "alt": "1980)"
  },
  {
    "url": "/detlef/geschichte/thalmann-6.jpg",
    "alt": "1980)"
  }
]
Image URL (no transformation, Astro will add BASE_PATH): "/detlef/geschichte/thalmann-1.jpg"
Image URL (no transformation, Astro will add BASE_PATH): "/detlef/geschichte/thalmann-2.jpg"
Image URL (no transformation, Astro will add BASE_PATH): "/detlef/geschichte/thalmann-3.jpg"
Image URL (no transformation, Astro will add BASE_PATH): "/detlef/geschichte/thalmann-4.jpg"
Image URL (no transformation, Astro will add BASE_PATH): "/detlef/geschichte/thalmann-5.jpg"
Image URL (no transformation, Astro will add BASE_PATH): "/detlef/geschichte/thalmann-6.jpg"
Final processed images: [
  {
    "url": "/detlef/geschichte/thalmann-1.jpg",
    "alt": "1980)"
  },
  {
    "url": "/detlef/geschichte/thalmann-2.jpg",
    "alt": "1980)"
  },
  {
    "url": "/detlef/geschichte/thalmann-3.jpg",
    "alt": "1980)"
  },
  {
    "url": "/detlef/geschichte/thalmann-4.jpg",
    "alt": "1980)"
  },
  {
    "url": "/detlef/geschichte/thalmann-5.jpg",
    "alt": "1980)"
  },
  {
    "url": "/detlef/geschichte/thalmann-6.jpg",
    "alt": "1980)"
  }
]
=== END DIAGNOSTIC LOG ===


=== RELATIVE LINK FIX ===
Markdown file directory: detlef/geschichte
Deployed URL directory: /detlef/geschichte/thalmann
Markdown depth: 2, Deployed depth: 3
Depth difference: 1 - need to add 1 "../" prefix to relative links
=== END RELATIVE LINK FIX ===

DEBUG: Checking for subdirectory: c:\Users\julia\zeiler-deployment\zeiler_me_pages\EDIT\detlef\geschichte\was-mich-betrifft, exists: false

=== DIAGNOSTIC LOG for detlef/geschichte/was-mich-betrifft.md ===
BASE_PATH: "/zeiler_me_pages"
File directory relative: "detlef/geschichte"
Frontmatter images: []
Discovered images: []
Using discovered images: false
Selected images array: []
Final processed images: []
=== END DIAGNOSTIC LOG ===


=== RELATIVE LINK FIX ===
Markdown file directory: detlef/geschichte
Deployed URL directory: /detlef/geschichte/was-mich-betrifft
Markdown depth: 2, Deployed depth: 3
Depth difference: 1 - need to add 1 "../" prefix to relative links
=== END RELATIVE LINK FIX ===

DEBUG: Checking for subdirectory: c:\Users\julia\zeiler-deployment\zeiler_me_pages\EDIT\detlef\geschichte\zeit-der-intrigen, exists: false

=== DIAGNOSTIC LOG for detlef/geschichte/zeit-der-intrigen.md ===
BASE_PATH: "/zeiler_me_pages"
File directory relative: "detlef/geschichte"
Frontmatter images: []
Discovered images: []
Using discovered images: false
Selected images array: []
Final processed images: []
=== END DIAGNOSTIC LOG ===


=== RELATIVE LINK FIX ===
Markdown file directory: detlef/geschichte
Deployed URL directory: /detlef/geschichte/zeit-der-intrigen
Markdown depth: 2, Deployed depth: 3
Depth difference: 1 - need to add 1 "../" prefix to relative links
=== END RELATIVE LINK FIX ===

DEBUG: Checking for subdirectory: c:\Users\julia\zeiler-deployment\zeiler_me_pages\EDIT\detlef\geschichte, exists: true

=== DIAGNOSTIC LOG for detlef/geschichte.md ===
BASE_PATH: "/zeiler_me_pages"
File directory relative: "detlef"
Frontmatter images: []
Discovered images: []
Using discovered images: false
Selected images array: []
Final processed images: []
=== END DIAGNOSTIC LOG ===


=== RELATIVE LINK FIX ===
Markdown file directory: detlef
Deployed URL directory: /detlef/geschichte
Markdown depth: 1, Deployed depth: 2
Depth difference: 1 - need to add 1 "../" prefix to relative links
  Fixed relative link: projekte/ -> ../projekte/
  Fixed relative link: geschichte/berthold-von-rohrbach/ -> ../geschichte/berthold-von-rohrbach/
  Fixed relative link: geschichte/alexander-von-humboldts-sdamerikareise/ -> ../geschichte/alexander-von-humboldts-sdamerikareise/
  Fixed relative link: deutsch/nayirah/ -> ../deutsch/nayirah/
  Fixed relative link: geschichte/alexis-de-tocqueville-ber-grausamkeit-in-einer-unglcklichen-zeit/ -> ../geschichte/alexis-de-tocqueville-ber-grausamkeit-in-einer-unglcklichen-zeit/
  Fixed relative link: geschichte/besuch-in-simferopol-2018/ -> ../geschichte/besuch-in-simferopol-2018/
  Fixed relative link: geschichte/hooligans---angry-young-men/ -> ../geschichte/hooligans---angry-young-men/
  Fixed relative link: geschichte/ceausescu/ -> ../geschichte/ceausescu/
  Fixed relative link: geschichte/nationen/ -> ../geschichte/nationen/
  Fixed relative link: geschichte/grenzen/ -> ../geschichte/grenzen/
  Fixed relative link: geschichte/grenzen-ii/ -> ../geschichte/grenzen-ii/
  Fixed relative link: geschichte/grenzen-iii/ -> ../geschichte/grenzen-iii/
  Fixed relative link: geschichte/knstliche-feindschaften/ -> ../geschichte/knstliche-feindschaften/
  Fixed relative link: geschichte/zeit-der-intrigen/ -> ../geschichte/zeit-der-intrigen/
  Fixed relative link: geschichte/kontrollsysteme/ -> ../geschichte/kontrollsysteme/
  Fixed relative link: geschichte/mein-grovater-rudolf-zeiler/ -> ../geschichte/mein-grovater-rudolf-zeiler/
  Fixed relative link: geschichte/mein--onkel-emil/ -> ../geschichte/mein--onkel-emil/
  Fixed relative link: geschichte/thalmann/ -> ../geschichte/thalmann/
  Fixed relative link: geschichte/ber-die-grausamkeit/ -> ../geschichte/ber-die-grausamkeit/
  Fixed relative link: projekte/old-providence-die-insel-providencia/ -> ../projekte/old-providence-die-insel-providencia/
  Fixed relative link: geschichte/modellskizze-einer-menschlichen-moral/ -> ../geschichte/modellskizze-einer-menschlichen-moral/
=== END RELATIVE LINK FIX ===

DEBUG: Checking for subdirectory: c:\Users\julia\zeiler-deployment\zeiler_me_pages\EDIT\detlef\impressum, exists: false

=== DIAGNOSTIC LOG for detlef/impressum.md ===
BASE_PATH: "/zeiler_me_pages"
File directory relative: "detlef"
Frontmatter images: []
Discovered images: []
Using discovered images: false
Selected images array: []
Final processed images: []
=== END DIAGNOSTIC LOG ===


=== RELATIVE LINK FIX ===
Markdown file directory: detlef
Deployed URL directory: /detlef/impressum
Markdown depth: 1, Deployed depth: 2
Depth difference: 1 - need to add 1 "../" prefix to relative links
  Fixed relative link: impressum/#h.p_ID_32 -> ../impressum/#h.p_ID_32
  Fixed relative link: impressum/#h.p_ID_44 -> ../impressum/#h.p_ID_44
  Fixed relative link: impressum/#h.p_ID_48 -> ../impressum/#h.p_ID_48
=== END RELATIVE LINK FIX ===

DEBUG: Checking for subdirectory: c:\Users\julia\zeiler-deployment\zeiler_me_pages\EDIT\detlef\jeremia, exists: false

=== DIAGNOSTIC LOG for detlef/jeremia.md ===
BASE_PATH: "/zeiler_me_pages"
File directory relative: "detlef"
Frontmatter images: []
Discovered images: []
Using discovered images: false
Selected images array: []
Final processed images: []
=== END DIAGNOSTIC LOG ===


=== RELATIVE LINK FIX ===
Markdown file directory: detlef
Deployed URL directory: /detlef/jeremia
Markdown depth: 1, Deployed depth: 2
Depth difference: 1 - need to add 1 "../" prefix to relative links
=== END RELATIVE LINK FIX ===

DEBUG: Checking for subdirectory: c:\Users\julia\zeiler-deployment\zeiler_me_pages\EDIT\detlef\medien\geruechte-rumores-drehbuch, exists: false

=== DIAGNOSTIC LOG for detlef/medien/geruechte-rumores-drehbuch.md ===
BASE_PATH: "/zeiler_me_pages"
File directory relative: "detlef/medien"
Frontmatter images: [
  {
    "url": "/geruechte-rumores-drehbuch-1.jpg",
    "alt": ""
  },
  {
    "url": "/geruechte-rumores-drehbuch-2.jpg",
    "alt": ""
  },
  {
    "url": "/geruechte-rumores-drehbuch-3.jpg",
    "alt": ""
  },
  {
    "url": "/geruechte-rumores-drehbuch-4.jpg",
    "alt": ""
  },
  {
    "url": "/geruechte-rumores-drehbuch-5.jpg",
    "alt": ""
  },
  {
    "url": "/geruechte-rumores-drehbuch-6.jpg",
    "alt": ""
  }
]
Discovered images: [
  {
    "url": "/detlef/medien/geruechte-rumores-drehbuch-1.jpg",
    "alt": "Gerüchte – Rumores (Drehbuch und Storyboard)"
  },
  {
    "url": "/detlef/medien/geruechte-rumores-drehbuch-2.jpg",
    "alt": "Gerüchte – Rumores (Drehbuch und Storyboard)"
  },
  {
    "url": "/detlef/medien/geruechte-rumores-drehbuch-3.jpg",
    "alt": "Gerüchte – Rumores (Drehbuch und Storyboard)"
  },
  {
    "url": "/detlef/medien/geruechte-rumores-drehbuch-4.jpg",
    "alt": "Gerüchte – Rumores (Drehbuch und Storyboard)"
  },
  {
    "url": "/detlef/medien/geruechte-rumores-drehbuch-5.jpg",
    "alt": "Gerüchte – Rumores (Drehbuch und Storyboard)"
  },
  {
    "url": "/detlef/medien/geruechte-rumores-drehbuch-6.jpg",
    "alt": "Gerüchte – Rumores (Drehbuch und Storyboard)"
  }
]
Using discovered images: true
Selected images array: [
  {
    "url": "/detlef/medien/geruechte-rumores-drehbuch-1.jpg",
    "alt": "Gerüchte – Rumores (Drehbuch und Storyboard)"
  },
  {
    "url": "/detlef/medien/geruechte-rumores-drehbuch-2.jpg",
    "alt": "Gerüchte – Rumores (Drehbuch und Storyboard)"
  },
  {
    "url": "/detlef/medien/geruechte-rumores-drehbuch-3.jpg",
    "alt": "Gerüchte – Rumores (Drehbuch und Storyboard)"
  },
  {
    "url": "/detlef/medien/geruechte-rumores-drehbuch-4.jpg",
    "alt": "Gerüchte – Rumores (Drehbuch und Storyboard)"
  },
  {
    "url": "/detlef/medien/geruechte-rumores-drehbuch-5.jpg",
    "alt": "Gerüchte – Rumores (Drehbuch und Storyboard)"
  },
  {
    "url": "/detlef/medien/geruechte-rumores-drehbuch-6.jpg",
    "alt": "Gerüchte – Rumores (Drehbuch und Storyboard)"
  }
]
Image URL (no transformation, Astro will add BASE_PATH): "/detlef/medien/geruechte-rumores-drehbuch-1.jpg"
Image URL (no transformation, Astro will add BASE_PATH): "/detlef/medien/geruechte-rumores-drehbuch-2.jpg"
Image URL (no transformation, Astro will add BASE_PATH): "/detlef/medien/geruechte-rumores-drehbuch-3.jpg"
Image URL (no transformation, Astro will add BASE_PATH): "/detlef/medien/geruechte-rumores-drehbuch-4.jpg"
Image URL (no transformation, Astro will add BASE_PATH): "/detlef/medien/geruechte-rumores-drehbuch-5.jpg"
Image URL (no transformation, Astro will add BASE_PATH): "/detlef/medien/geruechte-rumores-drehbuch-6.jpg"
Final processed images: [
  {
    "url": "/detlef/medien/geruechte-rumores-drehbuch-1.jpg",
    "alt": "Gerüchte – Rumores (Drehbuch und Storyboard)"
  },
  {
    "url": "/detlef/medien/geruechte-rumores-drehbuch-2.jpg",
    "alt": "Gerüchte – Rumores (Drehbuch und Storyboard)"
  },
  {
    "url": "/detlef/medien/geruechte-rumores-drehbuch-3.jpg",
    "alt": "Gerüchte – Rumores (Drehbuch und Storyboard)"
  },
  {
    "url": "/detlef/medien/geruechte-rumores-drehbuch-4.jpg",
    "alt": "Gerüchte – Rumores (Drehbuch und Storyboard)"
  },
  {
    "url": "/detlef/medien/geruechte-rumores-drehbuch-5.jpg",
    "alt": "Gerüchte – Rumores (Drehbuch und Storyboard)"
  },
  {
    "url": "/detlef/medien/geruechte-rumores-drehbuch-6.jpg",
    "alt": "Gerüchte – Rumores (Drehbuch und Storyboard)"
  }
]
=== END DIAGNOSTIC LOG ===


=== RELATIVE LINK FIX ===
Markdown file directory: detlef/medien
Deployed URL directory: /detlef/medien/geruechte-rumores-drehbuch
Markdown depth: 2, Deployed depth: 3
Depth difference: 1 - need to add 1 "../" prefix to relative links
  Fixed relative link: geruechte-rumores-drehbuch/#h.p_ID_32 -> ../geruechte-rumores-drehbuch/#h.p_ID_32
  Fixed relative link: geruechte-rumores-drehbuch/#h.p_ID_34 -> ../geruechte-rumores-drehbuch/#h.p_ID_34
  Fixed relative link: geruechte-rumores-drehbuch/#h.p_ID_36 -> ../geruechte-rumores-drehbuch/#h.p_ID_36
  Fixed relative link: geruechte-rumores-drehbuch/#h.p_ID_38 -> ../geruechte-rumores-drehbuch/#h.p_ID_38
  Fixed relative link: geruechte-rumores-drehbuch/#h.p_ID_40 -> ../geruechte-rumores-drehbuch/#h.p_ID_40
  Fixed relative link: geruechte-rumores-drehbuch/#h.p_ID_42 -> ../geruechte-rumores-drehbuch/#h.p_ID_42
=== END RELATIVE LINK FIX ===

DEBUG: Checking for subdirectory: c:\Users\julia\zeiler-deployment\zeiler_me_pages\EDIT\detlef\medien\medienerziehung\altersgemaesse-schwerpunktsetzungen, exists: false

=== DIAGNOSTIC LOG for detlef/medien/medienerziehung/altersgemaesse-schwerpunktsetzungen.md ===
BASE_PATH: "/zeiler_me_pages"
File directory relative: "detlef/medien/medienerziehung"
Frontmatter images: []
Discovered images: []
Using discovered images: false
Selected images array: []
Final processed images: []
=== END DIAGNOSTIC LOG ===


=== RELATIVE LINK FIX ===
Markdown file directory: detlef/medien/medienerziehung
Deployed URL directory: /detlef/medien/medienerziehung/altersgemaesse-schwerpunktsetzungen
Markdown depth: 3, Deployed depth: 4
Depth difference: 1 - need to add 1 "../" prefix to relative links
=== END RELATIVE LINK FIX ===

DEBUG: Checking for subdirectory: c:\Users\julia\zeiler-deployment\zeiler_me_pages\EDIT\detlef\medien\medienerziehung\aufgabenbereiche-und-zielsetzungen, exists: false

=== DIAGNOSTIC LOG for detlef/medien/medienerziehung/aufgabenbereiche-und-zielsetzungen.md ===
BASE_PATH: "/zeiler_me_pages"
File directory relative: "detlef/medien/medienerziehung"
Frontmatter images: []
Discovered images: []
Using discovered images: false
Selected images array: []
Final processed images: []
=== END DIAGNOSTIC LOG ===


=== RELATIVE LINK FIX ===
Markdown file directory: detlef/medien/medienerziehung
Deployed URL directory: /detlef/medien/medienerziehung/aufgabenbereiche-und-zielsetzungen
Markdown depth: 3, Deployed depth: 4
Depth difference: 1 - need to add 1 "../" prefix to relative links
=== END RELATIVE LINK FIX ===

DEBUG: Checking for subdirectory: c:\Users\julia\zeiler-deployment\zeiler_me_pages\EDIT\detlef\medien\medienerziehung\erlebnis-und-handlungsorientierung-als-prinzipien, exists: false

=== DIAGNOSTIC LOG for detlef/medien/medienerziehung/erlebnis-und-handlungsorientierung-als-prinzipien.md ===
BASE_PATH: "/zeiler_me_pages"
File directory relative: "detlef/medien/medienerziehung"
Frontmatter images: []
Discovered images: []
Using discovered images: false
Selected images array: []
Final processed images: []
=== END DIAGNOSTIC LOG ===


=== RELATIVE LINK FIX ===
Markdown file directory: detlef/medien/medienerziehung
Deployed URL directory: /detlef/medien/medienerziehung/erlebnis-und-handlungsorientierung-als-prinzipien
Markdown depth: 3, Deployed depth: 4
Depth difference: 1 - need to add 1 "../" prefix to relative links
=== END RELATIVE LINK FIX ===

DEBUG: Checking for subdirectory: c:\Users\julia\zeiler-deployment\zeiler_me_pages\EDIT\detlef\medien\medienerziehung\gestaltung-von-audiovisuellen-medien, exists: false

=== DIAGNOSTIC LOG for detlef/medien/medienerziehung/gestaltung-von-audiovisuellen-medien.md ===
BASE_PATH: "/zeiler_me_pages"
File directory relative: "detlef/medien/medienerziehung"
Frontmatter images: []
Discovered images: []
Using discovered images: false
Selected images array: []
Final processed images: []
=== END DIAGNOSTIC LOG ===


=== RELATIVE LINK FIX ===
Markdown file directory: detlef/medien/medienerziehung
Deployed URL directory: /detlef/medien/medienerziehung/gestaltung-von-audiovisuellen-medien
Markdown depth: 3, Deployed depth: 4
Depth difference: 1 - need to add 1 "../" prefix to relative links
=== END RELATIVE LINK FIX ===

DEBUG: Checking for subdirectory: c:\Users\julia\zeiler-deployment\zeiler_me_pages\EDIT\detlef\medien\medienerziehung\leseerziehung-und-hoererziehung, exists: false

=== DIAGNOSTIC LOG for detlef/medien/medienerziehung/leseerziehung-und-hoererziehung.md ===
BASE_PATH: "/zeiler_me_pages"
File directory relative: "detlef/medien/medienerziehung"
Frontmatter images: []
Discovered images: []
Using discovered images: false
Selected images array: []
Final processed images: []
=== END DIAGNOSTIC LOG ===


=== RELATIVE LINK FIX ===
Markdown file directory: detlef/medien/medienerziehung
Deployed URL directory: /detlef/medien/medienerziehung/leseerziehung-und-hoererziehung
Markdown depth: 3, Deployed depth: 4
Depth difference: 1 - need to add 1 "../" prefix to relative links
=== END RELATIVE LINK FIX ===

DEBUG: Checking for subdirectory: c:\Users\julia\zeiler-deployment\zeiler_me_pages\EDIT\detlef\medien\medienerziehung\medienerziehung-als-gesamtgesellschaftliche-aufgabe, exists: false

=== DIAGNOSTIC LOG for detlef/medien/medienerziehung/medienerziehung-als-gesamtgesellschaftliche-aufgabe.md ===
BASE_PATH: "/zeiler_me_pages"
File directory relative: "detlef/medien/medienerziehung"
Frontmatter images: []
Discovered images: []
Using discovered images: false
Selected images array: []
Final processed images: []
=== END DIAGNOSTIC LOG ===


=== RELATIVE LINK FIX ===
Markdown file directory: detlef/medien/medienerziehung
Deployed URL directory: /detlef/medien/medienerziehung/medienerziehung-als-gesamtgesellschaftliche-aufgabe
Markdown depth: 3, Deployed depth: 4
Depth difference: 1 - need to add 1 "../" prefix to relative links
=== END RELATIVE LINK FIX ===

DEBUG: Checking for subdirectory: c:\Users\julia\zeiler-deployment\zeiler_me_pages\EDIT\detlef\medien\medienerziehung\medienerziehung-im-bereich-von-computerspielen-und-interaktiven-medien, exists: false

=== DIAGNOSTIC LOG for detlef/medien/medienerziehung/medienerziehung-im-bereich-von-computerspielen-und-interaktiven-medien.md ===
BASE_PATH: "/zeiler_me_pages"
File directory relative: "detlef/medien/medienerziehung"
Frontmatter images: []
Discovered images: []
Using discovered images: false
Selected images array: []
Final processed images: []
=== END DIAGNOSTIC LOG ===


=== RELATIVE LINK FIX ===
Markdown file directory: detlef/medien/medienerziehung
Deployed URL directory: /detlef/medien/medienerziehung/medienerziehung-im-bereich-von-computerspielen-und-interaktiven-medien
Markdown depth: 3, Deployed depth: 4
Depth difference: 1 - need to add 1 "../" prefix to relative links
=== END RELATIVE LINK FIX ===

DEBUG: Checking for subdirectory: c:\Users\julia\zeiler-deployment\zeiler_me_pages\EDIT\detlef\medien\medienerziehung\medienerziehung-im-erziehungs-und-bildungszusammenhang, exists: false

=== DIAGNOSTIC LOG for detlef/medien/medienerziehung/medienerziehung-im-erziehungs-und-bildungszusammenhang.md ===
BASE_PATH: "/zeiler_me_pages"
File directory relative: "detlef/medien/medienerziehung"
Frontmatter images: []
Discovered images: []
Using discovered images: false
Selected images array: []
Final processed images: []
=== END DIAGNOSTIC LOG ===


=== RELATIVE LINK FIX ===
Markdown file directory: detlef/medien/medienerziehung
Deployed URL directory: /detlef/medien/medienerziehung/medienerziehung-im-erziehungs-und-bildungszusammenhang
Markdown depth: 3, Deployed depth: 4
Depth difference: 1 - need to add 1 "../" prefix to relative links
=== END RELATIVE LINK FIX ===

DEBUG: Checking for subdirectory: c:\Users\julia\zeiler-deployment\zeiler_me_pages\EDIT\detlef\medien\medienerziehung\medienkompetenz-vorbemerkung, exists: false

=== DIAGNOSTIC LOG for detlef/medien/medienerziehung/medienkompetenz-vorbemerkung.md ===
BASE_PATH: "/zeiler_me_pages"
File directory relative: "detlef/medien/medienerziehung"
Frontmatter images: []
Discovered images: []
Using discovered images: false
Selected images array: []
Final processed images: []
=== END DIAGNOSTIC LOG ===


=== RELATIVE LINK FIX ===
Markdown file directory: detlef/medien/medienerziehung
Deployed URL directory: /detlef/medien/medienerziehung/medienkompetenz-vorbemerkung
Markdown depth: 3, Deployed depth: 4
Depth difference: 1 - need to add 1 "../" prefix to relative links
=== END RELATIVE LINK FIX ===

DEBUG: Checking for subdirectory: c:\Users\julia\zeiler-deployment\zeiler_me_pages\EDIT\detlef\medien\medienerziehung\schuelerzeitschriften, exists: false

=== DIAGNOSTIC LOG for detlef/medien/medienerziehung/schuelerzeitschriften.md ===
BASE_PATH: "/zeiler_me_pages"
File directory relative: "detlef/medien/medienerziehung"
Frontmatter images: []
Discovered images: []
Using discovered images: false
Selected images array: []
Final processed images: []
=== END DIAGNOSTIC LOG ===


=== RELATIVE LINK FIX ===
Markdown file directory: detlef/medien/medienerziehung
Deployed URL directory: /detlef/medien/medienerziehung/schuelerzeitschriften
Markdown depth: 3, Deployed depth: 4
Depth difference: 1 - need to add 1 "../" prefix to relative links
=== END RELATIVE LINK FIX ===

DEBUG: Checking for subdirectory: c:\Users\julia\zeiler-deployment\zeiler_me_pages\EDIT\detlef\medien\medienerziehung\spielfilme, exists: false

=== DIAGNOSTIC LOG for detlef/medien/medienerziehung/spielfilme.md ===
BASE_PATH: "/zeiler_me_pages"
File directory relative: "detlef/medien/medienerziehung"
Frontmatter images: []
Discovered images: []
Using discovered images: false
Selected images array: []
Final processed images: []
=== END DIAGNOSTIC LOG ===


=== RELATIVE LINK FIX ===
Markdown file directory: detlef/medien/medienerziehung
Deployed URL directory: /detlef/medien/medienerziehung/spielfilme
Markdown depth: 3, Deployed depth: 4
Depth difference: 1 - need to add 1 "../" prefix to relative links
=== END RELATIVE LINK FIX ===

DEBUG: Checking for subdirectory: c:\Users\julia\zeiler-deployment\zeiler_me_pages\EDIT\detlef\medien\medienerziehung\veraenderung-der-bildungs-und-erziehungssituation, exists: false

=== DIAGNOSTIC LOG for detlef/medien/medienerziehung/veraenderung-der-bildungs-und-erziehungssituation.md ===
BASE_PATH: "/zeiler_me_pages"
File directory relative: "detlef/medien/medienerziehung"
Frontmatter images: []
Discovered images: []
Using discovered images: false
Selected images array: []
Final processed images: []
=== END DIAGNOSTIC LOG ===


=== RELATIVE LINK FIX ===
Markdown file directory: detlef/medien/medienerziehung
Deployed URL directory: /detlef/medien/medienerziehung/veraenderung-der-bildungs-und-erziehungssituation
Markdown depth: 3, Deployed depth: 4
Depth difference: 1 - need to add 1 "../" prefix to relative links
=== END RELATIVE LINK FIX ===

DEBUG: Checking for subdirectory: c:\Users\julia\zeiler-deployment\zeiler_me_pages\EDIT\detlef\medien\medienerziehung\verankerung-in-den-lehrplaenen, exists: false

=== DIAGNOSTIC LOG for detlef/medien/medienerziehung/verankerung-in-den-lehrplaenen.md ===
BASE_PATH: "/zeiler_me_pages"
File directory relative: "detlef/medien/medienerziehung"
Frontmatter images: []
Discovered images: []
Using discovered images: false
Selected images array: []
Final processed images: []
=== END DIAGNOSTIC LOG ===


=== RELATIVE LINK FIX ===
Markdown file directory: detlef/medien/medienerziehung
Deployed URL directory: /detlef/medien/medienerziehung/verankerung-in-den-lehrplaenen
Markdown depth: 3, Deployed depth: 4
Depth difference: 1 - need to add 1 "../" prefix to relative links
=== END RELATIVE LINK FIX ===

DEBUG: Checking for subdirectory: c:\Users\julia\zeiler-deployment\zeiler_me_pages\EDIT\detlef\medien\medienerziehung\zukuenftige-ansatzpunkte, exists: false

=== DIAGNOSTIC LOG for detlef/medien/medienerziehung/zukuenftige-ansatzpunkte.md ===
BASE_PATH: "/zeiler_me_pages"
File directory relative: "detlef/medien/medienerziehung"
Frontmatter images: []
Discovered images: []
Using discovered images: false
Selected images array: []
Final processed images: []
=== END DIAGNOSTIC LOG ===


=== RELATIVE LINK FIX ===
Markdown file directory: detlef/medien/medienerziehung
Deployed URL directory: /detlef/medien/medienerziehung/zukuenftige-ansatzpunkte
Markdown depth: 3, Deployed depth: 4
Depth difference: 1 - need to add 1 "../" prefix to relative links
=== END RELATIVE LINK FIX ===

DEBUG: Checking for subdirectory: c:\Users\julia\zeiler-deployment\zeiler_me_pages\EDIT\detlef\medien\medienerziehung\zum-begriff-medienkultur, exists: false

=== DIAGNOSTIC LOG for detlef/medien/medienerziehung/zum-begriff-medienkultur.md ===
BASE_PATH: "/zeiler_me_pages"
File directory relative: "detlef/medien/medienerziehung"
Frontmatter images: []
Discovered images: []
Using discovered images: false
Selected images array: []
Final processed images: []
=== END DIAGNOSTIC LOG ===


=== RELATIVE LINK FIX ===
Markdown file directory: detlef/medien/medienerziehung
Deployed URL directory: /detlef/medien/medienerziehung/zum-begriff-medienkultur
Markdown depth: 3, Deployed depth: 4
Depth difference: 1 - need to add 1 "../" prefix to relative links
=== END RELATIVE LINK FIX ===

DEBUG: Checking for subdirectory: c:\Users\julia\zeiler-deployment\zeiler_me_pages\EDIT\detlef\medien\medienerziehung, exists: true

=== DIAGNOSTIC LOG for detlef/medien/medienerziehung.md ===
BASE_PATH: "/zeiler_me_pages"
File directory relative: "detlef/medien"
Frontmatter images: []
Discovered images: []
Using discovered images: false
Selected images array: []
Final processed images: []
=== END DIAGNOSTIC LOG ===


=== RELATIVE LINK FIX ===
Markdown file directory: detlef/medien
Deployed URL directory: /detlef/medien/medienerziehung
Markdown depth: 2, Deployed depth: 3
Depth difference: 1 - need to add 1 "../" prefix to relative links
  Fixed relative link: medienerziehung/#h.p_ID_32 -> ../medienerziehung/#h.p_ID_32
  Fixed relative link: medienerziehung/veraenderung-der-bildungs-und-erziehungssituation/ -> ../medienerziehung/veraenderung-der-bildungs-und-erziehungssituation/
  Fixed relative link: medienerziehung/medienerziehung-als-gesamtgesellschaftliche-aufgabe/ -> ../medienerziehung/medienerziehung-als-gesamtgesellschaftliche-aufgabe/
  Fixed relative link: medienerziehung/#h.p_ID_42 -> ../medienerziehung/#h.p_ID_42
  Fixed relative link: medienerziehung/medienkompetenz-vorbemerkung/ -> ../medienerziehung/medienkompetenz-vorbemerkung/
  Fixed relative link: medienerziehung/medienerziehung-im-erziehungs-und-bildungszusammenhang/ -> ../medienerziehung/medienerziehung-im-erziehungs-und-bildungszusammenhang/
  Fixed relative link: medienerziehung/erlebnis-und-handlungsorientierung-als-prinzipien/ -> ../medienerziehung/erlebnis-und-handlungsorientierung-als-prinzipien/
  Fixed relative link: medienerziehung/aufgabenbereiche-und-zielsetzungen/ -> ../medienerziehung/aufgabenbereiche-und-zielsetzungen/
  Fixed relative link: medienerziehung/#h.p_ID_60 -> ../medienerziehung/#h.p_ID_60
  Fixed relative link: medienerziehung/zum-begriff-medienkultur/ -> ../medienerziehung/zum-begriff-medienkultur/
  Fixed relative link: medienerziehung/verankerung-in-den-lehrplaenen/ -> ../medienerziehung/verankerung-in-den-lehrplaenen/
  Fixed relative link: medienerziehung/leseerziehung-und-hoererziehung/ -> ../medienerziehung/leseerziehung-und-hoererziehung/
  Fixed relative link: medienerziehung/gestaltung-von-audiovisuellen-medien/ -> ../medienerziehung/gestaltung-von-audiovisuellen-medien/
  Fixed relative link: medienerziehung/schuelerzeitschriften/ -> ../medienerziehung/schuelerzeitschriften/
  Fixed relative link: medienerziehung/spielfilme/ -> ../medienerziehung/spielfilme/
  Fixed relative link: medienerziehung/medienerziehung-im-bereich-von-computerspielen-und-interaktiven-medien/ -> ../medienerziehung/medienerziehung-im-bereich-von-computerspielen-und-interaktiven-medien/
  Fixed relative link: medienerziehung/zukuenftige-ansatzpunkte/ -> ../medienerziehung/zukuenftige-ansatzpunkte/
  Fixed relative link: medienerziehung/#h.p_ID_153 -> ../medienerziehung/#h.p_ID_153
  Fixed relative link: medienerziehung/altersgemaesse-schwerpunktsetzungen/ -> ../medienerziehung/altersgemaesse-schwerpunktsetzungen/
  Fixed relative link: medienerziehung/#h.p_ID_159 -> ../medienerziehung/#h.p_ID_159
  Fixed relative link: medienerziehung/#h.p_ID_161 -> ../medienerziehung/#h.p_ID_161
  Fixed relative link: medienerziehung/#h.p_ID_163 -> ../medienerziehung/#h.p_ID_163
  Fixed relative link: medienerziehung/#h.p_ID_165 -> ../medienerziehung/#h.p_ID_165
  Fixed relative link: medienerziehung/#h.p_ID_167 -> ../medienerziehung/#h.p_ID_167
  Fixed relative link: medienerziehung/#h.p_ID_169 -> ../medienerziehung/#h.p_ID_169
  Fixed relative link: medienerziehung/#h.p_ID_171 -> ../medienerziehung/#h.p_ID_171
=== END RELATIVE LINK FIX ===

DEBUG: Checking for subdirectory: c:\Users\julia\zeiler-deployment\zeiler_me_pages\EDIT\detlef\medien, exists: true

=== DIAGNOSTIC LOG for detlef/medien.md ===
BASE_PATH: "/zeiler_me_pages"
File directory relative: "detlef"
Frontmatter images: []
Discovered images: []
Using discovered images: false
Selected images array: []
Final processed images: []
=== END DIAGNOSTIC LOG ===


=== RELATIVE LINK FIX ===
Markdown file directory: detlef
Deployed URL directory: /detlef/medien
Markdown depth: 1, Deployed depth: 2
Depth difference: 1 - need to add 1 "../" prefix to relative links
  Fixed relative link: medien/geruechte-rumores-drehbuch/ -> ../medien/geruechte-rumores-drehbuch/
  Fixed relative link: medien/medienerziehung/ -> ../medien/medienerziehung/
=== END RELATIVE LINK FIX ===

DEBUG: Checking for subdirectory: c:\Users\julia\zeiler-deployment\zeiler_me_pages\EDIT\detlef\projekte\die-elsenz-und-der-kraichgau\geographische-lage\der-steinsberg, exists: false

=== DIAGNOSTIC LOG for detlef/projekte/die-elsenz-und-der-kraichgau/geographische-lage/der-steinsberg.md ===
BASE_PATH: "/zeiler_me_pages"
File directory relative: "detlef/projekte/die-elsenz-und-der-kraichgau/geographische-lage"
Frontmatter images: [
  {
    "url": "/der-steinsberg-1.jpg",
    "alt": ""
  }
]
Discovered images: [
  {
    "url": "/detlef/projekte/die-elsenz-und-der-kraichgau/geographische-lage/der-steinsberg-1.jpg",
    "alt": "Der Steinsberg"
  }
]
Using discovered images: true
Selected images array: [
  {
    "url": "/detlef/projekte/die-elsenz-und-der-kraichgau/geographische-lage/der-steinsberg-1.jpg",
    "alt": "Der Steinsberg"
  }
]
Image URL (no transformation, Astro will add BASE_PATH): "/detlef/projekte/die-elsenz-und-der-kraichgau/geographische-lage/der-steinsberg-1.jpg"
Final processed images: [
  {
    "url": "/detlef/projekte/die-elsenz-und-der-kraichgau/geographische-lage/der-steinsberg-1.jpg",
    "alt": "Der Steinsberg"
  }
]
=== END DIAGNOSTIC LOG ===


=== RELATIVE LINK FIX ===
Markdown file directory: detlef/projekte/die-elsenz-und-der-kraichgau/geographische-lage
Deployed URL directory: /detlef/projekte/die-elsenz-und-der-kraichgau/geographische-lage/der-steinsberg
Markdown depth: 4, Deployed depth: 5
Depth difference: 1 - need to add 1 "../" prefix to relative links
=== END RELATIVE LINK FIX ===

DEBUG: Checking for subdirectory: c:\Users\julia\zeiler-deployment\zeiler_me_pages\EDIT\detlef\projekte\die-elsenz-und-der-kraichgau\geographische-lage\die-elsenz, exists: false

=== DIAGNOSTIC LOG for detlef/projekte/die-elsenz-und-der-kraichgau/geographische-lage/die-elsenz.md ===
BASE_PATH: "/zeiler_me_pages"
File directory relative: "detlef/projekte/die-elsenz-und-der-kraichgau/geographische-lage"
Frontmatter images: [
  {
    "url": "/die-elsenz-1.gif",
    "alt": ""
  },
  {
    "url": "/die-elsenz-2.jpg",
    "alt": ""
  }
]
Discovered images: [
  {
    "url": "/detlef/projekte/die-elsenz-und-der-kraichgau/geographische-lage/die-elsenz-1.gif",
    "alt": "Die Elsenz"
  },
  {
    "url": "/detlef/projekte/die-elsenz-und-der-kraichgau/geographische-lage/die-elsenz-2.jpg",
    "alt": "Die Elsenz"
  }
]
Using discovered images: true
Selected images array: [
  {
    "url": "/detlef/projekte/die-elsenz-und-der-kraichgau/geographische-lage/die-elsenz-1.gif",
    "alt": "Die Elsenz"
  },
  {
    "url": "/detlef/projekte/die-elsenz-und-der-kraichgau/geographische-lage/die-elsenz-2.jpg",
    "alt": "Die Elsenz"
  }
]
Image URL (no transformation, Astro will add BASE_PATH): "/detlef/projekte/die-elsenz-und-der-kraichgau/geographische-lage/die-elsenz-1.gif"
Image URL (no transformation, Astro will add BASE_PATH): "/detlef/projekte/die-elsenz-und-der-kraichgau/geographische-lage/die-elsenz-2.jpg"
Final processed images: [
  {
    "url": "/detlef/projekte/die-elsenz-und-der-kraichgau/geographische-lage/die-elsenz-1.gif",
    "alt": "Die Elsenz"
  },
  {
    "url": "/detlef/projekte/die-elsenz-und-der-kraichgau/geographische-lage/die-elsenz-2.jpg",
    "alt": "Die Elsenz"
  }
]
=== END DIAGNOSTIC LOG ===


=== RELATIVE LINK FIX ===
Markdown file directory: detlef/projekte/die-elsenz-und-der-kraichgau/geographische-lage
Deployed URL directory: /detlef/projekte/die-elsenz-und-der-kraichgau/geographische-lage/die-elsenz
Markdown depth: 4, Deployed depth: 5
Depth difference: 1 - need to add 1 "../" prefix to relative links
  Fixed relative link: mhlen-an-der-elsenz/ -> ../mhlen-an-der-elsenz/
=== END RELATIVE LINK FIX ===

DEBUG: Checking for subdirectory: c:\Users\julia\zeiler-deployment\zeiler_me_pages\EDIT\detlef\projekte\die-elsenz-und-der-kraichgau\geographische-lage\mhlen-an-der-elsenz, exists: false

=== DIAGNOSTIC LOG for detlef/projekte/die-elsenz-und-der-kraichgau/geographische-lage/mhlen-an-der-elsenz.md ===
BASE_PATH: "/zeiler_me_pages"
File directory relative: "detlef/projekte/die-elsenz-und-der-kraichgau/geographische-lage"
Frontmatter images: [
  {
    "url": "/mhlen-an-der-elsenz-1.jpg",
    "alt": ""
  }
]
Discovered images: [
  {
    "url": "/detlef/projekte/die-elsenz-und-der-kraichgau/geographische-lage/mhlen-an-der-elsenz-1.jpg",
    "alt": "Mühlen an der Elsenz"
  }
]
Using discovered images: true
Selected images array: [
  {
    "url": "/detlef/projekte/die-elsenz-und-der-kraichgau/geographische-lage/mhlen-an-der-elsenz-1.jpg",
    "alt": "Mühlen an der Elsenz"
  }
]
Image URL (no transformation, Astro will add BASE_PATH): "/detlef/projekte/die-elsenz-und-der-kraichgau/geographische-lage/mhlen-an-der-elsenz-1.jpg"
Final processed images: [
  {
    "url": "/detlef/projekte/die-elsenz-und-der-kraichgau/geographische-lage/mhlen-an-der-elsenz-1.jpg",
    "alt": "Mühlen an der Elsenz"
  }
]
=== END DIAGNOSTIC LOG ===


=== RELATIVE LINK FIX ===
Markdown file directory: detlef/projekte/die-elsenz-und-der-kraichgau/geographische-lage
Deployed URL directory: /detlef/projekte/die-elsenz-und-der-kraichgau/geographische-lage/mhlen-an-der-elsenz
Markdown depth: 4, Deployed depth: 5
Depth difference: 1 - need to add 1 "../" prefix to relative links
=== END RELATIVE LINK FIX ===

DEBUG: Checking for subdirectory: c:\Users\julia\zeiler-deployment\zeiler_me_pages\EDIT\detlef\projekte\die-elsenz-und-der-kraichgau\geographische-lage, exists: true

=== DIAGNOSTIC LOG for detlef/projekte/die-elsenz-und-der-kraichgau/geographische-lage.md ===
BASE_PATH: "/zeiler_me_pages"
File directory relative: "detlef/projekte/die-elsenz-und-der-kraichgau"
Frontmatter images: [
  {
    "url": "/geographische-lage-1.jpg",
    "alt": ""
  },
  {
    "url": "/geographische-lage-2.gif",
    "alt": ""
  }
]
Discovered images: [
  {
    "url": "/detlef/projekte/die-elsenz-und-der-kraichgau/geographische-lage-1.jpg",
    "alt": "Geographische Lage"
  },
  {
    "url": "/detlef/projekte/die-elsenz-und-der-kraichgau/geographische-lage-2.gif",
    "alt": "Geographische Lage"
  }
]
Using discovered images: true
Selected images array: [
  {
    "url": "/detlef/projekte/die-elsenz-und-der-kraichgau/geographische-lage-1.jpg",
    "alt": "Geographische Lage"
  },
  {
    "url": "/detlef/projekte/die-elsenz-und-der-kraichgau/geographische-lage-2.gif",
    "alt": "Geographische Lage"
  }
]
Image URL (no transformation, Astro will add BASE_PATH): "/detlef/projekte/die-elsenz-und-der-kraichgau/geographische-lage-1.jpg"
Image URL (no transformation, Astro will add BASE_PATH): "/detlef/projekte/die-elsenz-und-der-kraichgau/geographische-lage-2.gif"
Final processed images: [
  {
    "url": "/detlef/projekte/die-elsenz-und-der-kraichgau/geographische-lage-1.jpg",
    "alt": "Geographische Lage"
  },
  {
    "url": "/detlef/projekte/die-elsenz-und-der-kraichgau/geographische-lage-2.gif",
    "alt": "Geographische Lage"
  }
]
=== END DIAGNOSTIC LOG ===


=== RELATIVE LINK FIX ===
Markdown file directory: detlef/projekte/die-elsenz-und-der-kraichgau
Deployed URL directory: /detlef/projekte/die-elsenz-und-der-kraichgau/geographische-lage
Markdown depth: 3, Deployed depth: 4
Depth difference: 1 - need to add 1 "../" prefix to relative links
  Fixed relative link: geographische-lage/die-elsenz/ -> ../geographische-lage/die-elsenz/
  Fixed relative link: geographische-lage/der-steinsberg/ -> ../geographische-lage/der-steinsberg/
=== END RELATIVE LINK FIX ===

DEBUG: Checking for subdirectory: c:\Users\julia\zeiler-deployment\zeiler_me_pages\EDIT\detlef\projekte\die-elsenz-und-der-kraichgau\geschichte-und-politik\bauernunruhen, exists: false

=== DIAGNOSTIC LOG for detlef/projekte/die-elsenz-und-der-kraichgau/geschichte-und-politik/bauernunruhen.md ===
BASE_PATH: "/zeiler_me_pages"
File directory relative: "detlef/projekte/die-elsenz-und-der-kraichgau/geschichte-und-politik"
Frontmatter images: [
  {
    "url": "/bauernunruhen-1.gif",
    "alt": ""
  }
]
Discovered images: [
  {
    "url": "/detlef/projekte/die-elsenz-und-der-kraichgau/geschichte-und-politik/bauernunruhen-1.gif",
    "alt": "Bauernunruhen"
  }
]
Using discovered images: true
Selected images array: [
  {
    "url": "/detlef/projekte/die-elsenz-und-der-kraichgau/geschichte-und-politik/bauernunruhen-1.gif",
    "alt": "Bauernunruhen"
  }
]
Image URL (no transformation, Astro will add BASE_PATH): "/detlef/projekte/die-elsenz-und-der-kraichgau/geschichte-und-politik/bauernunruhen-1.gif"
Final processed images: [
  {
    "url": "/detlef/projekte/die-elsenz-und-der-kraichgau/geschichte-und-politik/bauernunruhen-1.gif",
    "alt": "Bauernunruhen"
  }
]
=== END DIAGNOSTIC LOG ===


=== RELATIVE LINK FIX ===
Markdown file directory: detlef/projekte/die-elsenz-und-der-kraichgau/geschichte-und-politik
Deployed URL directory: /detlef/projekte/die-elsenz-und-der-kraichgau/geschichte-und-politik/bauernunruhen
Markdown depth: 4, Deployed depth: 5
Depth difference: 1 - need to add 1 "../" prefix to relative links
=== END RELATIVE LINK FIX ===

DEBUG: Checking for subdirectory: c:\Users\julia\zeiler-deployment\zeiler_me_pages\EDIT\detlef\projekte\die-elsenz-und-der-kraichgau\geschichte-und-politik\der-gaubegriff, exists: false

=== DIAGNOSTIC LOG for detlef/projekte/die-elsenz-und-der-kraichgau/geschichte-und-politik/der-gaubegriff.md ===
BASE_PATH: "/zeiler_me_pages"
File directory relative: "detlef/projekte/die-elsenz-und-der-kraichgau/geschichte-und-politik"
Frontmatter images: []
Discovered images: []
Using discovered images: false
Selected images array: []
Final processed images: []
=== END DIAGNOSTIC LOG ===


=== RELATIVE LINK FIX ===
Markdown file directory: detlef/projekte/die-elsenz-und-der-kraichgau/geschichte-und-politik
Deployed URL directory: /detlef/projekte/die-elsenz-und-der-kraichgau/geschichte-und-politik/der-gaubegriff
Markdown depth: 4, Deployed depth: 5
Depth difference: 1 - need to add 1 "../" prefix to relative links
=== END RELATIVE LINK FIX ===

DEBUG: Checking for subdirectory: c:\Users\julia\zeiler-deployment\zeiler_me_pages\EDIT\detlef\projekte\die-elsenz-und-der-kraichgau\geschichte-und-politik\der-kraichgau-als-militaerisches-operationsgebiet, exists: false

=== DIAGNOSTIC LOG for detlef/projekte/die-elsenz-und-der-kraichgau/geschichte-und-politik/der-kraichgau-als-militaerisches-operationsgebiet.md ===
BASE_PATH: "/zeiler_me_pages"
File directory relative: "detlef/projekte/die-elsenz-und-der-kraichgau/geschichte-und-politik"
Frontmatter images: []
Discovered images: []
Using discovered images: false
Selected images array: []
Final processed images: []
=== END DIAGNOSTIC LOG ===


=== RELATIVE LINK FIX ===
Markdown file directory: detlef/projekte/die-elsenz-und-der-kraichgau/geschichte-und-politik
Deployed URL directory: /detlef/projekte/die-elsenz-und-der-kraichgau/geschichte-und-politik/der-kraichgau-als-militaerisches-operationsgebiet
Markdown depth: 4, Deployed depth: 5
Depth difference: 1 - need to add 1 "../" prefix to relative links
=== END RELATIVE LINK FIX ===

DEBUG: Checking for subdirectory: c:\Users\julia\zeiler-deployment\zeiler_me_pages\EDIT\detlef\projekte\die-elsenz-und-der-kraichgau\geschichte-und-politik\die-burg-steinsberg, exists: false

=== DIAGNOSTIC LOG for detlef/projekte/die-elsenz-und-der-kraichgau/geschichte-und-politik/die-burg-steinsberg.md ===
BASE_PATH: "/zeiler_me_pages"
File directory relative: "detlef/projekte/die-elsenz-und-der-kraichgau/geschichte-und-politik"
Frontmatter images: [
  {
    "url": "/die-burg-steinsberg-1.jpg",
    "alt": ""
  }
]
Discovered images: [
  {
    "url": "/detlef/projekte/die-elsenz-und-der-kraichgau/geschichte-und-politik/die-burg-steinsberg-1.jpg",
    "alt": "Die Burg Steinsberg"
  }
]
Using discovered images: true
Selected images array: [
  {
    "url": "/detlef/projekte/die-elsenz-und-der-kraichgau/geschichte-und-politik/die-burg-steinsberg-1.jpg",
    "alt": "Die Burg Steinsberg"
  }
]
Image URL (no transformation, Astro will add BASE_PATH): "/detlef/projekte/die-elsenz-und-der-kraichgau/geschichte-und-politik/die-burg-steinsberg-1.jpg"
Final processed images: [
  {
    "url": "/detlef/projekte/die-elsenz-und-der-kraichgau/geschichte-und-politik/die-burg-steinsberg-1.jpg",
    "alt": "Die Burg Steinsberg"
  }
]
=== END DIAGNOSTIC LOG ===


=== RELATIVE LINK FIX ===
Markdown file directory: detlef/projekte/die-elsenz-und-der-kraichgau/geschichte-und-politik
Deployed URL directory: /detlef/projekte/die-elsenz-und-der-kraichgau/geschichte-und-politik/die-burg-steinsberg
Markdown depth: 4, Deployed depth: 5
Depth difference: 1 - need to add 1 "../" prefix to relative links
=== END RELATIVE LINK FIX ===

DEBUG: Checking for subdirectory: c:\Users\julia\zeiler-deployment\zeiler_me_pages\EDIT\detlef\projekte\die-elsenz-und-der-kraichgau\geschichte-und-politik\friedrich-hecker, exists: false

=== DIAGNOSTIC LOG for detlef/projekte/die-elsenz-und-der-kraichgau/geschichte-und-politik/friedrich-hecker.md ===
BASE_PATH: "/zeiler_me_pages"
File directory relative: "detlef/projekte/die-elsenz-und-der-kraichgau/geschichte-und-politik"
Frontmatter images: [
  {
    "url": "/friedrich-hecker-1.gif",
    "alt": ""
  }
]
Discovered images: [
  {
    "url": "/detlef/projekte/die-elsenz-und-der-kraichgau/geschichte-und-politik/friedrich-hecker-1.gif",
    "alt": "Friedrich Hecker"
  }
]
Using discovered images: true
Selected images array: [
  {
    "url": "/detlef/projekte/die-elsenz-und-der-kraichgau/geschichte-und-politik/friedrich-hecker-1.gif",
    "alt": "Friedrich Hecker"
  }
]
Image URL (no transformation, Astro will add BASE_PATH): "/detlef/projekte/die-elsenz-und-der-kraichgau/geschichte-und-politik/friedrich-hecker-1.gif"
Final processed images: [
  {
    "url": "/detlef/projekte/die-elsenz-und-der-kraichgau/geschichte-und-politik/friedrich-hecker-1.gif",
    "alt": "Friedrich Hecker"
  }
]
=== END DIAGNOSTIC LOG ===


=== RELATIVE LINK FIX ===
Markdown file directory: detlef/projekte/die-elsenz-und-der-kraichgau/geschichte-und-politik
Deployed URL directory: /detlef/projekte/die-elsenz-und-der-kraichgau/geschichte-und-politik/friedrich-hecker
Markdown depth: 4, Deployed depth: 5
Depth difference: 1 - need to add 1 "../" prefix to relative links
=== END RELATIVE LINK FIX ===

DEBUG: Checking for subdirectory: c:\Users\julia\zeiler-deployment\zeiler_me_pages\EDIT\detlef\projekte\die-elsenz-und-der-kraichgau\geschichte-und-politik\joss-fritz-und-der-bundschuh, exists: false

=== DIAGNOSTIC LOG for detlef/projekte/die-elsenz-und-der-kraichgau/geschichte-und-politik/joss-fritz-und-der-bundschuh.md ===
BASE_PATH: "/zeiler_me_pages"
File directory relative: "detlef/projekte/die-elsenz-und-der-kraichgau/geschichte-und-politik"
Frontmatter images: [
  {
    "url": "/joss-fritz-und-der-bundschuh-1.gif",
    "alt": ""
  }
]
Discovered images: [
  {
    "url": "/detlef/projekte/die-elsenz-und-der-kraichgau/geschichte-und-politik/joss-fritz-und-der-bundschuh-1.gif",
    "alt": "Joss Fritz und der Bundschuh"
  }
]
Using discovered images: true
Selected images array: [
  {
    "url": "/detlef/projekte/die-elsenz-und-der-kraichgau/geschichte-und-politik/joss-fritz-und-der-bundschuh-1.gif",
    "alt": "Joss Fritz und der Bundschuh"
  }
]
Image URL (no transformation, Astro will add BASE_PATH): "/detlef/projekte/die-elsenz-und-der-kraichgau/geschichte-und-politik/joss-fritz-und-der-bundschuh-1.gif"
Final processed images: [
  {
    "url": "/detlef/projekte/die-elsenz-und-der-kraichgau/geschichte-und-politik/joss-fritz-und-der-bundschuh-1.gif",
    "alt": "Joss Fritz und der Bundschuh"
  }
]
=== END DIAGNOSTIC LOG ===


=== RELATIVE LINK FIX ===
Markdown file directory: detlef/projekte/die-elsenz-und-der-kraichgau/geschichte-und-politik
Deployed URL directory: /detlef/projekte/die-elsenz-und-der-kraichgau/geschichte-und-politik/joss-fritz-und-der-bundschuh
Markdown depth: 4, Deployed depth: 5
Depth difference: 1 - need to add 1 "../" prefix to relative links
=== END RELATIVE LINK FIX ===

DEBUG: Checking for subdirectory: c:\Users\julia\zeiler-deployment\zeiler_me_pages\EDIT\detlef\projekte\die-elsenz-und-der-kraichgau\geschichte-und-politik\renaissance-im-kraichgau, exists: false

=== DIAGNOSTIC LOG for detlef/projekte/die-elsenz-und-der-kraichgau/geschichte-und-politik/renaissance-im-kraichgau.md ===
BASE_PATH: "/zeiler_me_pages"
File directory relative: "detlef/projekte/die-elsenz-und-der-kraichgau/geschichte-und-politik"
Frontmatter images: []
Discovered images: []
Using discovered images: false
Selected images array: []
Final processed images: []
=== END DIAGNOSTIC LOG ===


=== RELATIVE LINK FIX ===
Markdown file directory: detlef/projekte/die-elsenz-und-der-kraichgau/geschichte-und-politik
Deployed URL directory: /detlef/projekte/die-elsenz-und-der-kraichgau/geschichte-und-politik/renaissance-im-kraichgau
Markdown depth: 4, Deployed depth: 5
Depth difference: 1 - need to add 1 "../" prefix to relative links
=== END RELATIVE LINK FIX ===

DEBUG: Checking for subdirectory: c:\Users\julia\zeiler-deployment\zeiler_me_pages\EDIT\detlef\projekte\die-elsenz-und-der-kraichgau\geschichte-und-politik, exists: true

=== DIAGNOSTIC LOG for detlef/projekte/die-elsenz-und-der-kraichgau/geschichte-und-politik.md ===
BASE_PATH: "/zeiler_me_pages"
File directory relative: "detlef/projekte/die-elsenz-und-der-kraichgau"
Frontmatter images: []
Discovered images: []
Using discovered images: false
Selected images array: []
Final processed images: []
=== END DIAGNOSTIC LOG ===


=== RELATIVE LINK FIX ===
Markdown file directory: detlef/projekte/die-elsenz-und-der-kraichgau
Deployed URL directory: /detlef/projekte/die-elsenz-und-der-kraichgau/geschichte-und-politik
Markdown depth: 3, Deployed depth: 4
Depth difference: 1 - need to add 1 "../" prefix to relative links
  Fixed relative link: geschichte-und-politik/der-gaubegriff/ -> ../geschichte-und-politik/der-gaubegriff/
  Fixed relative link: geschichte-und-politik/die-burg-steinsberg/ -> ../geschichte-und-politik/die-burg-steinsberg/
  Fixed relative link: geschichte-und-politik/renaissance-im-kraichgau/ -> ../geschichte-und-politik/renaissance-im-kraichgau/
  Fixed relative link: geschichte-und-politik/bauernunruhen/ -> ../geschichte-und-politik/bauernunruhen/
  Fixed relative link: geschichte-und-politik/joss-fritz-und-der-bundschuh/ -> ../geschichte-und-politik/joss-fritz-und-der-bundschuh/
  Fixed relative link: geschichte-und-politik/friedrich-hecker/ -> ../geschichte-und-politik/friedrich-hecker/
  Fixed relative link: geschichte-und-politik/der-kraichgau-als-militaerisches-operationsgebiet/ -> ../geschichte-und-politik/der-kraichgau-als-militaerisches-operationsgebiet/
=== END RELATIVE LINK FIX ===

DEBUG: Checking for subdirectory: c:\Users\julia\zeiler-deployment\zeiler_me_pages\EDIT\detlef\projekte\die-elsenz-und-der-kraichgau\kultur-religion, exists: false

=== DIAGNOSTIC LOG for detlef/projekte/die-elsenz-und-der-kraichgau/kultur-religion.md ===
BASE_PATH: "/zeiler_me_pages"
File directory relative: "detlef/projekte/die-elsenz-und-der-kraichgau"
Frontmatter images: []
Discovered images: []
Using discovered images: false
Selected images array: []
Final processed images: []
=== END DIAGNOSTIC LOG ===


=== RELATIVE LINK FIX ===
Markdown file directory: detlef/projekte/die-elsenz-und-der-kraichgau
Deployed URL directory: /detlef/projekte/die-elsenz-und-der-kraichgau/kultur-religion
Markdown depth: 3, Deployed depth: 4
Depth difference: 1 - need to add 1 "../" prefix to relative links
=== END RELATIVE LINK FIX ===

DEBUG: Checking for subdirectory: c:\Users\julia\zeiler-deployment\zeiler_me_pages\EDIT\detlef\projekte\die-elsenz-und-der-kraichgau, exists: true

=== DIAGNOSTIC LOG for detlef/projekte/die-elsenz-und-der-kraichgau.md ===
BASE_PATH: "/zeiler_me_pages"
File directory relative: "detlef/projekte"
Frontmatter images: [
  {
    "url": "/die-elsenz-und-der-kraichgau-1.jpg",
    "alt": ""
  }
]
Discovered images: [
  {
    "url": "/detlef/projekte/die-elsenz-und-der-kraichgau-1.jpg",
    "alt": "Die Elsenz und der Kraichgau"
  }
]
Using discovered images: true
Selected images array: [
  {
    "url": "/detlef/projekte/die-elsenz-und-der-kraichgau-1.jpg",
    "alt": "Die Elsenz und der Kraichgau"
  }
]
Image URL (no transformation, Astro will add BASE_PATH): "/detlef/projekte/die-elsenz-und-der-kraichgau-1.jpg"
Final processed images: [
  {
    "url": "/detlef/projekte/die-elsenz-und-der-kraichgau-1.jpg",
    "alt": "Die Elsenz und der Kraichgau"
  }
]
=== END DIAGNOSTIC LOG ===


=== RELATIVE LINK FIX ===
Markdown file directory: detlef/projekte
Deployed URL directory: /detlef/projekte/die-elsenz-und-der-kraichgau
Markdown depth: 2, Deployed depth: 3
Depth difference: 1 - need to add 1 "../" prefix to relative links
  Fixed relative link: die-elsenz-und-der-kraichgau/geographische-lage/ -> ../die-elsenz-und-der-kraichgau/geographische-lage/
  Fixed relative link: die-elsenz-und-der-kraichgau/kultur-religion/ -> ../die-elsenz-und-der-kraichgau/kultur-religion/
  Fixed relative link: die-elsenz-und-der-kraichgau/geschichte-und-politik/ -> ../die-elsenz-und-der-kraichgau/geschichte-und-politik/
=== END RELATIVE LINK FIX ===

DEBUG: Checking for subdirectory: c:\Users\julia\zeiler-deployment\zeiler_me_pages\EDIT\detlef\projekte\dritte-gewalt-strafvollzug\anmerkungen, exists: false

=== DIAGNOSTIC LOG for detlef/projekte/dritte-gewalt-strafvollzug/anmerkungen.md ===
BASE_PATH: "/zeiler_me_pages"
File directory relative: "detlef/projekte/dritte-gewalt-strafvollzug"
Frontmatter images: []
Discovered images: []
Using discovered images: false
Selected images array: []
Final processed images: []
=== END DIAGNOSTIC LOG ===


=== RELATIVE LINK FIX ===
Markdown file directory: detlef/projekte/dritte-gewalt-strafvollzug
Deployed URL directory: /detlef/projekte/dritte-gewalt-strafvollzug/anmerkungen
Markdown depth: 3, Deployed depth: 4
Depth difference: 1 - need to add 1 "../" prefix to relative links
=== END RELATIVE LINK FIX ===

DEBUG: Checking for subdirectory: c:\Users\julia\zeiler-deployment\zeiler_me_pages\EDIT\detlef\projekte\dritte-gewalt-strafvollzug\beispiel-fuer-ein-projekt, exists: false

=== DIAGNOSTIC LOG for detlef/projekte/dritte-gewalt-strafvollzug/beispiel-fuer-ein-projekt.md ===
BASE_PATH: "/zeiler_me_pages"
File directory relative: "detlef/projekte/dritte-gewalt-strafvollzug"
Frontmatter images: []
Discovered images: []
Using discovered images: false
Selected images array: []
Final processed images: []
=== END DIAGNOSTIC LOG ===


=== RELATIVE LINK FIX ===
Markdown file directory: detlef/projekte/dritte-gewalt-strafvollzug
Deployed URL directory: /detlef/projekte/dritte-gewalt-strafvollzug/beispiel-fuer-ein-projekt
Markdown depth: 3, Deployed depth: 4
Depth difference: 1 - need to add 1 "../" prefix to relative links
  Fixed relative link: beispiel-fuer-ein-projekt/#h.p_ID_32 -> ../beispiel-fuer-ein-projekt/#h.p_ID_32
  Fixed relative link: beispiel-fuer-ein-projekt/#h.p_ID_36 -> ../beispiel-fuer-ein-projekt/#h.p_ID_36
  Fixed relative link: beispiel-fuer-ein-projekt/#h.p_ID_44 -> ../beispiel-fuer-ein-projekt/#h.p_ID_44
  Fixed relative link: beispiel-fuer-ein-projekt/#h.p_ID_48 -> ../beispiel-fuer-ein-projekt/#h.p_ID_48
=== END RELATIVE LINK FIX ===

DEBUG: Checking for subdirectory: c:\Users\julia\zeiler-deployment\zeiler_me_pages\EDIT\detlef\projekte\dritte-gewalt-strafvollzug\gymnasium, exists: false

=== DIAGNOSTIC LOG for detlef/projekte/dritte-gewalt-strafvollzug/gymnasium.md ===
BASE_PATH: "/zeiler_me_pages"
File directory relative: "detlef/projekte/dritte-gewalt-strafvollzug"
Frontmatter images: []
Discovered images: []
Using discovered images: false
Selected images array: []
Final processed images: []
=== END DIAGNOSTIC LOG ===


=== RELATIVE LINK FIX ===
Markdown file directory: detlef/projekte/dritte-gewalt-strafvollzug
Deployed URL directory: /detlef/projekte/dritte-gewalt-strafvollzug/gymnasium
Markdown depth: 3, Deployed depth: 4
Depth difference: 1 - need to add 1 "../" prefix to relative links
=== END RELATIVE LINK FIX ===

DEBUG: Checking for subdirectory: c:\Users\julia\zeiler-deployment\zeiler_me_pages\EDIT\detlef\projekte\dritte-gewalt-strafvollzug\hauptschule, exists: false

=== DIAGNOSTIC LOG for detlef/projekte/dritte-gewalt-strafvollzug/hauptschule.md ===
BASE_PATH: "/zeiler_me_pages"
File directory relative: "detlef/projekte/dritte-gewalt-strafvollzug"
Frontmatter images: []
Discovered images: []
Using discovered images: false
Selected images array: []
Final processed images: []
=== END DIAGNOSTIC LOG ===


=== RELATIVE LINK FIX ===
Markdown file directory: detlef/projekte/dritte-gewalt-strafvollzug
Deployed URL directory: /detlef/projekte/dritte-gewalt-strafvollzug/hauptschule
Markdown depth: 3, Deployed depth: 4
Depth difference: 1 - need to add 1 "../" prefix to relative links
=== END RELATIVE LINK FIX ===

DEBUG: Checking for subdirectory: c:\Users\julia\zeiler-deployment\zeiler_me_pages\EDIT\detlef\projekte\dritte-gewalt-strafvollzug\medienforum-heidelberg-ev, exists: false

=== DIAGNOSTIC LOG for detlef/projekte/dritte-gewalt-strafvollzug/medienforum-heidelberg-ev.md ===
BASE_PATH: "/zeiler_me_pages"
File directory relative: "detlef/projekte/dritte-gewalt-strafvollzug"
Frontmatter images: []
Discovered images: []
Using discovered images: false
Selected images array: []
Final processed images: []
=== END DIAGNOSTIC LOG ===


=== RELATIVE LINK FIX ===
Markdown file directory: detlef/projekte/dritte-gewalt-strafvollzug
Deployed URL directory: /detlef/projekte/dritte-gewalt-strafvollzug/medienforum-heidelberg-ev
Markdown depth: 3, Deployed depth: 4
Depth difference: 1 - need to add 1 "../" prefix to relative links
  Fixed relative link: medienforum-heidelberg-ev/#h.p_ID_32 -> ../medienforum-heidelberg-ev/#h.p_ID_32
=== END RELATIVE LINK FIX ===

DEBUG: Checking for subdirectory: c:\Users\julia\zeiler-deployment\zeiler_me_pages\EDIT\detlef\projekte\dritte-gewalt-strafvollzug\realschule, exists: false

=== DIAGNOSTIC LOG for detlef/projekte/dritte-gewalt-strafvollzug/realschule.md ===
BASE_PATH: "/zeiler_me_pages"
File directory relative: "detlef/projekte/dritte-gewalt-strafvollzug"
Frontmatter images: []
Discovered images: []
Using discovered images: false
Selected images array: []
Final processed images: []
=== END DIAGNOSTIC LOG ===


=== RELATIVE LINK FIX ===
Markdown file directory: detlef/projekte/dritte-gewalt-strafvollzug
Deployed URL directory: /detlef/projekte/dritte-gewalt-strafvollzug/realschule
Markdown depth: 3, Deployed depth: 4
Depth difference: 1 - need to add 1 "../" prefix to relative links
=== END RELATIVE LINK FIX ===

DEBUG: Checking for subdirectory: c:\Users\julia\zeiler-deployment\zeiler_me_pages\EDIT\detlef\projekte\dritte-gewalt-strafvollzug, exists: true

=== DIAGNOSTIC LOG for detlef/projekte/dritte-gewalt-strafvollzug.md ===
BASE_PATH: "/zeiler_me_pages"
File directory relative: "detlef/projekte"
Frontmatter images: [
  {
    "url": "/dritte-gewalt-strafvollzug-1.jpg",
    "alt": ""
  }
]
Discovered images: [
  {
    "url": "/detlef/projekte/dritte-gewalt-strafvollzug-1.jpg",
    "alt": "Strafvollzug"
  }
]
Using discovered images: true
Selected images array: [
  {
    "url": "/detlef/projekte/dritte-gewalt-strafvollzug-1.jpg",
    "alt": "Strafvollzug"
  }
]
Image URL (no transformation, Astro will add BASE_PATH): "/detlef/projekte/dritte-gewalt-strafvollzug-1.jpg"
Final processed images: [
  {
    "url": "/detlef/projekte/dritte-gewalt-strafvollzug-1.jpg",
    "alt": "Strafvollzug"
  }
]
=== END DIAGNOSTIC LOG ===


=== RELATIVE LINK FIX ===
Markdown file directory: detlef/projekte
Deployed URL directory: /detlef/projekte/dritte-gewalt-strafvollzug
Markdown depth: 2, Deployed depth: 3
Depth difference: 1 - need to add 1 "../" prefix to relative links
  Fixed relative link: dritte-gewalt-strafvollzug/medienforum-heidelberg-ev/ -> ../dritte-gewalt-strafvollzug/medienforum-heidelberg-ev/
  Fixed relative link: dritte-gewalt-strafvollzug/#h.p_ID_42 -> ../dritte-gewalt-strafvollzug/#h.p_ID_42
  Fixed relative link: dritte-gewalt-strafvollzug/gymnasium/ -> ../dritte-gewalt-strafvollzug/gymnasium/
  Fixed relative link: dritte-gewalt-strafvollzug/hauptschule/ -> ../dritte-gewalt-strafvollzug/hauptschule/
  Fixed relative link: dritte-gewalt-strafvollzug/realschule/ -> ../dritte-gewalt-strafvollzug/realschule/
  Fixed relative link: dritte-gewalt-strafvollzug/beispiel-fuer-ein-projekt/ -> ../dritte-gewalt-strafvollzug/beispiel-fuer-ein-projekt/
  Fixed relative link: dritte-gewalt-strafvollzug/anmerkungen/ -> ../dritte-gewalt-strafvollzug/anmerkungen/
=== END RELATIVE LINK FIX ===

DEBUG: Checking for subdirectory: c:\Users\julia\zeiler-deployment\zeiler_me_pages\EDIT\detlef\projekte\heidelberg-im-mittelalter\armenpflege-und-soziale-einrichtungen, exists: false

=== DIAGNOSTIC LOG for detlef/projekte/heidelberg-im-mittelalter/armenpflege-und-soziale-einrichtungen.md ===
BASE_PATH: "/zeiler_me_pages"
File directory relative: "detlef/projekte/heidelberg-im-mittelalter"
Frontmatter images: []
Discovered images: []
Using discovered images: false
Selected images array: []
Final processed images: []
=== END DIAGNOSTIC LOG ===


=== RELATIVE LINK FIX ===
Markdown file directory: detlef/projekte/heidelberg-im-mittelalter
Deployed URL directory: /detlef/projekte/heidelberg-im-mittelalter/armenpflege-und-soziale-einrichtungen
Markdown depth: 3, Deployed depth: 4
Depth difference: 1 - need to add 1 "../" prefix to relative links
=== END RELATIVE LINK FIX ===

DEBUG: Checking for subdirectory: c:\Users\julia\zeiler-deployment\zeiler_me_pages\EDIT\detlef\projekte\heidelberg-im-mittelalter\das-aelteste-gewerbe, exists: false

=== DIAGNOSTIC LOG for detlef/projekte/heidelberg-im-mittelalter/das-aelteste-gewerbe.md ===
BASE_PATH: "/zeiler_me_pages"
File directory relative: "detlef/projekte/heidelberg-im-mittelalter"
Frontmatter images: []
Discovered images: []
Using discovered images: false
Selected images array: []
Final processed images: []
=== END DIAGNOSTIC LOG ===


=== RELATIVE LINK FIX ===
Markdown file directory: detlef/projekte/heidelberg-im-mittelalter
Deployed URL directory: /detlef/projekte/heidelberg-im-mittelalter/das-aelteste-gewerbe
Markdown depth: 3, Deployed depth: 4
Depth difference: 1 - need to add 1 "../" prefix to relative links
=== END RELATIVE LINK FIX ===

DEBUG: Checking for subdirectory: c:\Users\julia\zeiler-deployment\zeiler_me_pages\EDIT\detlef\projekte\heidelberg-im-mittelalter\dr-jochen-goetze, exists: false

=== DIAGNOSTIC LOG for detlef/projekte/heidelberg-im-mittelalter/dr-jochen-goetze.md ===
BASE_PATH: "/zeiler_me_pages"
File directory relative: "detlef/projekte/heidelberg-im-mittelalter"
Frontmatter images: []
Discovered images: []
Using discovered images: false
Selected images array: []
Final processed images: []
=== END DIAGNOSTIC LOG ===


=== RELATIVE LINK FIX ===
Markdown file directory: detlef/projekte/heidelberg-im-mittelalter
Deployed URL directory: /detlef/projekte/heidelberg-im-mittelalter/dr-jochen-goetze
Markdown depth: 3, Deployed depth: 4
Depth difference: 1 - need to add 1 "../" prefix to relative links
=== END RELATIVE LINK FIX ===

DEBUG: Checking for subdirectory: c:\Users\julia\zeiler-deployment\zeiler_me_pages\EDIT\detlef\projekte\heidelberg-im-mittelalter\freizeit, exists: false

=== DIAGNOSTIC LOG for detlef/projekte/heidelberg-im-mittelalter/freizeit.md ===
BASE_PATH: "/zeiler_me_pages"
File directory relative: "detlef/projekte/heidelberg-im-mittelalter"
Frontmatter images: []
Discovered images: []
Using discovered images: false
Selected images array: []
Final processed images: []
=== END DIAGNOSTIC LOG ===


=== RELATIVE LINK FIX ===
Markdown file directory: detlef/projekte/heidelberg-im-mittelalter
Deployed URL directory: /detlef/projekte/heidelberg-im-mittelalter/freizeit
Markdown depth: 3, Deployed depth: 4
Depth difference: 1 - need to add 1 "../" prefix to relative links
=== END RELATIVE LINK FIX ===

DEBUG: Checking for subdirectory: c:\Users\julia\zeiler-deployment\zeiler_me_pages\EDIT\detlef\projekte\heidelberg-im-mittelalter\hexenglauben-und-hexenprozesse, exists: false

=== DIAGNOSTIC LOG for detlef/projekte/heidelberg-im-mittelalter/hexenglauben-und-hexenprozesse.md ===
BASE_PATH: "/zeiler_me_pages"
File directory relative: "detlef/projekte/heidelberg-im-mittelalter"
Frontmatter images: [
  {
    "url": "/hexenglauben-und-hexenprozesse-1.gif",
    "alt": ""
  }
]
Discovered images: [
  {
    "url": "/detlef/projekte/heidelberg-im-mittelalter/hexenglauben-und-hexenprozesse-1.gif",
    "alt": "Hexenglauben und Hexenprozesse"
  }
]
Using discovered images: true
Selected images array: [
  {
    "url": "/detlef/projekte/heidelberg-im-mittelalter/hexenglauben-und-hexenprozesse-1.gif",
    "alt": "Hexenglauben und Hexenprozesse"
  }
]
Image URL (no transformation, Astro will add BASE_PATH): "/detlef/projekte/heidelberg-im-mittelalter/hexenglauben-und-hexenprozesse-1.gif"
Final processed images: [
  {
    "url": "/detlef/projekte/heidelberg-im-mittelalter/hexenglauben-und-hexenprozesse-1.gif",
    "alt": "Hexenglauben und Hexenprozesse"
  }
]
=== END DIAGNOSTIC LOG ===


=== RELATIVE LINK FIX ===
Markdown file directory: detlef/projekte/heidelberg-im-mittelalter
Deployed URL directory: /detlef/projekte/heidelberg-im-mittelalter/hexenglauben-und-hexenprozesse
Markdown depth: 3, Deployed depth: 4
Depth difference: 1 - need to add 1 "../" prefix to relative links
  Fixed relative link: hexenglauben-und-hexenprozesse/#h.p_ID_38 -> ../hexenglauben-und-hexenprozesse/#h.p_ID_38
  Fixed relative link: hexenglauben-und-hexenprozesse/#h.p_ID_46 -> ../hexenglauben-und-hexenprozesse/#h.p_ID_46
  Fixed relative link: hexenglauben-und-hexenprozesse/#h.p_ID_58 -> ../hexenglauben-und-hexenprozesse/#h.p_ID_58
  Fixed relative link: hexenglauben-und-hexenprozesse/#h.p_ID_74 -> ../hexenglauben-und-hexenprozesse/#h.p_ID_74
  Fixed relative link: hexenglauben-und-hexenprozesse/#h.p_ID_92 -> ../hexenglauben-und-hexenprozesse/#h.p_ID_92
=== END RELATIVE LINK FIX ===

DEBUG: Checking for subdirectory: c:\Users\julia\zeiler-deployment\zeiler_me_pages\EDIT\detlef\projekte\heidelberg-im-mittelalter\juden\phase-relativer-toleranz, exists: false

=== DIAGNOSTIC LOG for detlef/projekte/heidelberg-im-mittelalter/juden/phase-relativer-toleranz.md ===
BASE_PATH: "/zeiler_me_pages"
File directory relative: "detlef/projekte/heidelberg-im-mittelalter/juden"
Frontmatter images: []
Discovered images: []
Using discovered images: false
Selected images array: []
Final processed images: []
=== END DIAGNOSTIC LOG ===


=== RELATIVE LINK FIX ===
Markdown file directory: detlef/projekte/heidelberg-im-mittelalter/juden
Deployed URL directory: /detlef/projekte/heidelberg-im-mittelalter/juden/phase-relativer-toleranz
Markdown depth: 4, Deployed depth: 5
Depth difference: 1 - need to add 1 "../" prefix to relative links
=== END RELATIVE LINK FIX ===

DEBUG: Checking for subdirectory: c:\Users\julia\zeiler-deployment\zeiler_me_pages\EDIT\detlef\projekte\heidelberg-im-mittelalter\juden\spielball-fremder-interessen, exists: false

=== DIAGNOSTIC LOG for detlef/projekte/heidelberg-im-mittelalter/juden/spielball-fremder-interessen.md ===
BASE_PATH: "/zeiler_me_pages"
File directory relative: "detlef/projekte/heidelberg-im-mittelalter/juden"
Frontmatter images: []
Discovered images: []
Using discovered images: false
Selected images array: []
Final processed images: []
=== END DIAGNOSTIC LOG ===


=== RELATIVE LINK FIX ===
Markdown file directory: detlef/projekte/heidelberg-im-mittelalter/juden
Deployed URL directory: /detlef/projekte/heidelberg-im-mittelalter/juden/spielball-fremder-interessen
Markdown depth: 4, Deployed depth: 5
Depth difference: 1 - need to add 1 "../" prefix to relative links
=== END RELATIVE LINK FIX ===

DEBUG: Checking for subdirectory: c:\Users\julia\zeiler-deployment\zeiler_me_pages\EDIT\detlef\projekte\heidelberg-im-mittelalter\juden, exists: true

=== DIAGNOSTIC LOG for detlef/projekte/heidelberg-im-mittelalter/juden.md ===
BASE_PATH: "/zeiler_me_pages"
File directory relative: "detlef/projekte/heidelberg-im-mittelalter"
Frontmatter images: []
Discovered images: []
Using discovered images: false
Selected images array: []
Final processed images: []
=== END DIAGNOSTIC LOG ===


=== RELATIVE LINK FIX ===
Markdown file directory: detlef/projekte/heidelberg-im-mittelalter
Deployed URL directory: /detlef/projekte/heidelberg-im-mittelalter/juden
Markdown depth: 3, Deployed depth: 4
Depth difference: 1 - need to add 1 "../" prefix to relative links
  Fixed relative link: juden/phase-relativer-toleranz/ -> ../juden/phase-relativer-toleranz/
  Fixed relative link: juden/spielball-fremder-interessen/ -> ../juden/spielball-fremder-interessen/
=== END RELATIVE LINK FIX ===

DEBUG: Checking for subdirectory: c:\Users\julia\zeiler-deployment\zeiler_me_pages\EDIT\detlef\projekte\heidelberg-im-mittelalter\literaturverzeichnis, exists: false

=== DIAGNOSTIC LOG for detlef/projekte/heidelberg-im-mittelalter/literaturverzeichnis.md ===
BASE_PATH: "/zeiler_me_pages"
File directory relative: "detlef/projekte/heidelberg-im-mittelalter"
Frontmatter images: []
Discovered images: []
Using discovered images: false
Selected images array: []
Final processed images: []
=== END DIAGNOSTIC LOG ===


=== RELATIVE LINK FIX ===
Markdown file directory: detlef/projekte/heidelberg-im-mittelalter
Deployed URL directory: /detlef/projekte/heidelberg-im-mittelalter/literaturverzeichnis
Markdown depth: 3, Deployed depth: 4
Depth difference: 1 - need to add 1 "../" prefix to relative links
=== END RELATIVE LINK FIX ===

DEBUG: Checking for subdirectory: c:\Users\julia\zeiler-deployment\zeiler_me_pages\EDIT\detlef\projekte\heidelberg-im-mittelalter\mopaed, exists: false

=== DIAGNOSTIC LOG for detlef/projekte/heidelberg-im-mittelalter/mopaed.md ===
BASE_PATH: "/zeiler_me_pages"
File directory relative: "detlef/projekte/heidelberg-im-mittelalter"
Frontmatter images: []
Discovered images: []
Using discovered images: false
Selected images array: []
Final processed images: []
=== END DIAGNOSTIC LOG ===


=== RELATIVE LINK FIX ===
Markdown file directory: detlef/projekte/heidelberg-im-mittelalter
Deployed URL directory: /detlef/projekte/heidelberg-im-mittelalter/mopaed
Markdown depth: 3, Deployed depth: 4
Depth difference: 1 - need to add 1 "../" prefix to relative links
  Fixed relative link: mopaed/#h.p_ID_34 -> ../mopaed/#h.p_ID_34
  Fixed relative link: mopaed/#h.p_ID_44 -> ../mopaed/#h.p_ID_44
  Fixed relative link: mopaed/#h.p_ID_48 -> ../mopaed/#h.p_ID_48
=== END RELATIVE LINK FIX ===

DEBUG: Checking for subdirectory: c:\Users\julia\zeiler-deployment\zeiler_me_pages\EDIT\detlef\projekte\heidelberg-im-mittelalter\praktische-heimatkunde, exists: false

=== DIAGNOSTIC LOG for detlef/projekte/heidelberg-im-mittelalter/praktische-heimatkunde.md ===
BASE_PATH: "/zeiler_me_pages"
File directory relative: "detlef/projekte/heidelberg-im-mittelalter"
Frontmatter images: [
  {
    "url": "/praktische-heimatkunde-1.jpg",
    "alt": ""
  },
  {
    "url": "/praktische-heimatkunde-2.jpg",
    "alt": ""
  },
  {
    "url": "/praktische-heimatkunde-3.jpg",
    "alt": "Vorbereitungen auf dem Markzplatz"
  },
  {
    "url": "/praktische-heimatkunde-4.jpg",
    "alt": "Kischka"
  },
  {
    "url": "/praktische-heimatkunde-5.jpg",
    "alt": ""
  },
  {
    "url": "/praktische-heimatkunde-6.jpg",
    "alt": ""
  },
  {
    "url": "/praktische-heimatkunde-7.jpg",
    "alt": "Kurfürst bestimmt"
  },
  {
    "url": "/praktische-heimatkunde-8.jpg",
    "alt": "Beim Kurfürst"
  },
  {
    "url": "/praktische-heimatkunde-9.jpg",
    "alt": "Kernaltstadt"
  }
]
Discovered images: [
  {
    "url": "/detlef/projekte/heidelberg-im-mittelalter/praktische-heimatkunde-1.jpg",
    "alt": "Praktische Heimatkunde"
  },
  {
    "url": "/detlef/projekte/heidelberg-im-mittelalter/praktische-heimatkunde-2.jpg",
    "alt": "Praktische Heimatkunde"
  },
  {
    "url": "/detlef/projekte/heidelberg-im-mittelalter/praktische-heimatkunde-3.jpg",
    "alt": "Praktische Heimatkunde"
  },
  {
    "url": "/detlef/projekte/heidelberg-im-mittelalter/praktische-heimatkunde-4.jpg",
    "alt": "Praktische Heimatkunde"
  },
  {
    "url": "/detlef/projekte/heidelberg-im-mittelalter/praktische-heimatkunde-5.jpg",
    "alt": "Praktische Heimatkunde"
  },
  {
    "url": "/detlef/projekte/heidelberg-im-mittelalter/praktische-heimatkunde-6.jpg",
    "alt": "Praktische Heimatkunde"
  },
  {
    "url": "/detlef/projekte/heidelberg-im-mittelalter/praktische-heimatkunde-7.jpg",
    "alt": "Praktische Heimatkunde"
  },
  {
    "url": "/detlef/projekte/heidelberg-im-mittelalter/praktische-heimatkunde-8.jpg",
    "alt": "Praktische Heimatkunde"
  },
  {
    "url": "/detlef/projekte/heidelberg-im-mittelalter/praktische-heimatkunde-9.jpg",
    "alt": "Praktische Heimatkunde"
  }
]
Using discovered images: true
Selected images array: [
  {
    "url": "/detlef/projekte/heidelberg-im-mittelalter/praktische-heimatkunde-1.jpg",
    "alt": "Praktische Heimatkunde"
  },
  {
    "url": "/detlef/projekte/heidelberg-im-mittelalter/praktische-heimatkunde-2.jpg",
    "alt": "Praktische Heimatkunde"
  },
  {
    "url": "/detlef/projekte/heidelberg-im-mittelalter/praktische-heimatkunde-3.jpg",
    "alt": "Praktische Heimatkunde"
  },
  {
    "url": "/detlef/projekte/heidelberg-im-mittelalter/praktische-heimatkunde-4.jpg",
    "alt": "Praktische Heimatkunde"
  },
  {
    "url": "/detlef/projekte/heidelberg-im-mittelalter/praktische-heimatkunde-5.jpg",
    "alt": "Praktische Heimatkunde"
  },
  {
    "url": "/detlef/projekte/heidelberg-im-mittelalter/praktische-heimatkunde-6.jpg",
    "alt": "Praktische Heimatkunde"
  },
  {
    "url": "/detlef/projekte/heidelberg-im-mittelalter/praktische-heimatkunde-7.jpg",
    "alt": "Praktische Heimatkunde"
  },
  {
    "url": "/detlef/projekte/heidelberg-im-mittelalter/praktische-heimatkunde-8.jpg",
    "alt": "Praktische Heimatkunde"
  },
  {
    "url": "/detlef/projekte/heidelberg-im-mittelalter/praktische-heimatkunde-9.jpg",
    "alt": "Praktische Heimatkunde"
  }
]
Image URL (no transformation, Astro will add BASE_PATH): "/detlef/projekte/heidelberg-im-mittelalter/praktische-heimatkunde-1.jpg"
Image URL (no transformation, Astro will add BASE_PATH): "/detlef/projekte/heidelberg-im-mittelalter/praktische-heimatkunde-2.jpg"
Image URL (no transformation, Astro will add BASE_PATH): "/detlef/projekte/heidelberg-im-mittelalter/praktische-heimatkunde-3.jpg"
Image URL (no transformation, Astro will add BASE_PATH): "/detlef/projekte/heidelberg-im-mittelalter/praktische-heimatkunde-4.jpg"
Image URL (no transformation, Astro will add BASE_PATH): "/detlef/projekte/heidelberg-im-mittelalter/praktische-heimatkunde-5.jpg"
Image URL (no transformation, Astro will add BASE_PATH): "/detlef/projekte/heidelberg-im-mittelalter/praktische-heimatkunde-6.jpg"
Image URL (no transformation, Astro will add BASE_PATH): "/detlef/projekte/heidelberg-im-mittelalter/praktische-heimatkunde-7.jpg"
Image URL (no transformation, Astro will add BASE_PATH): "/detlef/projekte/heidelberg-im-mittelalter/praktische-heimatkunde-8.jpg"
Image URL (no transformation, Astro will add BASE_PATH): "/detlef/projekte/heidelberg-im-mittelalter/praktische-heimatkunde-9.jpg"
Final processed images: [
  {
    "url": "/detlef/projekte/heidelberg-im-mittelalter/praktische-heimatkunde-1.jpg",
    "alt": "Praktische Heimatkunde"
  },
  {
    "url": "/detlef/projekte/heidelberg-im-mittelalter/praktische-heimatkunde-2.jpg",
    "alt": "Praktische Heimatkunde"
  },
  {
    "url": "/detlef/projekte/heidelberg-im-mittelalter/praktische-heimatkunde-3.jpg",
    "alt": "Praktische Heimatkunde"
  },
  {
    "url": "/detlef/projekte/heidelberg-im-mittelalter/praktische-heimatkunde-4.jpg",
    "alt": "Praktische Heimatkunde"
  },
  {
    "url": "/detlef/projekte/heidelberg-im-mittelalter/praktische-heimatkunde-5.jpg",
    "alt": "Praktische Heimatkunde"
  },
  {
    "url": "/detlef/projekte/heidelberg-im-mittelalter/praktische-heimatkunde-6.jpg",
    "alt": "Praktische Heimatkunde"
  },
  {
    "url": "/detlef/projekte/heidelberg-im-mittelalter/praktische-heimatkunde-7.jpg",
    "alt": "Praktische Heimatkunde"
  },
  {
    "url": "/detlef/projekte/heidelberg-im-mittelalter/praktische-heimatkunde-8.jpg",
    "alt": "Praktische Heimatkunde"
  },
  {
    "url": "/detlef/projekte/heidelberg-im-mittelalter/praktische-heimatkunde-9.jpg",
    "alt": "Praktische Heimatkunde"
  }
]
=== END DIAGNOSTIC LOG ===


=== RELATIVE LINK FIX ===
Markdown file directory: detlef/projekte/heidelberg-im-mittelalter
Deployed URL directory: /detlef/projekte/heidelberg-im-mittelalter/praktische-heimatkunde
Markdown depth: 3, Deployed depth: 4
Depth difference: 1 - need to add 1 "../" prefix to relative links
  Fixed relative link: praktische-heimatkunde-3.jpg -> ../praktische-heimatkunde-3.jpg
  Fixed relative link: praktische-heimatkunde-4.jpg -> ../praktische-heimatkunde-4.jpg
  Fixed relative link: praktische-heimatkunde-7.jpg -> ../praktische-heimatkunde-7.jpg
  Fixed relative link: praktische-heimatkunde-8.jpg -> ../praktische-heimatkunde-8.jpg
  Fixed relative link: praktische-heimatkunde-9.jpg -> ../praktische-heimatkunde-9.jpg
=== END RELATIVE LINK FIX ===

DEBUG: Checking for subdirectory: c:\Users\julia\zeiler-deployment\zeiler_me_pages\EDIT\detlef\projekte\heidelberg-im-mittelalter\sittenstrafordnung-fuer-dirnen, exists: false

=== DIAGNOSTIC LOG for detlef/projekte/heidelberg-im-mittelalter/sittenstrafordnung-fuer-dirnen.md ===
BASE_PATH: "/zeiler_me_pages"
File directory relative: "detlef/projekte/heidelberg-im-mittelalter"
Frontmatter images: []
Discovered images: []
Using discovered images: false
Selected images array: []
Final processed images: []
=== END DIAGNOSTIC LOG ===


=== RELATIVE LINK FIX ===
Markdown file directory: detlef/projekte/heidelberg-im-mittelalter
Deployed URL directory: /detlef/projekte/heidelberg-im-mittelalter/sittenstrafordnung-fuer-dirnen
Markdown depth: 3, Deployed depth: 4
Depth difference: 1 - need to add 1 "../" prefix to relative links
=== END RELATIVE LINK FIX ===

DEBUG: Checking for subdirectory: c:\Users\julia\zeiler-deployment\zeiler_me_pages\EDIT\detlef\projekte\heidelberg-im-mittelalter\stadtgruendung-stadtentwicklung\entstehung-und-namensgebung, exists: false

=== DIAGNOSTIC LOG for detlef/projekte/heidelberg-im-mittelalter/stadtgruendung-stadtentwicklung/entstehung-und-namensgebung.md ===
BASE_PATH: "/zeiler_me_pages"
File directory relative: "detlef/projekte/heidelberg-im-mittelalter/stadtgruendung-stadtentwicklung"
Frontmatter images: []
Discovered images: []
Using discovered images: false
Selected images array: []
Final processed images: []
=== END DIAGNOSTIC LOG ===


=== RELATIVE LINK FIX ===
Markdown file directory: detlef/projekte/heidelberg-im-mittelalter/stadtgruendung-stadtentwicklung
Deployed URL directory: /detlef/projekte/heidelberg-im-mittelalter/stadtgruendung-stadtentwicklung/entstehung-und-namensgebung
Markdown depth: 4, Deployed depth: 5
Depth difference: 1 - need to add 1 "../" prefix to relative links
=== END RELATIVE LINK FIX ===

DEBUG: Checking for subdirectory: c:\Users\julia\zeiler-deployment\zeiler_me_pages\EDIT\detlef\projekte\heidelberg-im-mittelalter\stadtgruendung-stadtentwicklung\stadtaufbau, exists: false

=== DIAGNOSTIC LOG for detlef/projekte/heidelberg-im-mittelalter/stadtgruendung-stadtentwicklung/stadtaufbau.md ===
BASE_PATH: "/zeiler_me_pages"
File directory relative: "detlef/projekte/heidelberg-im-mittelalter/stadtgruendung-stadtentwicklung"
Frontmatter images: []
Discovered images: []
Using discovered images: false
Selected images array: []
Final processed images: []
=== END DIAGNOSTIC LOG ===


=== RELATIVE LINK FIX ===
Markdown file directory: detlef/projekte/heidelberg-im-mittelalter/stadtgruendung-stadtentwicklung
Deployed URL directory: /detlef/projekte/heidelberg-im-mittelalter/stadtgruendung-stadtentwicklung/stadtaufbau
Markdown depth: 4, Deployed depth: 5
Depth difference: 1 - need to add 1 "../" prefix to relative links
=== END RELATIVE LINK FIX ===

DEBUG: Checking for subdirectory: c:\Users\julia\zeiler-deployment\zeiler_me_pages\EDIT\detlef\projekte\heidelberg-im-mittelalter\stadtgruendung-stadtentwicklung\stadtverfassung, exists: false

=== DIAGNOSTIC LOG for detlef/projekte/heidelberg-im-mittelalter/stadtgruendung-stadtentwicklung/stadtverfassung.md ===
BASE_PATH: "/zeiler_me_pages"
File directory relative: "detlef/projekte/heidelberg-im-mittelalter/stadtgruendung-stadtentwicklung"
Frontmatter images: []
Discovered images: []
Using discovered images: false
Selected images array: []
Final processed images: []
=== END DIAGNOSTIC LOG ===


=== RELATIVE LINK FIX ===
Markdown file directory: detlef/projekte/heidelberg-im-mittelalter/stadtgruendung-stadtentwicklung
Deployed URL directory: /detlef/projekte/heidelberg-im-mittelalter/stadtgruendung-stadtentwicklung/stadtverfassung
Markdown depth: 4, Deployed depth: 5
Depth difference: 1 - need to add 1 "../" prefix to relative links
=== END RELATIVE LINK FIX ===

DEBUG: Checking for subdirectory: c:\Users\julia\zeiler-deployment\zeiler_me_pages\EDIT\detlef\projekte\heidelberg-im-mittelalter\stadtgruendung-stadtentwicklung, exists: true

=== DIAGNOSTIC LOG for detlef/projekte/heidelberg-im-mittelalter/stadtgruendung-stadtentwicklung.md ===
BASE_PATH: "/zeiler_me_pages"
File directory relative: "detlef/projekte/heidelberg-im-mittelalter"
Frontmatter images: []
Discovered images: []
Using discovered images: false
Selected images array: []
Final processed images: []
=== END DIAGNOSTIC LOG ===


=== RELATIVE LINK FIX ===
Markdown file directory: detlef/projekte/heidelberg-im-mittelalter
Deployed URL directory: /detlef/projekte/heidelberg-im-mittelalter/stadtgruendung-stadtentwicklung
Markdown depth: 3, Deployed depth: 4
Depth difference: 1 - need to add 1 "../" prefix to relative links
  Fixed relative link: stadtgruendung-stadtentwicklung/stadtverfassung/ -> ../stadtgruendung-stadtentwicklung/stadtverfassung/
  Fixed relative link: stadtgruendung-stadtentwicklung/entstehung-und-namensgebung/ -> ../stadtgruendung-stadtentwicklung/entstehung-und-namensgebung/
  Fixed relative link: stadtgruendung-stadtentwicklung/stadtaufbau/ -> ../stadtgruendung-stadtentwicklung/stadtaufbau/
=== END RELATIVE LINK FIX ===

DEBUG: Checking for subdirectory: c:\Users\julia\zeiler-deployment\zeiler_me_pages\EDIT\detlef\projekte\heidelberg-im-mittelalter\strafrecht-und-strafvollzug\anmerkungen, exists: false

=== DIAGNOSTIC LOG for detlef/projekte/heidelberg-im-mittelalter/strafrecht-und-strafvollzug/anmerkungen.md ===
BASE_PATH: "/zeiler_me_pages"
File directory relative: "detlef/projekte/heidelberg-im-mittelalter/strafrecht-und-strafvollzug"
Frontmatter images: []
Discovered images: []
Using discovered images: false
Selected images array: []
Final processed images: []
=== END DIAGNOSTIC LOG ===


=== RELATIVE LINK FIX ===
Markdown file directory: detlef/projekte/heidelberg-im-mittelalter/strafrecht-und-strafvollzug
Deployed URL directory: /detlef/projekte/heidelberg-im-mittelalter/strafrecht-und-strafvollzug/anmerkungen
Markdown depth: 4, Deployed depth: 5
Depth difference: 1 - need to add 1 "../" prefix to relative links
=== END RELATIVE LINK FIX ===

DEBUG: Checking for subdirectory: c:\Users\julia\zeiler-deployment\zeiler_me_pages\EDIT\detlef\projekte\heidelberg-im-mittelalter\strafrecht-und-strafvollzug\constitutio-criminalis-carolina, exists: false

=== DIAGNOSTIC LOG for detlef/projekte/heidelberg-im-mittelalter/strafrecht-und-strafvollzug/constitutio-criminalis-carolina.md ===
BASE_PATH: "/zeiler_me_pages"
File directory relative: "detlef/projekte/heidelberg-im-mittelalter/strafrecht-und-strafvollzug"
Frontmatter images: []
Discovered images: []
Using discovered images: false
Selected images array: []
Final processed images: []
=== END DIAGNOSTIC LOG ===


=== RELATIVE LINK FIX ===
Markdown file directory: detlef/projekte/heidelberg-im-mittelalter/strafrecht-und-strafvollzug
Deployed URL directory: /detlef/projekte/heidelberg-im-mittelalter/strafrecht-und-strafvollzug/constitutio-criminalis-carolina
Markdown depth: 4, Deployed depth: 5
Depth difference: 1 - need to add 1 "../" prefix to relative links
=== END RELATIVE LINK FIX ===

DEBUG: Checking for subdirectory: c:\Users\julia\zeiler-deployment\zeiler_me_pages\EDIT\detlef\projekte\heidelberg-im-mittelalter\strafrecht-und-strafvollzug\richtstaetten-und-gefaengnisse, exists: false

=== DIAGNOSTIC LOG for detlef/projekte/heidelberg-im-mittelalter/strafrecht-und-strafvollzug/richtstaetten-und-gefaengnisse.md ===
BASE_PATH: "/zeiler_me_pages"
File directory relative: "detlef/projekte/heidelberg-im-mittelalter/strafrecht-und-strafvollzug"
Frontmatter images: []
Discovered images: []
Using discovered images: false
Selected images array: []
Final processed images: []
=== END DIAGNOSTIC LOG ===


=== RELATIVE LINK FIX ===
Markdown file directory: detlef/projekte/heidelberg-im-mittelalter/strafrecht-und-strafvollzug
Deployed URL directory: /detlef/projekte/heidelberg-im-mittelalter/strafrecht-und-strafvollzug/richtstaetten-und-gefaengnisse
Markdown depth: 4, Deployed depth: 5
Depth difference: 1 - need to add 1 "../" prefix to relative links
=== END RELATIVE LINK FIX ===

DEBUG: Checking for subdirectory: c:\Users\julia\zeiler-deployment\zeiler_me_pages\EDIT\detlef\projekte\heidelberg-im-mittelalter\strafrecht-und-strafvollzug\strafordnung, exists: false

=== DIAGNOSTIC LOG for detlef/projekte/heidelberg-im-mittelalter/strafrecht-und-strafvollzug/strafordnung.md ===
BASE_PATH: "/zeiler_me_pages"
File directory relative: "detlef/projekte/heidelberg-im-mittelalter/strafrecht-und-strafvollzug"
Frontmatter images: []
Discovered images: []
Using discovered images: false
Selected images array: []
Final processed images: []
=== END DIAGNOSTIC LOG ===


=== RELATIVE LINK FIX ===
Markdown file directory: detlef/projekte/heidelberg-im-mittelalter/strafrecht-und-strafvollzug
Deployed URL directory: /detlef/projekte/heidelberg-im-mittelalter/strafrecht-und-strafvollzug/strafordnung
Markdown depth: 4, Deployed depth: 5
Depth difference: 1 - need to add 1 "../" prefix to relative links
=== END RELATIVE LINK FIX ===

DEBUG: Checking for subdirectory: c:\Users\julia\zeiler-deployment\zeiler_me_pages\EDIT\detlef\projekte\heidelberg-im-mittelalter\strafrecht-und-strafvollzug\triumph-des-guten, exists: false

=== DIAGNOSTIC LOG for detlef/projekte/heidelberg-im-mittelalter/strafrecht-und-strafvollzug/triumph-des-guten.md ===
BASE_PATH: "/zeiler_me_pages"
File directory relative: "detlef/projekte/heidelberg-im-mittelalter/strafrecht-und-strafvollzug"
Frontmatter images: []
Discovered images: []
Using discovered images: false
Selected images array: []
Final processed images: []
=== END DIAGNOSTIC LOG ===


=== RELATIVE LINK FIX ===
Markdown file directory: detlef/projekte/heidelberg-im-mittelalter/strafrecht-und-strafvollzug
Deployed URL directory: /detlef/projekte/heidelberg-im-mittelalter/strafrecht-und-strafvollzug/triumph-des-guten
Markdown depth: 4, Deployed depth: 5
Depth difference: 1 - need to add 1 "../" prefix to relative links
=== END RELATIVE LINK FIX ===

DEBUG: Checking for subdirectory: c:\Users\julia\zeiler-deployment\zeiler_me_pages\EDIT\detlef\projekte\heidelberg-im-mittelalter\strafrecht-und-strafvollzug\verbrechen-und-strafen, exists: false

=== DIAGNOSTIC LOG for detlef/projekte/heidelberg-im-mittelalter/strafrecht-und-strafvollzug/verbrechen-und-strafen.md ===
BASE_PATH: "/zeiler_me_pages"
File directory relative: "detlef/projekte/heidelberg-im-mittelalter/strafrecht-und-strafvollzug"
Frontmatter images: [
  {
    "url": "/verbrechen-und-strafen-1.gif",
    "alt": ""
  }
]
Discovered images: [
  {
    "url": "/detlef/projekte/heidelberg-im-mittelalter/strafrecht-und-strafvollzug/verbrechen-und-strafen-1.gif",
    "alt": "III. Verbrechen und Strafen"
  }
]
Using discovered images: true
Selected images array: [
  {
    "url": "/detlef/projekte/heidelberg-im-mittelalter/strafrecht-und-strafvollzug/verbrechen-und-strafen-1.gif",
    "alt": "III. Verbrechen und Strafen"
  }
]
Image URL (no transformation, Astro will add BASE_PATH): "/detlef/projekte/heidelberg-im-mittelalter/strafrecht-und-strafvollzug/verbrechen-und-strafen-1.gif"
Final processed images: [
  {
    "url": "/detlef/projekte/heidelberg-im-mittelalter/strafrecht-und-strafvollzug/verbrechen-und-strafen-1.gif",
    "alt": "III. Verbrechen und Strafen"
  }
]
=== END DIAGNOSTIC LOG ===


=== RELATIVE LINK FIX ===
Markdown file directory: detlef/projekte/heidelberg-im-mittelalter/strafrecht-und-strafvollzug
Deployed URL directory: /detlef/projekte/heidelberg-im-mittelalter/strafrecht-und-strafvollzug/verbrechen-und-strafen
Markdown depth: 4, Deployed depth: 5
Depth difference: 1 - need to add 1 "../" prefix to relative links
=== END RELATIVE LINK FIX ===

DEBUG: Checking for subdirectory: c:\Users\julia\zeiler-deployment\zeiler_me_pages\EDIT\detlef\projekte\heidelberg-im-mittelalter\strafrecht-und-strafvollzug, exists: true

=== DIAGNOSTIC LOG for detlef/projekte/heidelberg-im-mittelalter/strafrecht-und-strafvollzug.md ===
BASE_PATH: "/zeiler_me_pages"
File directory relative: "detlef/projekte/heidelberg-im-mittelalter"
Frontmatter images: [
  {
    "url": "/strafrecht-und-strafvollzug-1.gif",
    "alt": ""
  }
]
Discovered images: [
  {
    "url": "/detlef/projekte/heidelberg-im-mittelalter/strafrecht-und-strafvollzug-1.gif",
    "alt": "Strafrecht und Strafvollzug"
  }
]
Using discovered images: true
Selected images array: [
  {
    "url": "/detlef/projekte/heidelberg-im-mittelalter/strafrecht-und-strafvollzug-1.gif",
    "alt": "Strafrecht und Strafvollzug"
  }
]
Image URL (no transformation, Astro will add BASE_PATH): "/detlef/projekte/heidelberg-im-mittelalter/strafrecht-und-strafvollzug-1.gif"
Final processed images: [
  {
    "url": "/detlef/projekte/heidelberg-im-mittelalter/strafrecht-und-strafvollzug-1.gif",
    "alt": "Strafrecht und Strafvollzug"
  }
]
=== END DIAGNOSTIC LOG ===


=== RELATIVE LINK FIX ===
Markdown file directory: detlef/projekte/heidelberg-im-mittelalter
Deployed URL directory: /detlef/projekte/heidelberg-im-mittelalter/strafrecht-und-strafvollzug
Markdown depth: 3, Deployed depth: 4
Depth difference: 1 - need to add 1 "../" prefix to relative links
  Fixed relative link: strafrecht-und-strafvollzug/triumph-des-guten/ -> ../strafrecht-und-strafvollzug/triumph-des-guten/
  Fixed relative link: strafrecht-und-strafvollzug/constitutio-criminalis-carolina/ -> ../strafrecht-und-strafvollzug/constitutio-criminalis-carolina/
  Fixed relative link: strafrecht-und-strafvollzug/verbrechen-und-strafen/ -> ../strafrecht-und-strafvollzug/verbrechen-und-strafen/
  Fixed relative link: strafrecht-und-strafvollzug/strafordnung/ -> ../strafrecht-und-strafvollzug/strafordnung/
  Fixed relative link: strafrecht-und-strafvollzug/richtstaetten-und-gefaengnisse/ -> ../strafrecht-und-strafvollzug/richtstaetten-und-gefaengnisse/
  Fixed relative link: strafrecht-und-strafvollzug/anmerkungen/ -> ../strafrecht-und-strafvollzug/anmerkungen/
=== END RELATIVE LINK FIX ===

DEBUG: Checking for subdirectory: c:\Users\julia\zeiler-deployment\zeiler_me_pages\EDIT\detlef\projekte\heidelberg-im-mittelalter\universitaet-und-studenten\ausbau-der-universitaet-und-rueckschlaege, exists: false

=== DIAGNOSTIC LOG for detlef/projekte/heidelberg-im-mittelalter/universitaet-und-studenten/ausbau-der-universitaet-und-rueckschlaege.md ===
BASE_PATH: "/zeiler_me_pages"
File directory relative: "detlef/projekte/heidelberg-im-mittelalter/universitaet-und-studenten"
Frontmatter images: []
Discovered images: []
Using discovered images: false
Selected images array: []
Final processed images: []
=== END DIAGNOSTIC LOG ===


=== RELATIVE LINK FIX ===
Markdown file directory: detlef/projekte/heidelberg-im-mittelalter/universitaet-und-studenten
Deployed URL directory: /detlef/projekte/heidelberg-im-mittelalter/universitaet-und-studenten/ausbau-der-universitaet-und-rueckschlaege
Markdown depth: 4, Deployed depth: 5
Depth difference: 1 - need to add 1 "../" prefix to relative links
=== END RELATIVE LINK FIX ===

DEBUG: Checking for subdirectory: c:\Users\julia\zeiler-deployment\zeiler_me_pages\EDIT\detlef\projekte\heidelberg-im-mittelalter\universitaet-und-studenten\ausbau-und-finanzierung, exists: false

=== DIAGNOSTIC LOG for detlef/projekte/heidelberg-im-mittelalter/universitaet-und-studenten/ausbau-und-finanzierung.md ===
BASE_PATH: "/zeiler_me_pages"
File directory relative: "detlef/projekte/heidelberg-im-mittelalter/universitaet-und-studenten"
Frontmatter images: []
Discovered images: []
Using discovered images: false
Selected images array: []
Final processed images: []
=== END DIAGNOSTIC LOG ===


=== RELATIVE LINK FIX ===
Markdown file directory: detlef/projekte/heidelberg-im-mittelalter/universitaet-und-studenten
Deployed URL directory: /detlef/projekte/heidelberg-im-mittelalter/universitaet-und-studenten/ausbau-und-finanzierung
Markdown depth: 4, Deployed depth: 5
Depth difference: 1 - need to add 1 "../" prefix to relative links
=== END RELATIVE LINK FIX ===

DEBUG: Checking for subdirectory: c:\Users\julia\zeiler-deployment\zeiler_me_pages\EDIT\detlef\projekte\heidelberg-im-mittelalter\universitaet-und-studenten\die-anfaenge-stadt-hof-und-universitaet, exists: false

=== DIAGNOSTIC LOG for detlef/projekte/heidelberg-im-mittelalter/universitaet-und-studenten/die-anfaenge-stadt-hof-und-universitaet.md ===
BASE_PATH: "/zeiler_me_pages"
File directory relative: "detlef/projekte/heidelberg-im-mittelalter/universitaet-und-studenten"
Frontmatter images: []
Discovered images: []
Using discovered images: false
Selected images array: []
Final processed images: []
=== END DIAGNOSTIC LOG ===


=== RELATIVE LINK FIX ===
Markdown file directory: detlef/projekte/heidelberg-im-mittelalter/universitaet-und-studenten
Deployed URL directory: /detlef/projekte/heidelberg-im-mittelalter/universitaet-und-studenten/die-anfaenge-stadt-hof-und-universitaet
Markdown depth: 4, Deployed depth: 5
Depth difference: 1 - need to add 1 "../" prefix to relative links
=== END RELATIVE LINK FIX ===

DEBUG: Checking for subdirectory: c:\Users\julia\zeiler-deployment\zeiler_me_pages\EDIT\detlef\projekte\heidelberg-im-mittelalter\universitaet-und-studenten\die-universitaet-zwischen-mittelalter-und-neuzeit, exists: false

=== DIAGNOSTIC LOG for detlef/projekte/heidelberg-im-mittelalter/universitaet-und-studenten/die-universitaet-zwischen-mittelalter-und-neuzeit.md ===
BASE_PATH: "/zeiler_me_pages"
File directory relative: "detlef/projekte/heidelberg-im-mittelalter/universitaet-und-studenten"
Frontmatter images: []
Discovered images: []
Using discovered images: false
Selected images array: []
Final processed images: []
=== END DIAGNOSTIC LOG ===


=== RELATIVE LINK FIX ===
Markdown file directory: detlef/projekte/heidelberg-im-mittelalter/universitaet-und-studenten
Deployed URL directory: /detlef/projekte/heidelberg-im-mittelalter/universitaet-und-studenten/die-universitaet-zwischen-mittelalter-und-neuzeit
Markdown depth: 4, Deployed depth: 5
Depth difference: 1 - need to add 1 "../" prefix to relative links
=== END RELATIVE LINK FIX ===

DEBUG: Checking for subdirectory: c:\Users\julia\zeiler-deployment\zeiler_me_pages\EDIT\detlef\projekte\heidelberg-im-mittelalter\universitaet-und-studenten\einleitung, exists: false

=== DIAGNOSTIC LOG for detlef/projekte/heidelberg-im-mittelalter/universitaet-und-studenten/einleitung.md ===
BASE_PATH: "/zeiler_me_pages"
File directory relative: "detlef/projekte/heidelberg-im-mittelalter/universitaet-und-studenten"
Frontmatter images: []
Discovered images: []
Using discovered images: false
Selected images array: []
Final processed images: []
=== END DIAGNOSTIC LOG ===


=== RELATIVE LINK FIX ===
Markdown file directory: detlef/projekte/heidelberg-im-mittelalter/universitaet-und-studenten
Deployed URL directory: /detlef/projekte/heidelberg-im-mittelalter/universitaet-und-studenten/einleitung
Markdown depth: 4, Deployed depth: 5
Depth difference: 1 - need to add 1 "../" prefix to relative links
=== END RELATIVE LINK FIX ===

DEBUG: Checking for subdirectory: c:\Users\julia\zeiler-deployment\zeiler_me_pages\EDIT\detlef\projekte\heidelberg-im-mittelalter\universitaet-und-studenten\konflikte-mit-hofbediensteten-buergern-und-juden, exists: false

=== DIAGNOSTIC LOG for detlef/projekte/heidelberg-im-mittelalter/universitaet-und-studenten/konflikte-mit-hofbediensteten-buergern-und-juden.md ===
BASE_PATH: "/zeiler_me_pages"
File directory relative: "detlef/projekte/heidelberg-im-mittelalter/universitaet-und-studenten"
Frontmatter images: []
Discovered images: []
Using discovered images: false
Selected images array: []
Final processed images: []
=== END DIAGNOSTIC LOG ===


=== RELATIVE LINK FIX ===
Markdown file directory: detlef/projekte/heidelberg-im-mittelalter/universitaet-und-studenten
Deployed URL directory: /detlef/projekte/heidelberg-im-mittelalter/universitaet-und-studenten/konflikte-mit-hofbediensteten-buergern-und-juden
Markdown depth: 4, Deployed depth: 5
Depth difference: 1 - need to add 1 "../" prefix to relative links
=== END RELATIVE LINK FIX ===

DEBUG: Checking for subdirectory: c:\Users\julia\zeiler-deployment\zeiler_me_pages\EDIT\detlef\projekte\heidelberg-im-mittelalter\universitaet-und-studenten\motive-fuer-den-aufbau-einer-universitaet, exists: false

=== DIAGNOSTIC LOG for detlef/projekte/heidelberg-im-mittelalter/universitaet-und-studenten/motive-fuer-den-aufbau-einer-universitaet.md ===
BASE_PATH: "/zeiler_me_pages"
File directory relative: "detlef/projekte/heidelberg-im-mittelalter/universitaet-und-studenten"
Frontmatter images: []
Discovered images: []
Using discovered images: false
Selected images array: []
Final processed images: []
=== END DIAGNOSTIC LOG ===


=== RELATIVE LINK FIX ===
Markdown file directory: detlef/projekte/heidelberg-im-mittelalter/universitaet-und-studenten
Deployed URL directory: /detlef/projekte/heidelberg-im-mittelalter/universitaet-und-studenten/motive-fuer-den-aufbau-einer-universitaet
Markdown depth: 4, Deployed depth: 5
Depth difference: 1 - need to add 1 "../" prefix to relative links
=== END RELATIVE LINK FIX ===

DEBUG: Checking for subdirectory: c:\Users\julia\zeiler-deployment\zeiler_me_pages\EDIT\detlef\projekte\heidelberg-im-mittelalter\universitaet-und-studenten\studentenunruhen, exists: false

=== DIAGNOSTIC LOG for detlef/projekte/heidelberg-im-mittelalter/universitaet-und-studenten/studentenunruhen.md ===
BASE_PATH: "/zeiler_me_pages"
File directory relative: "detlef/projekte/heidelberg-im-mittelalter/universitaet-und-studenten"
Frontmatter images: []
Discovered images: []
Using discovered images: false
Selected images array: []
Final processed images: []
=== END DIAGNOSTIC LOG ===


=== RELATIVE LINK FIX ===
Markdown file directory: detlef/projekte/heidelberg-im-mittelalter/universitaet-und-studenten
Deployed URL directory: /detlef/projekte/heidelberg-im-mittelalter/universitaet-und-studenten/studentenunruhen
Markdown depth: 4, Deployed depth: 5
Depth difference: 1 - need to add 1 "../" prefix to relative links
  Fixed relative link: die-anfaenge-stadt-hof-und-universitaet/ -> ../die-anfaenge-stadt-hof-und-universitaet/
  Fixed relative link: konflikte-mit-hofbediensteten-buergern-und-juden/ -> ../konflikte-mit-hofbediensteten-buergern-und-juden/
  Fixed relative link: ausbau-der-universitaet-und-rueckschlaege/ -> ../ausbau-der-universitaet-und-rueckschlaege/
  Fixed relative link: die-universitaet-zwischen-mittelalter-und-neuzeit/ -> ../die-universitaet-zwischen-mittelalter-und-neuzeit/
=== END RELATIVE LINK FIX ===

DEBUG: Checking for subdirectory: c:\Users\julia\zeiler-deployment\zeiler_me_pages\EDIT\detlef\projekte\heidelberg-im-mittelalter\universitaet-und-studenten, exists: true

=== DIAGNOSTIC LOG for detlef/projekte/heidelberg-im-mittelalter/universitaet-und-studenten.md ===
BASE_PATH: "/zeiler_me_pages"
File directory relative: "detlef/projekte/heidelberg-im-mittelalter"
Frontmatter images: [
  {
    "url": "/universitaet-und-studenten-1.gif",
    "alt": ""
  }
]
Discovered images: [
  {
    "url": "/detlef/projekte/heidelberg-im-mittelalter/universitaet-und-studenten-1.gif",
    "alt": "Universität und Studenten im Heidelberger Mittelalter"
  }
]
Using discovered images: true
Selected images array: [
  {
    "url": "/detlef/projekte/heidelberg-im-mittelalter/universitaet-und-studenten-1.gif",
    "alt": "Universität und Studenten im Heidelberger Mittelalter"
  }
]
Image URL (no transformation, Astro will add BASE_PATH): "/detlef/projekte/heidelberg-im-mittelalter/universitaet-und-studenten-1.gif"
Final processed images: [
  {
    "url": "/detlef/projekte/heidelberg-im-mittelalter/universitaet-und-studenten-1.gif",
    "alt": "Universität und Studenten im Heidelberger Mittelalter"
  }
]
=== END DIAGNOSTIC LOG ===


=== RELATIVE LINK FIX ===
Markdown file directory: detlef/projekte/heidelberg-im-mittelalter
Deployed URL directory: /detlef/projekte/heidelberg-im-mittelalter/universitaet-und-studenten
Markdown depth: 3, Deployed depth: 4
Depth difference: 1 - need to add 1 "../" prefix to relative links
  Fixed relative link: universitaet-und-studenten/einleitung/ -> ../universitaet-und-studenten/einleitung/
  Fixed relative link: universitaet-und-studenten/motive-fuer-den-aufbau-einer-universitaet/ -> ../universitaet-und-studenten/motive-fuer-den-aufbau-einer-universitaet/
  Fixed relative link: universitaet-und-studenten/ausbau-und-finanzierung/ -> ../universitaet-und-studenten/ausbau-und-finanzierung/
  Fixed relative link: universitaet-und-studenten/studentenunruhen/ -> ../universitaet-und-studenten/studentenunruhen/
=== END RELATIVE LINK FIX ===

DEBUG: Checking for subdirectory: c:\Users\julia\zeiler-deployment\zeiler_me_pages\EDIT\detlef\projekte\heidelberg-im-mittelalter, exists: true

=== DIAGNOSTIC LOG for detlef/projekte/heidelberg-im-mittelalter.md ===
BASE_PATH: "/zeiler_me_pages"
File directory relative: "detlef/projekte"
Frontmatter images: []
Discovered images: []
Using discovered images: false
Selected images array: []
Final processed images: []
=== END DIAGNOSTIC LOG ===


=== RELATIVE LINK FIX ===
Markdown file directory: detlef/projekte
Deployed URL directory: /detlef/projekte/heidelberg-im-mittelalter
Markdown depth: 2, Deployed depth: 3
Depth difference: 1 - need to add 1 "../" prefix to relative links
  Fixed relative link: heidelberg-im-mittelalter/#h.p_ID_32 -> ../heidelberg-im-mittelalter/#h.p_ID_32
  Fixed relative link: heidelberg-im-mittelalter/praktische-heimatkunde/ -> ../heidelberg-im-mittelalter/praktische-heimatkunde/
  Fixed relative link: heidelberg-im-mittelalter/stadtgruendung-stadtentwicklung/ -> ../heidelberg-im-mittelalter/stadtgruendung-stadtentwicklung/
  Fixed relative link: heidelberg-im-mittelalter/universitaet-und-studenten/ -> ../heidelberg-im-mittelalter/universitaet-und-studenten/
  Fixed relative link: heidelberg-im-mittelalter/strafrecht-und-strafvollzug/ -> ../heidelberg-im-mittelalter/strafrecht-und-strafvollzug/
  Fixed relative link: heidelberg-im-mittelalter/sittenstrafordnung-fuer-dirnen/ -> ../heidelberg-im-mittelalter/sittenstrafordnung-fuer-dirnen/
  Fixed relative link: heidelberg-im-mittelalter/das-aelteste-gewerbe/ -> ../heidelberg-im-mittelalter/das-aelteste-gewerbe/
  Fixed relative link: heidelberg-im-mittelalter/hexenglauben-und-hexenprozesse/ -> ../heidelberg-im-mittelalter/hexenglauben-und-hexenprozesse/
  Fixed relative link: heidelberg-im-mittelalter/juden/ -> ../heidelberg-im-mittelalter/juden/
  Fixed relative link: heidelberg-im-mittelalter/armenpflege-und-soziale-einrichtungen/ -> ../heidelberg-im-mittelalter/armenpflege-und-soziale-einrichtungen/
  Fixed relative link: heidelberg-im-mittelalter/freizeit/ -> ../heidelberg-im-mittelalter/freizeit/
  Fixed relative link: heidelberg-im-mittelalter/literaturverzeichnis/ -> ../heidelberg-im-mittelalter/literaturverzeichnis/
  Fixed relative link: heidelberg-im-mittelalter/dr-jochen-goetze/ -> ../heidelberg-im-mittelalter/dr-jochen-goetze/
  Fixed relative link: heidelberg-im-mittelalter/mopaed/ -> ../heidelberg-im-mittelalter/mopaed/
=== END RELATIVE LINK FIX ===

DEBUG: Checking for subdirectory: c:\Users\julia\zeiler-deployment\zeiler_me_pages\EDIT\detlef\projekte\heidelberger-schulgeschichten\anfaenge, exists: false

=== DIAGNOSTIC LOG for detlef/projekte/heidelberger-schulgeschichten/anfaenge.md ===
BASE_PATH: "/zeiler_me_pages"
File directory relative: "detlef/projekte/heidelberger-schulgeschichten"
Frontmatter images: [
  {
    "url": "/anfaenge-1.jpg",
    "alt": ""
  }
]
Discovered images: [
  {
    "url": "/detlef/projekte/heidelberger-schulgeschichten/anfaenge-1.jpg",
    "alt": "Die Anfänge"
  }
]
Using discovered images: true
Selected images array: [
  {
    "url": "/detlef/projekte/heidelberger-schulgeschichten/anfaenge-1.jpg",
    "alt": "Die Anfänge"
  }
]
Image URL (no transformation, Astro will add BASE_PATH): "/detlef/projekte/heidelberger-schulgeschichten/anfaenge-1.jpg"
Final processed images: [
  {
    "url": "/detlef/projekte/heidelberger-schulgeschichten/anfaenge-1.jpg",
    "alt": "Die Anfänge"
  }
]
=== END DIAGNOSTIC LOG ===


=== RELATIVE LINK FIX ===
Markdown file directory: detlef/projekte/heidelberger-schulgeschichten
Deployed URL directory: /detlef/projekte/heidelberger-schulgeschichten/anfaenge
Markdown depth: 3, Deployed depth: 4
Depth difference: 1 - need to add 1 "../" prefix to relative links
  Fixed relative link: anfaenge/#h.p_ID_55 -> ../anfaenge/#h.p_ID_55
  Fixed relative link: anfaenge/#h.p_ID_57 -> ../anfaenge/#h.p_ID_57
=== END RELATIVE LINK FIX ===

DEBUG: Checking for subdirectory: c:\Users\julia\zeiler-deployment\zeiler_me_pages\EDIT\detlef\projekte\heidelberger-schulgeschichten\buerger-und-bauern, exists: false

=== DIAGNOSTIC LOG for detlef/projekte/heidelberger-schulgeschichten/buerger-und-bauern.md ===
BASE_PATH: "/zeiler_me_pages"
File directory relative: "detlef/projekte/heidelberger-schulgeschichten"
Frontmatter images: [
  {
    "url": "/buerger-und-bauern-1.jpg",
    "alt": ""
  }
]
Discovered images: [
  {
    "url": "/detlef/projekte/heidelberger-schulgeschichten/buerger-und-bauern-1.jpg",
    "alt": "Bürger und Bauern"
  }
]
Using discovered images: true
Selected images array: [
  {
    "url": "/detlef/projekte/heidelberger-schulgeschichten/buerger-und-bauern-1.jpg",
    "alt": "Bürger und Bauern"
  }
]
Image URL (no transformation, Astro will add BASE_PATH): "/detlef/projekte/heidelberger-schulgeschichten/buerger-und-bauern-1.jpg"
Final processed images: [
  {
    "url": "/detlef/projekte/heidelberger-schulgeschichten/buerger-und-bauern-1.jpg",
    "alt": "Bürger und Bauern"
  }
]
=== END DIAGNOSTIC LOG ===


=== RELATIVE LINK FIX ===
Markdown file directory: detlef/projekte/heidelberger-schulgeschichten
Deployed URL directory: /detlef/projekte/heidelberger-schulgeschichten/buerger-und-bauern
Markdown depth: 3, Deployed depth: 4
Depth difference: 1 - need to add 1 "../" prefix to relative links
=== END RELATIVE LINK FIX ===

DEBUG: Checking for subdirectory: c:\Users\julia\zeiler-deployment\zeiler_me_pages\EDIT\detlef\projekte\heidelberger-schulgeschichten\das-18te-jahrhundert, exists: false

=== DIAGNOSTIC LOG for detlef/projekte/heidelberger-schulgeschichten/das-18te-jahrhundert.md ===
BASE_PATH: "/zeiler_me_pages"
File directory relative: "detlef/projekte/heidelberger-schulgeschichten"
Frontmatter images: []
Discovered images: []
Using discovered images: false
Selected images array: []
Final processed images: []
=== END DIAGNOSTIC LOG ===


=== RELATIVE LINK FIX ===
Markdown file directory: detlef/projekte/heidelberger-schulgeschichten
Deployed URL directory: /detlef/projekte/heidelberger-schulgeschichten/das-18te-jahrhundert
Markdown depth: 3, Deployed depth: 4
Depth difference: 1 - need to add 1 "../" prefix to relative links
=== END RELATIVE LINK FIX ===

DEBUG: Checking for subdirectory: c:\Users\julia\zeiler-deployment\zeiler_me_pages\EDIT\detlef\projekte\heidelberger-schulgeschichten\das-19te-jahrhundert, exists: false

=== DIAGNOSTIC LOG for detlef/projekte/heidelberger-schulgeschichten/das-19te-jahrhundert.md ===
BASE_PATH: "/zeiler_me_pages"
File directory relative: "detlef/projekte/heidelberger-schulgeschichten"
Frontmatter images: [
  {
    "url": "/das-19te-jahrhundert-1.jpg",
    "alt": ""
  }
]
Discovered images: [
  {
    "url": "/detlef/projekte/heidelberger-schulgeschichten/das-19te-jahrhundert-1.jpg",
    "alt": "Das 19. Jahrhundert"
  }
]
Using discovered images: true
Selected images array: [
  {
    "url": "/detlef/projekte/heidelberger-schulgeschichten/das-19te-jahrhundert-1.jpg",
    "alt": "Das 19. Jahrhundert"
  }
]
Image URL (no transformation, Astro will add BASE_PATH): "/detlef/projekte/heidelberger-schulgeschichten/das-19te-jahrhundert-1.jpg"
Final processed images: [
  {
    "url": "/detlef/projekte/heidelberger-schulgeschichten/das-19te-jahrhundert-1.jpg",
    "alt": "Das 19. Jahrhundert"
  }
]
=== END DIAGNOSTIC LOG ===


=== RELATIVE LINK FIX ===
Markdown file directory: detlef/projekte/heidelberger-schulgeschichten
Deployed URL directory: /detlef/projekte/heidelberger-schulgeschichten/das-19te-jahrhundert
Markdown depth: 3, Deployed depth: 4
Depth difference: 1 - need to add 1 "../" prefix to relative links
=== END RELATIVE LINK FIX ===

DEBUG: Checking for subdirectory: c:\Users\julia\zeiler-deployment\zeiler_me_pages\EDIT\detlef\projekte\heidelberger-schulgeschichten\das-20te-jahrhundert, exists: false

=== DIAGNOSTIC LOG for detlef/projekte/heidelberger-schulgeschichten/das-20te-jahrhundert.md ===
BASE_PATH: "/zeiler_me_pages"
File directory relative: "detlef/projekte/heidelberger-schulgeschichten"
Frontmatter images: [
  {
    "url": "/das-20te-jahrhundert-1.jpg",
    "alt": ""
  }
]
Discovered images: [
  {
    "url": "/detlef/projekte/heidelberger-schulgeschichten/das-20te-jahrhundert-1.jpg",
    "alt": "Das 20. Jahrhundert"
  }
]
Using discovered images: true
Selected images array: [
  {
    "url": "/detlef/projekte/heidelberger-schulgeschichten/das-20te-jahrhundert-1.jpg",
    "alt": "Das 20. Jahrhundert"
  }
]
Image URL (no transformation, Astro will add BASE_PATH): "/detlef/projekte/heidelberger-schulgeschichten/das-20te-jahrhundert-1.jpg"
Final processed images: [
  {
    "url": "/detlef/projekte/heidelberger-schulgeschichten/das-20te-jahrhundert-1.jpg",
    "alt": "Das 20. Jahrhundert"
  }
]
=== END DIAGNOSTIC LOG ===


=== RELATIVE LINK FIX ===
Markdown file directory: detlef/projekte/heidelberger-schulgeschichten
Deployed URL directory: /detlef/projekte/heidelberger-schulgeschichten/das-20te-jahrhundert
Markdown depth: 3, Deployed depth: 4
Depth difference: 1 - need to add 1 "../" prefix to relative links
=== END RELATIVE LINK FIX ===

DEBUG: Checking for subdirectory: c:\Users\julia\zeiler-deployment\zeiler_me_pages\EDIT\detlef\projekte\heidelberger-schulgeschichten\lehrerschaft-kfg-3tes-reich, exists: false

=== DIAGNOSTIC LOG for detlef/projekte/heidelberger-schulgeschichten/lehrerschaft-kfg-3tes-reich.md ===
BASE_PATH: "/zeiler_me_pages"
File directory relative: "detlef/projekte/heidelberger-schulgeschichten"
Frontmatter images: [
  {
    "url": "/lehrerschaft-kfg-3tes-reich-1.jpg",
    "alt": ""
  },
  {
    "url": "/lehrerschaft-kfg-3tes-reich-2.jpg",
    "alt": ""
  }
]
Discovered images: [
  {
    "url": "/detlef/projekte/heidelberger-schulgeschichten/lehrerschaft-kfg-3tes-reich-1.jpg",
    "alt": "Gymnasiums in der Zeit des Nationalsozialismus"
  },
  {
    "url": "/detlef/projekte/heidelberger-schulgeschichten/lehrerschaft-kfg-3tes-reich-2.jpg",
    "alt": "Gymnasiums in der Zeit des Nationalsozialismus"
  }
]
Using discovered images: true
Selected images array: [
  {
    "url": "/detlef/projekte/heidelberger-schulgeschichten/lehrerschaft-kfg-3tes-reich-1.jpg",
    "alt": "Gymnasiums in der Zeit des Nationalsozialismus"
  },
  {
    "url": "/detlef/projekte/heidelberger-schulgeschichten/lehrerschaft-kfg-3tes-reich-2.jpg",
    "alt": "Gymnasiums in der Zeit des Nationalsozialismus"
  }
]
Image URL (no transformation, Astro will add BASE_PATH): "/detlef/projekte/heidelberger-schulgeschichten/lehrerschaft-kfg-3tes-reich-1.jpg"
Image URL (no transformation, Astro will add BASE_PATH): "/detlef/projekte/heidelberger-schulgeschichten/lehrerschaft-kfg-3tes-reich-2.jpg"
Final processed images: [
  {
    "url": "/detlef/projekte/heidelberger-schulgeschichten/lehrerschaft-kfg-3tes-reich-1.jpg",
    "alt": "Gymnasiums in der Zeit des Nationalsozialismus"
  },
  {
    "url": "/detlef/projekte/heidelberger-schulgeschichten/lehrerschaft-kfg-3tes-reich-2.jpg",
    "alt": "Gymnasiums in der Zeit des Nationalsozialismus"
  }
]
=== END DIAGNOSTIC LOG ===


=== RELATIVE LINK FIX ===
Markdown file directory: detlef/projekte/heidelberger-schulgeschichten
Deployed URL directory: /detlef/projekte/heidelberger-schulgeschichten/lehrerschaft-kfg-3tes-reich
Markdown depth: 3, Deployed depth: 4
Depth difference: 1 - need to add 1 "../" prefix to relative links
=== END RELATIVE LINK FIX ===

DEBUG: Checking for subdirectory: c:\Users\julia\zeiler-deployment\zeiler_me_pages\EDIT\detlef\projekte\heidelberger-schulgeschichten\schuelerunruhen-am-kfg, exists: false

=== DIAGNOSTIC LOG for detlef/projekte/heidelberger-schulgeschichten/schuelerunruhen-am-kfg.md ===
BASE_PATH: "/zeiler_me_pages"
File directory relative: "detlef/projekte/heidelberger-schulgeschichten"
Frontmatter images: [
  {
    "url": "/schuelerunruhen-am-kfg-1.jpg",
    "alt": ""
  },
  {
    "url": "/schuelerunruhen-am-kfg-2.jpg",
    "alt": ""
  },
  {
    "url": "/schuelerunruhen-am-kfg-3.jpg",
    "alt": ""
  }
]
Discovered images: [
  {
    "url": "/detlef/projekte/heidelberger-schulgeschichten/schuelerunruhen-am-kfg-1.jpg",
    "alt": "Gymnasium im Jahre 1968"
  },
  {
    "url": "/detlef/projekte/heidelberger-schulgeschichten/schuelerunruhen-am-kfg-2.jpg",
    "alt": "Gymnasium im Jahre 1968"
  },
  {
    "url": "/detlef/projekte/heidelberger-schulgeschichten/schuelerunruhen-am-kfg-3.jpg",
    "alt": "Gymnasium im Jahre 1968"
  }
]
Using discovered images: true
Selected images array: [
  {
    "url": "/detlef/projekte/heidelberger-schulgeschichten/schuelerunruhen-am-kfg-1.jpg",
    "alt": "Gymnasium im Jahre 1968"
  },
  {
    "url": "/detlef/projekte/heidelberger-schulgeschichten/schuelerunruhen-am-kfg-2.jpg",
    "alt": "Gymnasium im Jahre 1968"
  },
  {
    "url": "/detlef/projekte/heidelberger-schulgeschichten/schuelerunruhen-am-kfg-3.jpg",
    "alt": "Gymnasium im Jahre 1968"
  }
]
Image URL (no transformation, Astro will add BASE_PATH): "/detlef/projekte/heidelberger-schulgeschichten/schuelerunruhen-am-kfg-1.jpg"
Image URL (no transformation, Astro will add BASE_PATH): "/detlef/projekte/heidelberger-schulgeschichten/schuelerunruhen-am-kfg-2.jpg"
Image URL (no transformation, Astro will add BASE_PATH): "/detlef/projekte/heidelberger-schulgeschichten/schuelerunruhen-am-kfg-3.jpg"
Final processed images: [
  {
    "url": "/detlef/projekte/heidelberger-schulgeschichten/schuelerunruhen-am-kfg-1.jpg",
    "alt": "Gymnasium im Jahre 1968"
  },
  {
    "url": "/detlef/projekte/heidelberger-schulgeschichten/schuelerunruhen-am-kfg-2.jpg",
    "alt": "Gymnasium im Jahre 1968"
  },
  {
    "url": "/detlef/projekte/heidelberger-schulgeschichten/schuelerunruhen-am-kfg-3.jpg",
    "alt": "Gymnasium im Jahre 1968"
  }
]
=== END DIAGNOSTIC LOG ===


=== RELATIVE LINK FIX ===
Markdown file directory: detlef/projekte/heidelberger-schulgeschichten
Deployed URL directory: /detlef/projekte/heidelberger-schulgeschichten/schuelerunruhen-am-kfg
Markdown depth: 3, Deployed depth: 4
Depth difference: 1 - need to add 1 "../" prefix to relative links
=== END RELATIVE LINK FIX ===

DEBUG: Checking for subdirectory: c:\Users\julia\zeiler-deployment\zeiler_me_pages\EDIT\detlef\projekte\heidelberger-schulgeschichten, exists: true

=== DIAGNOSTIC LOG for detlef/projekte/heidelberger-schulgeschichten.md ===
BASE_PATH: "/zeiler_me_pages"
File directory relative: "detlef/projekte"
Frontmatter images: []
Discovered images: []
Using discovered images: false
Selected images array: []
Final processed images: []
=== END DIAGNOSTIC LOG ===


=== RELATIVE LINK FIX ===
Markdown file directory: detlef/projekte
Deployed URL directory: /detlef/projekte/heidelberger-schulgeschichten
Markdown depth: 2, Deployed depth: 3
Depth difference: 1 - need to add 1 "../" prefix to relative links
  Fixed relative link: heidelberger-schulgeschichten/anfaenge/ -> ../heidelberger-schulgeschichten/anfaenge/
  Fixed relative link: heidelberger-schulgeschichten/buerger-und-bauern/ -> ../heidelberger-schulgeschichten/buerger-und-bauern/
  Fixed relative link: heidelberger-schulgeschichten/das-18te-jahrhundert/ -> ../heidelberger-schulgeschichten/das-18te-jahrhundert/
  Fixed relative link: heidelberger-schulgeschichten/das-19te-jahrhundert/ -> ../heidelberger-schulgeschichten/das-19te-jahrhundert/
  Fixed relative link: heidelberger-schulgeschichten/das-20te-jahrhundert/ -> ../heidelberger-schulgeschichten/das-20te-jahrhundert/
  Fixed relative link: heidelberger-schulgeschichten/lehrerschaft-kfg-3tes-reich/ -> ../heidelberger-schulgeschichten/lehrerschaft-kfg-3tes-reich/
  Fixed relative link: heidelberger-schulgeschichten/schuelerunruhen-am-kfg/ -> ../heidelberger-schulgeschichten/schuelerunruhen-am-kfg/
=== END RELATIVE LINK FIX ===

DEBUG: Checking for subdirectory: c:\Users\julia\zeiler-deployment\zeiler_me_pages\EDIT\detlef\projekte\heiligenberg\der-unheimliche-berg, exists: false

=== DIAGNOSTIC LOG for detlef/projekte/heiligenberg/der-unheimliche-berg.md ===
BASE_PATH: "/zeiler_me_pages"
File directory relative: "detlef/projekte/heiligenberg"
Frontmatter images: [
  {
    "url": "/der-unheimliche-berg-1.jpg",
    "alt": ""
  },
  {
    "url": "/der-unheimliche-berg-2.jpg",
    "alt": ""
  },
  {
    "url": "/der-unheimliche-berg-3.jpg",
    "alt": ""
  },
  {
    "url": "/der-unheimliche-berg-4.jpg",
    "alt": ""
  }
]
Discovered images: [
  {
    "url": "/detlef/projekte/heiligenberg/der-unheimliche-berg-1.jpg",
    "alt": "Der unheimliche Berg"
  },
  {
    "url": "/detlef/projekte/heiligenberg/der-unheimliche-berg-2.jpg",
    "alt": "Der unheimliche Berg"
  },
  {
    "url": "/detlef/projekte/heiligenberg/der-unheimliche-berg-3.jpg",
    "alt": "Der unheimliche Berg"
  },
  {
    "url": "/detlef/projekte/heiligenberg/der-unheimliche-berg-4.jpg",
    "alt": "Der unheimliche Berg"
  }
]
Using discovered images: true
Selected images array: [
  {
    "url": "/detlef/projekte/heiligenberg/der-unheimliche-berg-1.jpg",
    "alt": "Der unheimliche Berg"
  },
  {
    "url": "/detlef/projekte/heiligenberg/der-unheimliche-berg-2.jpg",
    "alt": "Der unheimliche Berg"
  },
  {
    "url": "/detlef/projekte/heiligenberg/der-unheimliche-berg-3.jpg",
    "alt": "Der unheimliche Berg"
  },
  {
    "url": "/detlef/projekte/heiligenberg/der-unheimliche-berg-4.jpg",
    "alt": "Der unheimliche Berg"
  }
]
Image URL (no transformation, Astro will add BASE_PATH): "/detlef/projekte/heiligenberg/der-unheimliche-berg-1.jpg"
Image URL (no transformation, Astro will add BASE_PATH): "/detlef/projekte/heiligenberg/der-unheimliche-berg-2.jpg"
Image URL (no transformation, Astro will add BASE_PATH): "/detlef/projekte/heiligenberg/der-unheimliche-berg-3.jpg"
Image URL (no transformation, Astro will add BASE_PATH): "/detlef/projekte/heiligenberg/der-unheimliche-berg-4.jpg"
Final processed images: [
  {
    "url": "/detlef/projekte/heiligenberg/der-unheimliche-berg-1.jpg",
    "alt": "Der unheimliche Berg"
  },
  {
    "url": "/detlef/projekte/heiligenberg/der-unheimliche-berg-2.jpg",
    "alt": "Der unheimliche Berg"
  },
  {
    "url": "/detlef/projekte/heiligenberg/der-unheimliche-berg-3.jpg",
    "alt": "Der unheimliche Berg"
  },
  {
    "url": "/detlef/projekte/heiligenberg/der-unheimliche-berg-4.jpg",
    "alt": "Der unheimliche Berg"
  }
]
=== END DIAGNOSTIC LOG ===


=== RELATIVE LINK FIX ===
Markdown file directory: detlef/projekte/heiligenberg
Deployed URL directory: /detlef/projekte/heiligenberg/der-unheimliche-berg
Markdown depth: 3, Deployed depth: 4
Depth difference: 1 - need to add 1 "../" prefix to relative links
=== END RELATIVE LINK FIX ===

DEBUG: Checking for subdirectory: c:\Users\julia\zeiler-deployment\zeiler_me_pages\EDIT\detlef\projekte\heiligenberg\geschichte, exists: false

=== DIAGNOSTIC LOG for detlef/projekte/heiligenberg/geschichte.md ===
BASE_PATH: "/zeiler_me_pages"
File directory relative: "detlef/projekte/heiligenberg"
Frontmatter images: [
  {
    "url": "/geschichte-1.jpg",
    "alt": ""
  },
  {
    "url": "/geschichte-2.jpg",
    "alt": ""
  },
  {
    "url": "/geschichte-3.jpg",
    "alt": ""
  },
  {
    "url": "/geschichte-4.jpg",
    "alt": ""
  },
  {
    "url": "/geschichte-5.jpg",
    "alt": ""
  },
  {
    "url": "/geschichte-6.jpg",
    "alt": ""
  },
  {
    "url": "/geschichte-7.jpg",
    "alt": ""
  },
  {
    "url": "/geschichte-8.jpg",
    "alt": ""
  },
  {
    "url": "/geschichte-9.jpg",
    "alt": ""
  },
  {
    "url": "/geschichte-10.jpg",
    "alt": ""
  }
]
Discovered images: [
  {
    "url": "/detlef/projekte/heiligenberg/geschichte-1.jpg",
    "alt": "Die Geschichte des Heiligenbergs"
  },
  {
    "url": "/detlef/projekte/heiligenberg/geschichte-2.jpg",
    "alt": "Die Geschichte des Heiligenbergs"
  },
  {
    "url": "/detlef/projekte/heiligenberg/geschichte-3.jpg",
    "alt": "Die Geschichte des Heiligenbergs"
  },
  {
    "url": "/detlef/projekte/heiligenberg/geschichte-4.jpg",
    "alt": "Die Geschichte des Heiligenbergs"
  },
  {
    "url": "/detlef/projekte/heiligenberg/geschichte-5.jpg",
    "alt": "Die Geschichte des Heiligenbergs"
  },
  {
    "url": "/detlef/projekte/heiligenberg/geschichte-6.jpg",
    "alt": "Die Geschichte des Heiligenbergs"
  },
  {
    "url": "/detlef/projekte/heiligenberg/geschichte-7.jpg",
    "alt": "Die Geschichte des Heiligenbergs"
  },
  {
    "url": "/detlef/projekte/heiligenberg/geschichte-8.jpg",
    "alt": "Die Geschichte des Heiligenbergs"
  },
  {
    "url": "/detlef/projekte/heiligenberg/geschichte-9.jpg",
    "alt": "Die Geschichte des Heiligenbergs"
  },
  {
    "url": "/detlef/projekte/heiligenberg/geschichte-10.jpg",
    "alt": "Die Geschichte des Heiligenbergs"
  }
]
Using discovered images: true
Selected images array: [
  {
    "url": "/detlef/projekte/heiligenberg/geschichte-1.jpg",
    "alt": "Die Geschichte des Heiligenbergs"
  },
  {
    "url": "/detlef/projekte/heiligenberg/geschichte-2.jpg",
    "alt": "Die Geschichte des Heiligenbergs"
  },
  {
    "url": "/detlef/projekte/heiligenberg/geschichte-3.jpg",
    "alt": "Die Geschichte des Heiligenbergs"
  },
  {
    "url": "/detlef/projekte/heiligenberg/geschichte-4.jpg",
    "alt": "Die Geschichte des Heiligenbergs"
  },
  {
    "url": "/detlef/projekte/heiligenberg/geschichte-5.jpg",
    "alt": "Die Geschichte des Heiligenbergs"
  },
  {
    "url": "/detlef/projekte/heiligenberg/geschichte-6.jpg",
    "alt": "Die Geschichte des Heiligenbergs"
  },
  {
    "url": "/detlef/projekte/heiligenberg/geschichte-7.jpg",
    "alt": "Die Geschichte des Heiligenbergs"
  },
  {
    "url": "/detlef/projekte/heiligenberg/geschichte-8.jpg",
    "alt": "Die Geschichte des Heiligenbergs"
  },
  {
    "url": "/detlef/projekte/heiligenberg/geschichte-9.jpg",
    "alt": "Die Geschichte des Heiligenbergs"
  },
  {
    "url": "/detlef/projekte/heiligenberg/geschichte-10.jpg",
    "alt": "Die Geschichte des Heiligenbergs"
  }
]
Image URL (no transformation, Astro will add BASE_PATH): "/detlef/projekte/heiligenberg/geschichte-1.jpg"
Image URL (no transformation, Astro will add BASE_PATH): "/detlef/projekte/heiligenberg/geschichte-2.jpg"
Image URL (no transformation, Astro will add BASE_PATH): "/detlef/projekte/heiligenberg/geschichte-3.jpg"
Image URL (no transformation, Astro will add BASE_PATH): "/detlef/projekte/heiligenberg/geschichte-4.jpg"
Image URL (no transformation, Astro will add BASE_PATH): "/detlef/projekte/heiligenberg/geschichte-5.jpg"
Image URL (no transformation, Astro will add BASE_PATH): "/detlef/projekte/heiligenberg/geschichte-6.jpg"
Image URL (no transformation, Astro will add BASE_PATH): "/detlef/projekte/heiligenberg/geschichte-7.jpg"
Image URL (no transformation, Astro will add BASE_PATH): "/detlef/projekte/heiligenberg/geschichte-8.jpg"
Image URL (no transformation, Astro will add BASE_PATH): "/detlef/projekte/heiligenberg/geschichte-9.jpg"
Image URL (no transformation, Astro will add BASE_PATH): "/detlef/projekte/heiligenberg/geschichte-10.jpg"
Final processed images: [
  {
    "url": "/detlef/projekte/heiligenberg/geschichte-1.jpg",
    "alt": "Die Geschichte des Heiligenbergs"
  },
  {
    "url": "/detlef/projekte/heiligenberg/geschichte-2.jpg",
    "alt": "Die Geschichte des Heiligenbergs"
  },
  {
    "url": "/detlef/projekte/heiligenberg/geschichte-3.jpg",
    "alt": "Die Geschichte des Heiligenbergs"
  },
  {
    "url": "/detlef/projekte/heiligenberg/geschichte-4.jpg",
    "alt": "Die Geschichte des Heiligenbergs"
  },
  {
    "url": "/detlef/projekte/heiligenberg/geschichte-5.jpg",
    "alt": "Die Geschichte des Heiligenbergs"
  },
  {
    "url": "/detlef/projekte/heiligenberg/geschichte-6.jpg",
    "alt": "Die Geschichte des Heiligenbergs"
  },
  {
    "url": "/detlef/projekte/heiligenberg/geschichte-7.jpg",
    "alt": "Die Geschichte des Heiligenbergs"
  },
  {
    "url": "/detlef/projekte/heiligenberg/geschichte-8.jpg",
    "alt": "Die Geschichte des Heiligenbergs"
  },
  {
    "url": "/detlef/projekte/heiligenberg/geschichte-9.jpg",
    "alt": "Die Geschichte des Heiligenbergs"
  },
  {
    "url": "/detlef/projekte/heiligenberg/geschichte-10.jpg",
    "alt": "Die Geschichte des Heiligenbergs"
  }
]
=== END DIAGNOSTIC LOG ===


=== RELATIVE LINK FIX ===
Markdown file directory: detlef/projekte/heiligenberg
Deployed URL directory: /detlef/projekte/heiligenberg/geschichte
Markdown depth: 3, Deployed depth: 4
Depth difference: 1 - need to add 1 "../" prefix to relative links
=== END RELATIVE LINK FIX ===

DEBUG: Checking for subdirectory: c:\Users\julia\zeiler-deployment\zeiler_me_pages\EDIT\detlef\projekte\heiligenberg\mopaed, exists: false

=== DIAGNOSTIC LOG for detlef/projekte/heiligenberg/mopaed.md ===
BASE_PATH: "/zeiler_me_pages"
File directory relative: "detlef/projekte/heiligenberg"
Frontmatter images: []
Discovered images: []
Using discovered images: false
Selected images array: []
Final processed images: []
=== END DIAGNOSTIC LOG ===


=== RELATIVE LINK FIX ===
Markdown file directory: detlef/projekte/heiligenberg
Deployed URL directory: /detlef/projekte/heiligenberg/mopaed
Markdown depth: 3, Deployed depth: 4
Depth difference: 1 - need to add 1 "../" prefix to relative links
  Fixed relative link: mopaed/#h.p_ID_34 -> ../mopaed/#h.p_ID_34
  Fixed relative link: mopaed/#h.p_ID_44 -> ../mopaed/#h.p_ID_44
  Fixed relative link: mopaed/#h.p_ID_48 -> ../mopaed/#h.p_ID_48
=== END RELATIVE LINK FIX ===

DEBUG: Checking for subdirectory: c:\Users\julia\zeiler-deployment\zeiler_me_pages\EDIT\detlef\projekte\heiligenberg\projekt, exists: false

=== DIAGNOSTIC LOG for detlef/projekte/heiligenberg/projekt.md ===
BASE_PATH: "/zeiler_me_pages"
File directory relative: "detlef/projekte/heiligenberg"
Frontmatter images: [
  {
    "url": "/projekt-1.jpg",
    "alt": ""
  }
]
Discovered images: [
  {
    "url": "/detlef/projekte/heiligenberg/projekt-1.jpg",
    "alt": "Unser Projekt"
  }
]
Using discovered images: true
Selected images array: [
  {
    "url": "/detlef/projekte/heiligenberg/projekt-1.jpg",
    "alt": "Unser Projekt"
  }
]
Image URL (no transformation, Astro will add BASE_PATH): "/detlef/projekte/heiligenberg/projekt-1.jpg"
Final processed images: [
  {
    "url": "/detlef/projekte/heiligenberg/projekt-1.jpg",
    "alt": "Unser Projekt"
  }
]
=== END DIAGNOSTIC LOG ===


=== RELATIVE LINK FIX ===
Markdown file directory: detlef/projekte/heiligenberg
Deployed URL directory: /detlef/projekte/heiligenberg/projekt
Markdown depth: 3, Deployed depth: 4
Depth difference: 1 - need to add 1 "../" prefix to relative links
=== END RELATIVE LINK FIX ===

DEBUG: Checking for subdirectory: c:\Users\julia\zeiler-deployment\zeiler_me_pages\EDIT\detlef\projekte\heiligenberg, exists: true

=== DIAGNOSTIC LOG for detlef/projekte/heiligenberg.md ===
BASE_PATH: "/zeiler_me_pages"
File directory relative: "detlef/projekte"
Frontmatter images: [
  {
    "url": "/heiligenberg-1.jpg",
    "alt": ""
  },
  {
    "url": "/heiligenberg-2.gif",
    "alt": ""
  }
]
Discovered images: [
  {
    "url": "/detlef/projekte/heiligenberg-1.jpg",
    "alt": "Der Heiligenberg bei Heidelberg"
  },
  {
    "url": "/detlef/projekte/heiligenberg-2.gif",
    "alt": "Der Heiligenberg bei Heidelberg"
  }
]
Using discovered images: true
Selected images array: [
  {
    "url": "/detlef/projekte/heiligenberg-1.jpg",
    "alt": "Der Heiligenberg bei Heidelberg"
  },
  {
    "url": "/detlef/projekte/heiligenberg-2.gif",
    "alt": "Der Heiligenberg bei Heidelberg"
  }
]
Image URL (no transformation, Astro will add BASE_PATH): "/detlef/projekte/heiligenberg-1.jpg"
Image URL (no transformation, Astro will add BASE_PATH): "/detlef/projekte/heiligenberg-2.gif"
Final processed images: [
  {
    "url": "/detlef/projekte/heiligenberg-1.jpg",
    "alt": "Der Heiligenberg bei Heidelberg"
  },
  {
    "url": "/detlef/projekte/heiligenberg-2.gif",
    "alt": "Der Heiligenberg bei Heidelberg"
  }
]
=== END DIAGNOSTIC LOG ===


=== RELATIVE LINK FIX ===
Markdown file directory: detlef/projekte
Deployed URL directory: /detlef/projekte/heiligenberg
Markdown depth: 2, Deployed depth: 3
Depth difference: 1 - need to add 1 "../" prefix to relative links
  Fixed relative link: heiligenberg/#h.p_ID_32 -> ../heiligenberg/#h.p_ID_32
  Fixed relative link: heiligenberg/geschichte/ -> ../heiligenberg/geschichte/
  Fixed relative link: heiligenberg/der-unheimliche-berg/ -> ../heiligenberg/der-unheimliche-berg/
  Fixed relative link: heiligenberg/projekt/ -> ../heiligenberg/projekt/
  Fixed relative link: heiligenberg/mopaed/ -> ../heiligenberg/mopaed/
=== END RELATIVE LINK FIX ===

DEBUG: Checking for subdirectory: c:\Users\julia\zeiler-deployment\zeiler_me_pages\EDIT\detlef\projekte\neuenheim\eingemeindung, exists: false

=== DIAGNOSTIC LOG for detlef/projekte/neuenheim/eingemeindung.md ===
BASE_PATH: "/zeiler_me_pages"
File directory relative: "detlef/projekte/neuenheim"
Frontmatter images: []
Discovered images: []
Using discovered images: false
Selected images array: []
Final processed images: []
=== END DIAGNOSTIC LOG ===


=== RELATIVE LINK FIX ===
Markdown file directory: detlef/projekte/neuenheim
Deployed URL directory: /detlef/projekte/neuenheim/eingemeindung
Markdown depth: 3, Deployed depth: 4
Depth difference: 1 - need to add 1 "../" prefix to relative links
  Fixed relative link: eingemeindung/#h.p_ID_32 -> ../eingemeindung/#h.p_ID_32
=== END RELATIVE LINK FIX ===

DEBUG: Checking for subdirectory: c:\Users\julia\zeiler-deployment\zeiler_me_pages\EDIT\detlef\projekte\neuenheim\interview-krauch, exists: false

=== DIAGNOSTIC LOG for detlef/projekte/neuenheim/interview-krauch.md ===
BASE_PATH: "/zeiler_me_pages"
File directory relative: "detlef/projekte/neuenheim"
Frontmatter images: [
  {
    "url": "/interview-krauch-1.jpg",
    "alt": ""
  }
]
Discovered images: [
  {
    "url": "/detlef/projekte/neuenheim/interview-krauch-1.jpg",
    "alt": "Interview mit Herrn Krauch"
  }
]
Using discovered images: true
Selected images array: [
  {
    "url": "/detlef/projekte/neuenheim/interview-krauch-1.jpg",
    "alt": "Interview mit Herrn Krauch"
  }
]
Image URL (no transformation, Astro will add BASE_PATH): "/detlef/projekte/neuenheim/interview-krauch-1.jpg"
Final processed images: [
  {
    "url": "/detlef/projekte/neuenheim/interview-krauch-1.jpg",
    "alt": "Interview mit Herrn Krauch"
  }
]
=== END DIAGNOSTIC LOG ===


=== RELATIVE LINK FIX ===
Markdown file directory: detlef/projekte/neuenheim
Deployed URL directory: /detlef/projekte/neuenheim/interview-krauch
Markdown depth: 3, Deployed depth: 4
Depth difference: 1 - need to add 1 "../" prefix to relative links
=== END RELATIVE LINK FIX ===

DEBUG: Checking for subdirectory: c:\Users\julia\zeiler-deployment\zeiler_me_pages\EDIT\detlef\projekte\neuenheim\ist-halb-europa, exists: false

=== DIAGNOSTIC LOG for detlef/projekte/neuenheim/ist-halb-europa.md ===
BASE_PATH: "/zeiler_me_pages"
File directory relative: "detlef/projekte/neuenheim"
Frontmatter images: [
  {
    "url": "/ist-halb-europa-1.jpg",
    "alt": ""
  },
  {
    "url": "/ist-halb-europa-2.jpg",
    "alt": ""
  }
]
Discovered images: [
  {
    "url": "/detlef/projekte/neuenheim/ist-halb-europa-1.jpg",
    "alt": "„Neuenheim ist halb Europa“"
  },
  {
    "url": "/detlef/projekte/neuenheim/ist-halb-europa-2.jpg",
    "alt": "„Neuenheim ist halb Europa“"
  }
]
Using discovered images: true
Selected images array: [
  {
    "url": "/detlef/projekte/neuenheim/ist-halb-europa-1.jpg",
    "alt": "„Neuenheim ist halb Europa“"
  },
  {
    "url": "/detlef/projekte/neuenheim/ist-halb-europa-2.jpg",
    "alt": "„Neuenheim ist halb Europa“"
  }
]
Image URL (no transformation, Astro will add BASE_PATH): "/detlef/projekte/neuenheim/ist-halb-europa-1.jpg"
Image URL (no transformation, Astro will add BASE_PATH): "/detlef/projekte/neuenheim/ist-halb-europa-2.jpg"
Final processed images: [
  {
    "url": "/detlef/projekte/neuenheim/ist-halb-europa-1.jpg",
    "alt": "„Neuenheim ist halb Europa“"
  },
  {
    "url": "/detlef/projekte/neuenheim/ist-halb-europa-2.jpg",
    "alt": "„Neuenheim ist halb Europa“"
  }
]
=== END DIAGNOSTIC LOG ===


=== RELATIVE LINK FIX ===
Markdown file directory: detlef/projekte/neuenheim
Deployed URL directory: /detlef/projekte/neuenheim/ist-halb-europa
Markdown depth: 3, Deployed depth: 4
Depth difference: 1 - need to add 1 "../" prefix to relative links
=== END RELATIVE LINK FIX ===

DEBUG: Checking for subdirectory: c:\Users\julia\zeiler-deployment\zeiler_me_pages\EDIT\detlef\projekte\neuenheim\judenfrei, exists: false

=== DIAGNOSTIC LOG for detlef/projekte/neuenheim/judenfrei.md ===
BASE_PATH: "/zeiler_me_pages"
File directory relative: "detlef/projekte/neuenheim"
Frontmatter images: []
Discovered images: []
Using discovered images: false
Selected images array: []
Final processed images: []
=== END DIAGNOSTIC LOG ===


=== RELATIVE LINK FIX ===
Markdown file directory: detlef/projekte/neuenheim
Deployed URL directory: /detlef/projekte/neuenheim/judenfrei
Markdown depth: 3, Deployed depth: 4
Depth difference: 1 - need to add 1 "../" prefix to relative links
=== END RELATIVE LINK FIX ===

DEBUG: Checking for subdirectory: c:\Users\julia\zeiler-deployment\zeiler_me_pages\EDIT\detlef\projekte\neuenheim\mopaed, exists: false

=== DIAGNOSTIC LOG for detlef/projekte/neuenheim/mopaed.md ===
BASE_PATH: "/zeiler_me_pages"
File directory relative: "detlef/projekte/neuenheim"
Frontmatter images: []
Discovered images: []
Using discovered images: false
Selected images array: []
Final processed images: []
=== END DIAGNOSTIC LOG ===


=== RELATIVE LINK FIX ===
Markdown file directory: detlef/projekte/neuenheim
Deployed URL directory: /detlef/projekte/neuenheim/mopaed
Markdown depth: 3, Deployed depth: 4
Depth difference: 1 - need to add 1 "../" prefix to relative links
  Fixed relative link: mopaed/#h.p_ID_34 -> ../mopaed/#h.p_ID_34
  Fixed relative link: mopaed/#h.p_ID_44 -> ../mopaed/#h.p_ID_44
  Fixed relative link: mopaed/#h.p_ID_48 -> ../mopaed/#h.p_ID_48
=== END RELATIVE LINK FIX ===

DEBUG: Checking for subdirectory: c:\Users\julia\zeiler-deployment\zeiler_me_pages\EDIT\detlef\projekte\neuenheim\otto-jaeger-ludwig-merz, exists: false

=== DIAGNOSTIC LOG for detlef/projekte/neuenheim/otto-jaeger-ludwig-merz.md ===
BASE_PATH: "/zeiler_me_pages"
File directory relative: "detlef/projekte/neuenheim"
Frontmatter images: [
  {
    "url": "/otto-jaeger-ludwig-merz-1.jpg",
    "alt": ""
  },
  {
    "url": "/otto-jaeger-ludwig-merz-2.jpg",
    "alt": ""
  },
  {
    "url": "/otto-jaeger-ludwig-merz-3.jpg",
    "alt": ""
  }
]
Discovered images: [
  {
    "url": "/detlef/projekte/neuenheim/otto-jaeger-ludwig-merz-1.jpg",
    "alt": "Neuenheim wird Stadtteil von Heidelberg"
  },
  {
    "url": "/detlef/projekte/neuenheim/otto-jaeger-ludwig-merz-2.jpg",
    "alt": "Neuenheim wird Stadtteil von Heidelberg"
  },
  {
    "url": "/detlef/projekte/neuenheim/otto-jaeger-ludwig-merz-3.jpg",
    "alt": "Neuenheim wird Stadtteil von Heidelberg"
  }
]
Using discovered images: true
Selected images array: [
  {
    "url": "/detlef/projekte/neuenheim/otto-jaeger-ludwig-merz-1.jpg",
    "alt": "Neuenheim wird Stadtteil von Heidelberg"
  },
  {
    "url": "/detlef/projekte/neuenheim/otto-jaeger-ludwig-merz-2.jpg",
    "alt": "Neuenheim wird Stadtteil von Heidelberg"
  },
  {
    "url": "/detlef/projekte/neuenheim/otto-jaeger-ludwig-merz-3.jpg",
    "alt": "Neuenheim wird Stadtteil von Heidelberg"
  }
]
Image URL (no transformation, Astro will add BASE_PATH): "/detlef/projekte/neuenheim/otto-jaeger-ludwig-merz-1.jpg"
Image URL (no transformation, Astro will add BASE_PATH): "/detlef/projekte/neuenheim/otto-jaeger-ludwig-merz-2.jpg"
Image URL (no transformation, Astro will add BASE_PATH): "/detlef/projekte/neuenheim/otto-jaeger-ludwig-merz-3.jpg"
Final processed images: [
  {
    "url": "/detlef/projekte/neuenheim/otto-jaeger-ludwig-merz-1.jpg",
    "alt": "Neuenheim wird Stadtteil von Heidelberg"
  },
  {
    "url": "/detlef/projekte/neuenheim/otto-jaeger-ludwig-merz-2.jpg",
    "alt": "Neuenheim wird Stadtteil von Heidelberg"
  },
  {
    "url": "/detlef/projekte/neuenheim/otto-jaeger-ludwig-merz-3.jpg",
    "alt": "Neuenheim wird Stadtteil von Heidelberg"
  }
]
=== END DIAGNOSTIC LOG ===


=== RELATIVE LINK FIX ===
Markdown file directory: detlef/projekte/neuenheim
Deployed URL directory: /detlef/projekte/neuenheim/otto-jaeger-ludwig-merz
Markdown depth: 3, Deployed depth: 4
Depth difference: 1 - need to add 1 "../" prefix to relative links
=== END RELATIVE LINK FIX ===

DEBUG: Checking for subdirectory: c:\Users\julia\zeiler-deployment\zeiler_me_pages\EDIT\detlef\projekte\neuenheim\projekt, exists: false

=== DIAGNOSTIC LOG for detlef/projekte/neuenheim/projekt.md ===
BASE_PATH: "/zeiler_me_pages"
File directory relative: "detlef/projekte/neuenheim"
Frontmatter images: [
  {
    "url": "/projekt-1.gif",
    "alt": ""
  }
]
Discovered images: [
  {
    "url": "/detlef/projekte/neuenheim/projekt-1.gif",
    "alt": "Projekt"
  }
]
Using discovered images: true
Selected images array: [
  {
    "url": "/detlef/projekte/neuenheim/projekt-1.gif",
    "alt": "Projekt"
  }
]
Image URL (no transformation, Astro will add BASE_PATH): "/detlef/projekte/neuenheim/projekt-1.gif"
Final processed images: [
  {
    "url": "/detlef/projekte/neuenheim/projekt-1.gif",
    "alt": "Projekt"
  }
]
=== END DIAGNOSTIC LOG ===


=== RELATIVE LINK FIX ===
Markdown file directory: detlef/projekte/neuenheim
Deployed URL directory: /detlef/projekte/neuenheim/projekt
Markdown depth: 3, Deployed depth: 4
Depth difference: 1 - need to add 1 "../" prefix to relative links
=== END RELATIVE LINK FIX ===

DEBUG: Checking for subdirectory: c:\Users\julia\zeiler-deployment\zeiler_me_pages\EDIT\detlef\projekte\neuenheim\ueberblick, exists: false

=== DIAGNOSTIC LOG for detlef/projekte/neuenheim/ueberblick.md ===
BASE_PATH: "/zeiler_me_pages"
File directory relative: "detlef/projekte/neuenheim"
Frontmatter images: []
Discovered images: []
Using discovered images: false
Selected images array: []
Final processed images: []
=== END DIAGNOSTIC LOG ===


=== RELATIVE LINK FIX ===
Markdown file directory: detlef/projekte/neuenheim
Deployed URL directory: /detlef/projekte/neuenheim/ueberblick
Markdown depth: 3, Deployed depth: 4
Depth difference: 1 - need to add 1 "../" prefix to relative links
=== END RELATIVE LINK FIX ===

DEBUG: Checking for subdirectory: c:\Users\julia\zeiler-deployment\zeiler_me_pages\EDIT\detlef\projekte\neuenheim, exists: true

=== DIAGNOSTIC LOG for detlef/projekte/neuenheim.md ===
BASE_PATH: "/zeiler_me_pages"
File directory relative: "detlef/projekte"
Frontmatter images: [
  {
    "url": "/neuenheim-1.jpg",
    "alt": ""
  },
  {
    "url": "/neuenheim-2.gif",
    "alt": ""
  }
]
Discovered images: [
  {
    "url": "/detlef/projekte/neuenheim-1.jpg",
    "alt": "Neuenheim ist halb Europa"
  },
  {
    "url": "/detlef/projekte/neuenheim-2.gif",
    "alt": "Neuenheim ist halb Europa"
  }
]
Using discovered images: true
Selected images array: [
  {
    "url": "/detlef/projekte/neuenheim-1.jpg",
    "alt": "Neuenheim ist halb Europa"
  },
  {
    "url": "/detlef/projekte/neuenheim-2.gif",
    "alt": "Neuenheim ist halb Europa"
  }
]
Image URL (no transformation, Astro will add BASE_PATH): "/detlef/projekte/neuenheim-1.jpg"
Image URL (no transformation, Astro will add BASE_PATH): "/detlef/projekte/neuenheim-2.gif"
Final processed images: [
  {
    "url": "/detlef/projekte/neuenheim-1.jpg",
    "alt": "Neuenheim ist halb Europa"
  },
  {
    "url": "/detlef/projekte/neuenheim-2.gif",
    "alt": "Neuenheim ist halb Europa"
  }
]
=== END DIAGNOSTIC LOG ===


=== RELATIVE LINK FIX ===
Markdown file directory: detlef/projekte
Deployed URL directory: /detlef/projekte/neuenheim
Markdown depth: 2, Deployed depth: 3
Depth difference: 1 - need to add 1 "../" prefix to relative links
  Fixed relative link: neuenheim/ueberblick/ -> ../neuenheim/ueberblick/
  Fixed relative link: neuenheim/eingemeindung/ -> ../neuenheim/eingemeindung/
  Fixed relative link: neuenheim/ist-halb-europa/ -> ../neuenheim/ist-halb-europa/
  Fixed relative link: neuenheim/otto-jaeger-ludwig-merz/ -> ../neuenheim/otto-jaeger-ludwig-merz/
  Fixed relative link: neuenheim/otto-jaeger-ludwig-merz/ -> ../neuenheim/otto-jaeger-ludwig-merz/
  Fixed relative link: neuenheim/interview-krauch/ -> ../neuenheim/interview-krauch/
  Fixed relative link: neuenheim/judenfrei/ -> ../neuenheim/judenfrei/
  Fixed relative link: neuenheim/projekt/ -> ../neuenheim/projekt/
  Fixed relative link: neuenheim/mopaed/ -> ../neuenheim/mopaed/
=== END RELATIVE LINK FIX ===

DEBUG: Checking for subdirectory: c:\Users\julia\zeiler-deployment\zeiler_me_pages\EDIT\detlef\projekte\old-providence-die-insel-providencia\1817-1821-die-korsaren, exists: false

=== DIAGNOSTIC LOG for detlef/projekte/old-providence-die-insel-providencia/1817-1821-die-korsaren.md ===
BASE_PATH: "/zeiler_me_pages"
File directory relative: "detlef/projekte/old-providence-die-insel-providencia"
Frontmatter images: []
Discovered images: []
Using discovered images: false
Selected images array: []
Final processed images: []
=== END DIAGNOSTIC LOG ===


=== RELATIVE LINK FIX ===
Markdown file directory: detlef/projekte/old-providence-die-insel-providencia
Deployed URL directory: /detlef/projekte/old-providence-die-insel-providencia/1817-1821-die-korsaren
Markdown depth: 3, Deployed depth: 4
Depth difference: 1 - need to add 1 "../" prefix to relative links
=== END RELATIVE LINK FIX ===

DEBUG: Checking for subdirectory: c:\Users\julia\zeiler-deployment\zeiler_me_pages\EDIT\detlef\projekte\old-providence-die-insel-providencia\aktuell-1903-heute, exists: false

=== DIAGNOSTIC LOG for detlef/projekte/old-providence-die-insel-providencia/aktuell-1903-heute.md ===
BASE_PATH: "/zeiler_me_pages"
File directory relative: "detlef/projekte/old-providence-die-insel-providencia"
Frontmatter images: []
Discovered images: []
Using discovered images: false
Selected images array: []
Final processed images: []
=== END DIAGNOSTIC LOG ===


=== RELATIVE LINK FIX ===
Markdown file directory: detlef/projekte/old-providence-die-insel-providencia
Deployed URL directory: /detlef/projekte/old-providence-die-insel-providencia/aktuell-1903-heute
Markdown depth: 3, Deployed depth: 4
Depth difference: 1 - need to add 1 "../" prefix to relative links
=== END RELATIVE LINK FIX ===

DEBUG: Checking for subdirectory: c:\Users\julia\zeiler-deployment\zeiler_me_pages\EDIT\detlef\projekte\old-providence-die-insel-providencia\jahr-1629, exists: false

=== DIAGNOSTIC LOG for detlef/projekte/old-providence-die-insel-providencia/jahr-1629.md ===
BASE_PATH: "/zeiler_me_pages"
File directory relative: "detlef/projekte/old-providence-die-insel-providencia"
Frontmatter images: []
Discovered images: []
Using discovered images: false
Selected images array: []
Final processed images: []
=== END DIAGNOSTIC LOG ===


=== RELATIVE LINK FIX ===
Markdown file directory: detlef/projekte/old-providence-die-insel-providencia
Deployed URL directory: /detlef/projekte/old-providence-die-insel-providencia/jahr-1629
Markdown depth: 3, Deployed depth: 4
Depth difference: 1 - need to add 1 "../" prefix to relative links
=== END RELATIVE LINK FIX ===

DEBUG: Checking for subdirectory: c:\Users\julia\zeiler-deployment\zeiler_me_pages\EDIT\detlef\projekte\old-providence-die-insel-providencia\jahr-1641, exists: false

=== DIAGNOSTIC LOG for detlef/projekte/old-providence-die-insel-providencia/jahr-1641.md ===
BASE_PATH: "/zeiler_me_pages"
File directory relative: "detlef/projekte/old-providence-die-insel-providencia"
Frontmatter images: []
Discovered images: []
Using discovered images: false
Selected images array: []
Final processed images: []
=== END DIAGNOSTIC LOG ===


=== RELATIVE LINK FIX ===
Markdown file directory: detlef/projekte/old-providence-die-insel-providencia
Deployed URL directory: /detlef/projekte/old-providence-die-insel-providencia/jahr-1641
Markdown depth: 3, Deployed depth: 4
Depth difference: 1 - need to add 1 "../" prefix to relative links
=== END RELATIVE LINK FIX ===

DEBUG: Checking for subdirectory: c:\Users\julia\zeiler-deployment\zeiler_me_pages\EDIT\detlef\projekte\old-providence-die-insel-providencia\jahr-1666-1670, exists: false

=== DIAGNOSTIC LOG for detlef/projekte/old-providence-die-insel-providencia/jahr-1666-1670.md ===
BASE_PATH: "/zeiler_me_pages"
File directory relative: "detlef/projekte/old-providence-die-insel-providencia"
Frontmatter images: []
Discovered images: []
Using discovered images: false
Selected images array: []
Final processed images: []
=== END DIAGNOSTIC LOG ===


=== RELATIVE LINK FIX ===
Markdown file directory: detlef/projekte/old-providence-die-insel-providencia
Deployed URL directory: /detlef/projekte/old-providence-die-insel-providencia/jahr-1666-1670
Markdown depth: 3, Deployed depth: 4
Depth difference: 1 - need to add 1 "../" prefix to relative links
=== END RELATIVE LINK FIX ===

DEBUG: Checking for subdirectory: c:\Users\julia\zeiler-deployment\zeiler_me_pages\EDIT\detlef\projekte\old-providence-die-insel-providencia\jahr-1666-piraterie, exists: false

=== DIAGNOSTIC LOG for detlef/projekte/old-providence-die-insel-providencia/jahr-1666-piraterie.md ===
BASE_PATH: "/zeiler_me_pages"
File directory relative: "detlef/projekte/old-providence-die-insel-providencia"
Frontmatter images: []
Discovered images: []
Using discovered images: false
Selected images array: []
Final processed images: []
=== END DIAGNOSTIC LOG ===


=== RELATIVE LINK FIX ===
Markdown file directory: detlef/projekte/old-providence-die-insel-providencia
Deployed URL directory: /detlef/projekte/old-providence-die-insel-providencia/jahr-1666-piraterie
Markdown depth: 3, Deployed depth: 4
Depth difference: 1 - need to add 1 "../" prefix to relative links
=== END RELATIVE LINK FIX ===

DEBUG: Checking for subdirectory: c:\Users\julia\zeiler-deployment\zeiler_me_pages\EDIT\detlef\projekte\old-providence-die-insel-providencia\jahr-1670-1767, exists: false

=== DIAGNOSTIC LOG for detlef/projekte/old-providence-die-insel-providencia/jahr-1670-1767.md ===
BASE_PATH: "/zeiler_me_pages"
File directory relative: "detlef/projekte/old-providence-die-insel-providencia"
Frontmatter images: []
Discovered images: []
Using discovered images: false
Selected images array: []
Final processed images: []
=== END DIAGNOSTIC LOG ===


=== RELATIVE LINK FIX ===
Markdown file directory: detlef/projekte/old-providence-die-insel-providencia
Deployed URL directory: /detlef/projekte/old-providence-die-insel-providencia/jahr-1670-1767
Markdown depth: 3, Deployed depth: 4
Depth difference: 1 - need to add 1 "../" prefix to relative links
=== END RELATIVE LINK FIX ===

DEBUG: Checking for subdirectory: c:\Users\julia\zeiler-deployment\zeiler_me_pages\EDIT\detlef\projekte\old-providence-die-insel-providencia\jahr-1670, exists: false

=== DIAGNOSTIC LOG for detlef/projekte/old-providence-die-insel-providencia/jahr-1670.md ===
BASE_PATH: "/zeiler_me_pages"
File directory relative: "detlef/projekte/old-providence-die-insel-providencia"
Frontmatter images: []
Discovered images: []
Using discovered images: false
Selected images array: []
Final processed images: []
=== END DIAGNOSTIC LOG ===


=== RELATIVE LINK FIX ===
Markdown file directory: detlef/projekte/old-providence-die-insel-providencia
Deployed URL directory: /detlef/projekte/old-providence-die-insel-providencia/jahr-1670
Markdown depth: 3, Deployed depth: 4
Depth difference: 1 - need to add 1 "../" prefix to relative links
=== END RELATIVE LINK FIX ===

DEBUG: Checking for subdirectory: c:\Users\julia\zeiler-deployment\zeiler_me_pages\EDIT\detlef\projekte\old-providence-die-insel-providencia\jahr-1767, exists: false

=== DIAGNOSTIC LOG for detlef/projekte/old-providence-die-insel-providencia/jahr-1767.md ===
BASE_PATH: "/zeiler_me_pages"
File directory relative: "detlef/projekte/old-providence-die-insel-providencia"
Frontmatter images: []
Discovered images: []
Using discovered images: false
Selected images array: []
Final processed images: []
=== END DIAGNOSTIC LOG ===


=== RELATIVE LINK FIX ===
Markdown file directory: detlef/projekte/old-providence-die-insel-providencia
Deployed URL directory: /detlef/projekte/old-providence-die-insel-providencia/jahr-1767
Markdown depth: 3, Deployed depth: 4
Depth difference: 1 - need to add 1 "../" prefix to relative links
=== END RELATIVE LINK FIX ===

DEBUG: Checking for subdirectory: c:\Users\julia\zeiler-deployment\zeiler_me_pages\EDIT\detlef\projekte\old-providence-die-insel-providencia\jahr-1790-1803, exists: false

=== DIAGNOSTIC LOG for detlef/projekte/old-providence-die-insel-providencia/jahr-1790-1803.md ===
BASE_PATH: "/zeiler_me_pages"
File directory relative: "detlef/projekte/old-providence-die-insel-providencia"
Frontmatter images: []
Discovered images: []
Using discovered images: false
Selected images array: []
Final processed images: []
=== END DIAGNOSTIC LOG ===


=== RELATIVE LINK FIX ===
Markdown file directory: detlef/projekte/old-providence-die-insel-providencia
Deployed URL directory: /detlef/projekte/old-providence-die-insel-providencia/jahr-1790-1803
Markdown depth: 3, Deployed depth: 4
Depth difference: 1 - need to add 1 "../" prefix to relative links
=== END RELATIVE LINK FIX ===

DEBUG: Checking for subdirectory: c:\Users\julia\zeiler-deployment\zeiler_me_pages\EDIT\detlef\projekte\old-providence-die-insel-providencia\jahr-1822-die-republik, exists: false

=== DIAGNOSTIC LOG for detlef/projekte/old-providence-die-insel-providencia/jahr-1822-die-republik.md ===
BASE_PATH: "/zeiler_me_pages"
File directory relative: "detlef/projekte/old-providence-die-insel-providencia"
Frontmatter images: []
Discovered images: []
Using discovered images: false
Selected images array: []
Final processed images: []
=== END DIAGNOSTIC LOG ===


=== RELATIVE LINK FIX ===
Markdown file directory: detlef/projekte/old-providence-die-insel-providencia
Deployed URL directory: /detlef/projekte/old-providence-die-insel-providencia/jahr-1822-die-republik
Markdown depth: 3, Deployed depth: 4
Depth difference: 1 - need to add 1 "../" prefix to relative links
=== END RELATIVE LINK FIX ===

DEBUG: Checking for subdirectory: c:\Users\julia\zeiler-deployment\zeiler_me_pages\EDIT\detlef\projekte\old-providence-die-insel-providencia, exists: true

=== DIAGNOSTIC LOG for detlef/projekte/old-providence-die-insel-providencia.md ===
BASE_PATH: "/zeiler_me_pages"
File directory relative: "detlef/projekte"
Frontmatter images: [
  {
    "url": "/old-providence-die-insel-providencia-1.jpg",
    "alt": ""
  }
]
Discovered images: [
  {
    "url": "/detlef/projekte/old-providence-die-insel-providencia-1.jpg",
    "alt": "Die Insel Providencia"
  }
]
Using discovered images: true
Selected images array: [
  {
    "url": "/detlef/projekte/old-providence-die-insel-providencia-1.jpg",
    "alt": "Die Insel Providencia"
  }
]
Image URL (no transformation, Astro will add BASE_PATH): "/detlef/projekte/old-providence-die-insel-providencia-1.jpg"
Final processed images: [
  {
    "url": "/detlef/projekte/old-providence-die-insel-providencia-1.jpg",
    "alt": "Die Insel Providencia"
  }
]
=== END DIAGNOSTIC LOG ===


=== RELATIVE LINK FIX ===
Markdown file directory: detlef/projekte
Deployed URL directory: /detlef/projekte/old-providence-die-insel-providencia
Markdown depth: 2, Deployed depth: 3
Depth difference: 1 - need to add 1 "../" prefix to relative links
  Fixed relative link: old-providence-die-insel-providencia/jahr-1629/ -> ../old-providence-die-insel-providencia/jahr-1629/
  Fixed relative link: old-providence-die-insel-providencia/jahr-1641/ -> ../old-providence-die-insel-providencia/jahr-1641/
  Fixed relative link: old-providence-die-insel-providencia/jahr-1666-piraterie/ -> ../old-providence-die-insel-providencia/jahr-1666-piraterie/
  Fixed relative link: old-providence-die-insel-providencia/jahr-1666-1670/ -> ../old-providence-die-insel-providencia/jahr-1666-1670/
  Fixed relative link: old-providence-die-insel-providencia/jahr-1670/ -> ../old-providence-die-insel-providencia/jahr-1670/
  Fixed relative link: old-providence-die-insel-providencia/jahr-1670-1767/ -> ../old-providence-die-insel-providencia/jahr-1670-1767/
  Fixed relative link: old-providence-die-insel-providencia/jahr-1767/ -> ../old-providence-die-insel-providencia/jahr-1767/
  Fixed relative link: old-providence-die-insel-providencia/jahr-1790-1803/ -> ../old-providence-die-insel-providencia/jahr-1790-1803/
  Fixed relative link: old-providence-die-insel-providencia/1817-1821-die-korsaren/ -> ../old-providence-die-insel-providencia/1817-1821-die-korsaren/
  Fixed relative link: old-providence-die-insel-providencia/jahr-1822-die-republik/ -> ../old-providence-die-insel-providencia/jahr-1822-die-republik/
  Fixed relative link: old-providence-die-insel-providencia/aktuell-1903-heute/ -> ../old-providence-die-insel-providencia/aktuell-1903-heute/
=== END RELATIVE LINK FIX ===

DEBUG: Checking for subdirectory: c:\Users\julia\zeiler-deployment\zeiler_me_pages\EDIT\detlef\projekte, exists: true

=== DIAGNOSTIC LOG for detlef/projekte.md ===
BASE_PATH: "/zeiler_me_pages"
File directory relative: "detlef"
Frontmatter images: []
Discovered images: []
Using discovered images: false
Selected images array: []
Final processed images: []
=== END DIAGNOSTIC LOG ===


=== RELATIVE LINK FIX ===
Markdown file directory: detlef
Deployed URL directory: /detlef/projekte
Markdown depth: 1, Deployed depth: 2
Depth difference: 1 - need to add 1 "../" prefix to relative links
  Fixed relative link: projekte/heiligenberg/ -> ../projekte/heiligenberg/
  Fixed relative link: projekte/heidelberg-im-mittelalter/ -> ../projekte/heidelberg-im-mittelalter/
  Fixed relative link: projekte/neuenheim/ -> ../projekte/neuenheim/
  Fixed relative link: projekte/dritte-gewalt-strafvollzug/ -> ../projekte/dritte-gewalt-strafvollzug/
  Fixed relative link: projekte/old-providence-die-insel-providencia/ -> ../projekte/old-providence-die-insel-providencia/
  Fixed relative link: projekte/die-elsenz-und-der-kraichgau/ -> ../projekte/die-elsenz-und-der-kraichgau/
  Fixed relative link: projekte/heidelberger-schulgeschichten/ -> ../projekte/heidelberger-schulgeschichten/
=== END RELATIVE LINK FIX ===


=== DIAGNOSTIC LOG for index.md ===
BASE_PATH: "/zeiler_me_pages"
File directory relative: "."
Frontmatter images: []
Discovered images: []
Using discovered images: false
Selected images array: []
Final processed images: []
=== END DIAGNOSTIC LOG ===


=== RELATIVE LINK FIX ===
Markdown file directory: .
Deployed URL directory: 
Markdown depth: 1, Deployed depth: 0
No depth difference detected, no relative link fixes needed
=== END RELATIVE LINK FIX ===

DEBUG: Checking for subdirectory: c:\Users\julia\zeiler-deployment\zeiler_me_pages\EDIT\julian\about-me, exists: false

=== DIAGNOSTIC LOG for julian/about-me.md ===
BASE_PATH: "/zeiler_me_pages"
File directory relative: "julian"
Frontmatter images: []
Discovered images: []
Using discovered images: false
Selected images array: []
Final processed images: []
=== END DIAGNOSTIC LOG ===


=== RELATIVE LINK FIX ===
Markdown file directory: julian
Deployed URL directory: /julian/about-me
Markdown depth: 1, Deployed depth: 2
Depth difference: 1 - need to add 1 "../" prefix to relative links
=== END RELATIVE LINK FIX ===

DEBUG: Checking for subdirectory: c:\Users\julia\zeiler-deployment\zeiler_me_pages\EDIT\julian\artikel\agile-methoden-in-der-softwareentwicklung, exists: false

=== DIAGNOSTIC LOG for julian/artikel/agile-methoden-in-der-softwareentwicklung.md ===
BASE_PATH: "/zeiler_me_pages"
File directory relative: "julian/artikel"
Frontmatter images: []
Discovered images: []
Using discovered images: false
Selected images array: []
Final processed images: []
=== END DIAGNOSTIC LOG ===


=== RELATIVE LINK FIX ===
Markdown file directory: julian/artikel
Deployed URL directory: /julian/artikel/agile-methoden-in-der-softwareentwicklung
Markdown depth: 2, Deployed depth: 3
Depth difference: 1 - need to add 1 "../" prefix to relative links
=== END RELATIVE LINK FIX ===

DEBUG: Checking for subdirectory: c:\Users\julia\zeiler-deployment\zeiler_me_pages\EDIT\julian\artikel\auswirkungen-von-ideologien-der-open-source-lizenzen, exists: false

=== DIAGNOSTIC LOG for julian/artikel/auswirkungen-von-ideologien-der-open-source-lizenzen.md ===
BASE_PATH: "/zeiler_me_pages"
File directory relative: "julian/artikel"
Frontmatter images: []
Discovered images: []
Using discovered images: false
Selected images array: []
Final processed images: []
=== END DIAGNOSTIC LOG ===


=== RELATIVE LINK FIX ===
Markdown file directory: julian/artikel
Deployed URL directory: /julian/artikel/auswirkungen-von-ideologien-der-open-source-lizenzen
Markdown depth: 2, Deployed depth: 3
Depth difference: 1 - need to add 1 "../" prefix to relative links
  Fixed relative link: auswirkungen-von-ideologien-der-open-source-lizenzen/#h.p_ID_34 -> ../auswirkungen-von-ideologien-der-open-source-lizenzen/#h.p_ID_34
  Fixed relative link: auswirkungen-von-ideologien-der-open-source-lizenzen/#h.p_ID_38 -> ../auswirkungen-von-ideologien-der-open-source-lizenzen/#h.p_ID_38
  Fixed relative link: auswirkungen-von-ideologien-der-open-source-lizenzen/#h.p_ID_42 -> ../auswirkungen-von-ideologien-der-open-source-lizenzen/#h.p_ID_42
  Fixed relative link: auswirkungen-von-ideologien-der-open-source-lizenzen/#h.p_ID_46 -> ../auswirkungen-von-ideologien-der-open-source-lizenzen/#h.p_ID_46
  Fixed relative link: auswirkungen-von-ideologien-der-open-source-lizenzen/#h.p_ID_50 -> ../auswirkungen-von-ideologien-der-open-source-lizenzen/#h.p_ID_50
  Fixed relative link: auswirkungen-von-ideologien-der-open-source-lizenzen/#h.p_ID_54 -> ../auswirkungen-von-ideologien-der-open-source-lizenzen/#h.p_ID_54
  Fixed relative link: auswirkungen-von-ideologien-der-open-source-lizenzen/#h.p_ID_58 -> ../auswirkungen-von-ideologien-der-open-source-lizenzen/#h.p_ID_58
  Fixed relative link: auswirkungen-von-ideologien-der-open-source-lizenzen/#h.p_ID_62 -> ../auswirkungen-von-ideologien-der-open-source-lizenzen/#h.p_ID_62
  Fixed relative link: auswirkungen-von-ideologien-der-open-source-lizenzen/#h.p_ID_66 -> ../auswirkungen-von-ideologien-der-open-source-lizenzen/#h.p_ID_66
  Fixed relative link: auswirkungen-von-ideologien-der-open-source-lizenzen/#h.p_ID_70 -> ../auswirkungen-von-ideologien-der-open-source-lizenzen/#h.p_ID_70
=== END RELATIVE LINK FIX ===

DEBUG: Checking for subdirectory: c:\Users\julia\zeiler-deployment\zeiler_me_pages\EDIT\julian\artikel\was-ist-das-web-20, exists: false

=== DIAGNOSTIC LOG for julian/artikel/was-ist-das-web-20.md ===
BASE_PATH: "/zeiler_me_pages"
File directory relative: "julian/artikel"
Frontmatter images: []
Discovered images: []
Using discovered images: false
Selected images array: []
Final processed images: []
=== END DIAGNOSTIC LOG ===


=== RELATIVE LINK FIX ===
Markdown file directory: julian/artikel
Deployed URL directory: /julian/artikel/was-ist-das-web-20
Markdown depth: 2, Deployed depth: 3
Depth difference: 1 - need to add 1 "../" prefix to relative links
=== END RELATIVE LINK FIX ===

DEBUG: Checking for subdirectory: c:\Users\julia\zeiler-deployment\zeiler_me_pages\EDIT\julian\artikel, exists: true

=== DIAGNOSTIC LOG for julian/artikel.md ===
BASE_PATH: "/zeiler_me_pages"
File directory relative: "julian"
Frontmatter images: []
Discovered images: []
Using discovered images: false
Selected images array: []
Final processed images: []
=== END DIAGNOSTIC LOG ===


=== RELATIVE LINK FIX ===
Markdown file directory: julian
Deployed URL directory: /julian/artikel
Markdown depth: 1, Deployed depth: 2
Depth difference: 1 - need to add 1 "../" prefix to relative links
  Fixed relative link: artikel/was-ist-das-web-20/ -> ../artikel/was-ist-das-web-20/
  Fixed relative link: artikel/agile-methoden-in-der-softwareentwicklung/ -> ../artikel/agile-methoden-in-der-softwareentwicklung/
  Fixed relative link: artikel/auswirkungen-von-ideologien-der-open-source-lizenzen/ -> ../artikel/auswirkungen-von-ideologien-der-open-source-lizenzen/
=== END RELATIVE LINK FIX ===

DEBUG: Checking for subdirectory: c:\Users\julia\zeiler-deployment\zeiler_me_pages\EDIT\julian\contact, exists: false

=== DIAGNOSTIC LOG for julian/contact.md ===
BASE_PATH: "/zeiler_me_pages"
File directory relative: "julian"
Frontmatter images: []
Discovered images: []
Using discovered images: false
Selected images array: []
Final processed images: []
=== END DIAGNOSTIC LOG ===


=== RELATIVE LINK FIX ===
Markdown file directory: julian
Deployed URL directory: /julian/contact
Markdown depth: 1, Deployed depth: 2
Depth difference: 1 - need to add 1 "../" prefix to relative links
  Fixed relative link: contact/#h.p_ID_32 -> ../contact/#h.p_ID_32
=== END RELATIVE LINK FIX ===

DEBUG: Checking for subdirectory: c:\Users\julia\zeiler-deployment\zeiler_me_pages\EDIT\julian\techzap\design\microsoft-paint\favicon-ico-mit-ms-paint-und-bmp2ico-erstellen, exists: false

=== DIAGNOSTIC LOG for julian/techzap/design/microsoft-paint/favicon-ico-mit-ms-paint-und-bmp2ico-erstellen.md ===
BASE_PATH: "/zeiler_me_pages"
File directory relative: "julian/techzap/design/microsoft-paint"
Frontmatter images: [
  {
    "url": "/favicon-ico-mit-ms-paint-und-bmp2ico-erstellen-1.gif",
    "alt": ""
  }
]
Discovered images: [
  {
    "url": "/julian/techzap/design/microsoft-paint/favicon-ico-mit-ms-paint-und-bmp2ico-erstellen-1.gif",
    "alt": "favicon ico mit MS Paint und BMP2ICO erstellen"
  }
]
Using discovered images: true
Selected images array: [
  {
    "url": "/julian/techzap/design/microsoft-paint/favicon-ico-mit-ms-paint-und-bmp2ico-erstellen-1.gif",
    "alt": "favicon ico mit MS Paint und BMP2ICO erstellen"
  }
]
Image URL (no transformation, Astro will add BASE_PATH): "/julian/techzap/design/microsoft-paint/favicon-ico-mit-ms-paint-und-bmp2ico-erstellen-1.gif"
Final processed images: [
  {
    "url": "/julian/techzap/design/microsoft-paint/favicon-ico-mit-ms-paint-und-bmp2ico-erstellen-1.gif",
    "alt": "favicon ico mit MS Paint und BMP2ICO erstellen"
  }
]
=== END DIAGNOSTIC LOG ===


=== RELATIVE LINK FIX ===
Markdown file directory: julian/techzap/design/microsoft-paint
Deployed URL directory: /julian/techzap/design/microsoft-paint/favicon-ico-mit-ms-paint-und-bmp2ico-erstellen
Markdown depth: 4, Deployed depth: 5
Depth difference: 1 - need to add 1 "../" prefix to relative links
  Fixed relative link: favicon-ico-mit-ms-paint-und-bmp2ico-erstellen/#h.p_ID_32 -> ../favicon-ico-mit-ms-paint-und-bmp2ico-erstellen/#h.p_ID_32
  Fixed relative link: favicon-ico-mit-ms-paint-und-bmp2ico-erstellen/#h.p_ID_36 -> ../favicon-ico-mit-ms-paint-und-bmp2ico-erstellen/#h.p_ID_36
=== END RELATIVE LINK FIX ===

DEBUG: Checking for subdirectory: c:\Users\julia\zeiler-deployment\zeiler_me_pages\EDIT\julian\techzap\design\microsoft-paint, exists: true

=== DIAGNOSTIC LOG for julian/techzap/design/microsoft-paint.md ===
BASE_PATH: "/zeiler_me_pages"
File directory relative: "julian/techzap/design"
Frontmatter images: []
Discovered images: []
Using discovered images: false
Selected images array: []
Final processed images: []
=== END DIAGNOSTIC LOG ===


=== RELATIVE LINK FIX ===
Markdown file directory: julian/techzap/design
Deployed URL directory: /julian/techzap/design/microsoft-paint
Markdown depth: 3, Deployed depth: 4
Depth difference: 1 - need to add 1 "../" prefix to relative links
  Fixed relative link: microsoft-paint/favicon-ico-mit-ms-paint-und-bmp2ico-erstellen/ -> ../microsoft-paint/favicon-ico-mit-ms-paint-und-bmp2ico-erstellen/
  Fixed relative link: microsoft-paint/favicon-ico-mit-ms-paint-und-bmp2ico-erstellen/ -> ../microsoft-paint/favicon-ico-mit-ms-paint-und-bmp2ico-erstellen/
=== END RELATIVE LINK FIX ===

DEBUG: Checking for subdirectory: c:\Users\julia\zeiler-deployment\zeiler_me_pages\EDIT\julian\techzap\design, exists: true

=== DIAGNOSTIC LOG for julian/techzap/design.md ===
BASE_PATH: "/zeiler_me_pages"
File directory relative: "julian/techzap"
Frontmatter images: []
Discovered images: []
Using discovered images: false
Selected images array: []
Final processed images: []
=== END DIAGNOSTIC LOG ===


=== RELATIVE LINK FIX ===
Markdown file directory: julian/techzap
Deployed URL directory: /julian/techzap/design
Markdown depth: 2, Deployed depth: 3
Depth difference: 1 - need to add 1 "../" prefix to relative links
  Fixed relative link: design/microsoft-paint/favicon-ico-mit-ms-paint-und-bmp2ico-erstellen/ -> ../design/microsoft-paint/favicon-ico-mit-ms-paint-und-bmp2ico-erstellen/
  Fixed relative link: design/microsoft-paint/favicon-ico-mit-ms-paint-und-bmp2ico-erstellen/ -> ../design/microsoft-paint/favicon-ico-mit-ms-paint-und-bmp2ico-erstellen/
=== END RELATIVE LINK FIX ===

DEBUG: Checking for subdirectory: c:\Users\julia\zeiler-deployment\zeiler_me_pages\EDIT\julian\techzap\programmierung\einfuehrung-in-das-programmieren\grundlagen-variablen-operatoren-funktionen, exists: false

=== DIAGNOSTIC LOG for julian/techzap/programmierung/einfuehrung-in-das-programmieren/grundlagen-variablen-operatoren-funktionen.md ===
BASE_PATH: "/zeiler_me_pages"
File directory relative: "julian/techzap/programmierung/einfuehrung-in-das-programmieren"
Frontmatter images: []
Discovered images: []
Using discovered images: false
Selected images array: []
Final processed images: []
=== END DIAGNOSTIC LOG ===


=== RELATIVE LINK FIX ===
Markdown file directory: julian/techzap/programmierung/einfuehrung-in-das-programmieren
Deployed URL directory: /julian/techzap/programmierung/einfuehrung-in-das-programmieren/grundlagen-variablen-operatoren-funktionen
Markdown depth: 4, Deployed depth: 5
Depth difference: 1 - need to add 1 "../" prefix to relative links
  Fixed relative link: grundlagen-variablen-operatoren-funktionen/#h.p_ID_34 -> ../grundlagen-variablen-operatoren-funktionen/#h.p_ID_34
  Fixed relative link: grundlagen-variablen-operatoren-funktionen/#h.p_ID_40 -> ../grundlagen-variablen-operatoren-funktionen/#h.p_ID_40
  Fixed relative link: grundlagen-variablen-operatoren-funktionen/#h.p_ID_62 -> ../grundlagen-variablen-operatoren-funktionen/#h.p_ID_62
  Fixed relative link: grundlagen-variablen-operatoren-funktionen/#h.p_ID_72 -> ../grundlagen-variablen-operatoren-funktionen/#h.p_ID_72
=== END RELATIVE LINK FIX ===

DEBUG: Checking for subdirectory: c:\Users\julia\zeiler-deployment\zeiler_me_pages\EDIT\julian\techzap\programmierung\einfuehrung-in-das-programmieren, exists: true

=== DIAGNOSTIC LOG for julian/techzap/programmierung/einfuehrung-in-das-programmieren.md ===
BASE_PATH: "/zeiler_me_pages"
File directory relative: "julian/techzap/programmierung"
Frontmatter images: []
Discovered images: []
Using discovered images: false
Selected images array: []
Final processed images: []
=== END DIAGNOSTIC LOG ===


=== RELATIVE LINK FIX ===
Markdown file directory: julian/techzap/programmierung
Deployed URL directory: /julian/techzap/programmierung/einfuehrung-in-das-programmieren
Markdown depth: 3, Deployed depth: 4
Depth difference: 1 - need to add 1 "../" prefix to relative links
  Fixed relative link: einfuehrung-in-das-programmieren/grundlagen-variablen-operatoren-funktionen/ -> ../einfuehrung-in-das-programmieren/grundlagen-variablen-operatoren-funktionen/
  Fixed relative link: einfuehrung-in-das-programmieren/grundlagen-variablen-operatoren-funktionen/ -> ../einfuehrung-in-das-programmieren/grundlagen-variablen-operatoren-funktionen/
=== END RELATIVE LINK FIX ===

DEBUG: Checking for subdirectory: c:\Users\julia\zeiler-deployment\zeiler_me_pages\EDIT\julian\techzap\programmierung\perl\perl-einzeiler-suchen-und-ersetzen-in-dateien, exists: false

=== DIAGNOSTIC LOG for julian/techzap/programmierung/perl/perl-einzeiler-suchen-und-ersetzen-in-dateien.md ===
BASE_PATH: "/zeiler_me_pages"
File directory relative: "julian/techzap/programmierung/perl"
Frontmatter images: []
Discovered images: []
Using discovered images: false
Selected images array: []
Final processed images: []
=== END DIAGNOSTIC LOG ===


=== RELATIVE LINK FIX ===
Markdown file directory: julian/techzap/programmierung/perl
Deployed URL directory: /julian/techzap/programmierung/perl/perl-einzeiler-suchen-und-ersetzen-in-dateien
Markdown depth: 4, Deployed depth: 5
Depth difference: 1 - need to add 1 "../" prefix to relative links
  Fixed relative link: perl-einzeiler-suchen-und-ersetzen-in-dateien/#h.p_ID_32 -> ../perl-einzeiler-suchen-und-ersetzen-in-dateien/#h.p_ID_32
  Fixed relative link: perl-einzeiler-suchen-und-ersetzen-in-dateien/#h.p_ID_36 -> ../perl-einzeiler-suchen-und-ersetzen-in-dateien/#h.p_ID_36
=== END RELATIVE LINK FIX ===

DEBUG: Checking for subdirectory: c:\Users\julia\zeiler-deployment\zeiler_me_pages\EDIT\julian\techzap\programmierung\perl, exists: true

=== DIAGNOSTIC LOG for julian/techzap/programmierung/perl.md ===
BASE_PATH: "/zeiler_me_pages"
File directory relative: "julian/techzap/programmierung"
Frontmatter images: []
Discovered images: []
Using discovered images: false
Selected images array: []
Final processed images: []
=== END DIAGNOSTIC LOG ===


=== RELATIVE LINK FIX ===
Markdown file directory: julian/techzap/programmierung
Deployed URL directory: /julian/techzap/programmierung/perl
Markdown depth: 3, Deployed depth: 4
Depth difference: 1 - need to add 1 "../" prefix to relative links
  Fixed relative link: perl/perl-einzeiler-suchen-und-ersetzen-in-dateien/ -> ../perl/perl-einzeiler-suchen-und-ersetzen-in-dateien/
  Fixed relative link: perl/perl-einzeiler-suchen-und-ersetzen-in-dateien/ -> ../perl/perl-einzeiler-suchen-und-ersetzen-in-dateien/
=== END RELATIVE LINK FIX ===

DEBUG: Checking for subdirectory: c:\Users\julia\zeiler-deployment\zeiler_me_pages\EDIT\julian\techzap\programmierung, exists: true

=== DIAGNOSTIC LOG for julian/techzap/programmierung.md ===
BASE_PATH: "/zeiler_me_pages"
File directory relative: "julian/techzap"
Frontmatter images: []
Discovered images: []
Using discovered images: false
Selected images array: []
Final processed images: []
=== END DIAGNOSTIC LOG ===


=== RELATIVE LINK FIX ===
Markdown file directory: julian/techzap
Deployed URL directory: /julian/techzap/programmierung
Markdown depth: 2, Deployed depth: 3
Depth difference: 1 - need to add 1 "../" prefix to relative links
  Fixed relative link: programmierung/perl/perl-einzeiler-suchen-und-ersetzen-in-dateien/ -> ../programmierung/perl/perl-einzeiler-suchen-und-ersetzen-in-dateien/
  Fixed relative link: programmierung/perl/perl-einzeiler-suchen-und-ersetzen-in-dateien/ -> ../programmierung/perl/perl-einzeiler-suchen-und-ersetzen-in-dateien/
  Fixed relative link: programmierung/einfuehrung-in-das-programmieren/grundlagen-variablen-operatoren-funktionen/ -> ../programmierung/einfuehrung-in-das-programmieren/grundlagen-variablen-operatoren-funktionen/
  Fixed relative link: programmierung/einfuehrung-in-das-programmieren/grundlagen-variablen-operatoren-funktionen/ -> ../programmierung/einfuehrung-in-das-programmieren/grundlagen-variablen-operatoren-funktionen/
=== END RELATIVE LINK FIX ===

DEBUG: Checking for subdirectory: c:\Users\julia\zeiler-deployment\zeiler_me_pages\EDIT\julian\techzap\server\unix-linux\grep-in-zwei-dateien-vorkommende-zeilen-entfernen, exists: false

=== DIAGNOSTIC LOG for julian/techzap/server/unix-linux/grep-in-zwei-dateien-vorkommende-zeilen-entfernen.md ===
BASE_PATH: "/zeiler_me_pages"
File directory relative: "julian/techzap/server/unix-linux"
Frontmatter images: []
Discovered images: []
Using discovered images: false
Selected images array: []
Final processed images: []
=== END DIAGNOSTIC LOG ===


=== RELATIVE LINK FIX ===
Markdown file directory: julian/techzap/server/unix-linux
Deployed URL directory: /julian/techzap/server/unix-linux/grep-in-zwei-dateien-vorkommende-zeilen-entfernen
Markdown depth: 4, Deployed depth: 5
Depth difference: 1 - need to add 1 "../" prefix to relative links
  Fixed relative link: grep-in-zwei-dateien-vorkommende-zeilen-entfernen/#h.p_ID_32 -> ../grep-in-zwei-dateien-vorkommende-zeilen-entfernen/#h.p_ID_32
  Fixed relative link: grep-in-zwei-dateien-vorkommende-zeilen-entfernen/#h.p_ID_38 -> ../grep-in-zwei-dateien-vorkommende-zeilen-entfernen/#h.p_ID_38
=== END RELATIVE LINK FIX ===

DEBUG: Checking for subdirectory: c:\Users\julia\zeiler-deployment\zeiler_me_pages\EDIT\julian\techzap\server\unix-linux, exists: true

=== DIAGNOSTIC LOG for julian/techzap/server/unix-linux.md ===
BASE_PATH: "/zeiler_me_pages"
File directory relative: "julian/techzap/server"
Frontmatter images: []
Discovered images: []
Using discovered images: false
Selected images array: []
Final processed images: []
=== END DIAGNOSTIC LOG ===


=== RELATIVE LINK FIX ===
Markdown file directory: julian/techzap/server
Deployed URL directory: /julian/techzap/server/unix-linux
Markdown depth: 3, Deployed depth: 4
Depth difference: 1 - need to add 1 "../" prefix to relative links
  Fixed relative link: unix-linux/grep-in-zwei-dateien-vorkommende-zeilen-entfernen/ -> ../unix-linux/grep-in-zwei-dateien-vorkommende-zeilen-entfernen/
  Fixed relative link: unix-linux/grep-in-zwei-dateien-vorkommende-zeilen-entfernen/ -> ../unix-linux/grep-in-zwei-dateien-vorkommende-zeilen-entfernen/
  Fixed relative link: unix-linux/grep-in-zwei-dateien-vorkommende-zeilen-entfernen/ -> ../unix-linux/grep-in-zwei-dateien-vorkommende-zeilen-entfernen/
=== END RELATIVE LINK FIX ===

DEBUG: Checking for subdirectory: c:\Users\julia\zeiler-deployment\zeiler_me_pages\EDIT\julian\techzap\server\windows\iis-und-apache-auf-einem-server-parallel-betreiben, exists: false

=== DIAGNOSTIC LOG for julian/techzap/server/windows/iis-und-apache-auf-einem-server-parallel-betreiben.md ===
BASE_PATH: "/zeiler_me_pages"
File directory relative: "julian/techzap/server/windows"
Frontmatter images: []
Discovered images: []
Using discovered images: false
Selected images array: []
Final processed images: []
=== END DIAGNOSTIC LOG ===


=== RELATIVE LINK FIX ===
Markdown file directory: julian/techzap/server/windows
Deployed URL directory: /julian/techzap/server/windows/iis-und-apache-auf-einem-server-parallel-betreiben
Markdown depth: 4, Deployed depth: 5
Depth difference: 1 - need to add 1 "../" prefix to relative links
  Fixed relative link: iis-und-apache-auf-einem-server-parallel-betreiben/#h.p_ID_32 -> ../iis-und-apache-auf-einem-server-parallel-betreiben/#h.p_ID_32
  Fixed relative link: iis-und-apache-auf-einem-server-parallel-betreiben/#h.p_ID_36 -> ../iis-und-apache-auf-einem-server-parallel-betreiben/#h.p_ID_36
  Fixed relative link: listenonlylist-registry-werte-iis-an-ip-binden/ -> ../listenonlylist-registry-werte-iis-an-ip-binden/
=== END RELATIVE LINK FIX ===

DEBUG: Checking for subdirectory: c:\Users\julia\zeiler-deployment\zeiler_me_pages\EDIT\julian\techzap\server\windows\listenonlylist-registry-werte-iis-an-ip-binden, exists: false

=== DIAGNOSTIC LOG for julian/techzap/server/windows/listenonlylist-registry-werte-iis-an-ip-binden.md ===
BASE_PATH: "/zeiler_me_pages"
File directory relative: "julian/techzap/server/windows"
Frontmatter images: []
Discovered images: []
Using discovered images: false
Selected images array: []
Final processed images: []
=== END DIAGNOSTIC LOG ===


=== RELATIVE LINK FIX ===
Markdown file directory: julian/techzap/server/windows
Deployed URL directory: /julian/techzap/server/windows/listenonlylist-registry-werte-iis-an-ip-binden
Markdown depth: 4, Deployed depth: 5
Depth difference: 1 - need to add 1 "../" prefix to relative links
  Fixed relative link: listenonlylist-registry-werte-iis-an-ip-binden/#h.p_ID_32 -> ../listenonlylist-registry-werte-iis-an-ip-binden/#h.p_ID_32
  Fixed relative link: listenonlylist-registry-werte-iis-an-ip-binden/#h.p_ID_36 -> ../listenonlylist-registry-werte-iis-an-ip-binden/#h.p_ID_36
=== END RELATIVE LINK FIX ===

DEBUG: Checking for subdirectory: c:\Users\julia\zeiler-deployment\zeiler_me_pages\EDIT\julian\techzap\server\windows, exists: true

=== DIAGNOSTIC LOG for julian/techzap/server/windows.md ===
BASE_PATH: "/zeiler_me_pages"
File directory relative: "julian/techzap/server"
Frontmatter images: []
Discovered images: []
Using discovered images: false
Selected images array: []
Final processed images: []
=== END DIAGNOSTIC LOG ===


=== RELATIVE LINK FIX ===
Markdown file directory: julian/techzap/server
Deployed URL directory: /julian/techzap/server/windows
Markdown depth: 3, Deployed depth: 4
Depth difference: 1 - need to add 1 "../" prefix to relative links
  Fixed relative link: windows/listenonlylist-registry-werte-iis-an-ip-binden/ -> ../windows/listenonlylist-registry-werte-iis-an-ip-binden/
  Fixed relative link: windows/listenonlylist-registry-werte-iis-an-ip-binden/ -> ../windows/listenonlylist-registry-werte-iis-an-ip-binden/
  Fixed relative link: windows/iis-und-apache-auf-einem-server-parallel-betreiben/ -> ../windows/iis-und-apache-auf-einem-server-parallel-betreiben/
  Fixed relative link: windows/iis-und-apache-auf-einem-server-parallel-betreiben/ -> ../windows/iis-und-apache-auf-einem-server-parallel-betreiben/
=== END RELATIVE LINK FIX ===

DEBUG: Checking for subdirectory: c:\Users\julia\zeiler-deployment\zeiler_me_pages\EDIT\julian\techzap\server, exists: true

=== DIAGNOSTIC LOG for julian/techzap/server.md ===
BASE_PATH: "/zeiler_me_pages"
File directory relative: "julian/techzap"
Frontmatter images: []
Discovered images: []
Using discovered images: false
Selected images array: []
Final processed images: []
=== END DIAGNOSTIC LOG ===


=== RELATIVE LINK FIX ===
Markdown file directory: julian/techzap
Deployed URL directory: /julian/techzap/server
Markdown depth: 2, Deployed depth: 3
Depth difference: 1 - need to add 1 "../" prefix to relative links
  Fixed relative link: server/unix-linux/grep-in-zwei-dateien-vorkommende-zeilen-entfernen/ -> ../server/unix-linux/grep-in-zwei-dateien-vorkommende-zeilen-entfernen/
  Fixed relative link: server/unix-linux/grep-in-zwei-dateien-vorkommende-zeilen-entfernen/ -> ../server/unix-linux/grep-in-zwei-dateien-vorkommende-zeilen-entfernen/
  Fixed relative link: server/unix-linux/grep-in-zwei-dateien-vorkommende-zeilen-entfernen/ -> ../server/unix-linux/grep-in-zwei-dateien-vorkommende-zeilen-entfernen/
  Fixed relative link: server/windows/listenonlylist-registry-werte-iis-an-ip-binden/ -> ../server/windows/listenonlylist-registry-werte-iis-an-ip-binden/
  Fixed relative link: server/windows/listenonlylist-registry-werte-iis-an-ip-binden/ -> ../server/windows/listenonlylist-registry-werte-iis-an-ip-binden/
  Fixed relative link: server/windows/iis-und-apache-auf-einem-server-parallel-betreiben/ -> ../server/windows/iis-und-apache-auf-einem-server-parallel-betreiben/
  Fixed relative link: server/windows/iis-und-apache-auf-einem-server-parallel-betreiben/ -> ../server/windows/iis-und-apache-auf-einem-server-parallel-betreiben/
=== END RELATIVE LINK FIX ===

DEBUG: Checking for subdirectory: c:\Users\julia\zeiler-deployment\zeiler_me_pages\EDIT\julian\techzap\technik\vmware\strg-alt-f1-bzw-ctrl-alt-f1-an-vmware-senden, exists: false

=== DIAGNOSTIC LOG for julian/techzap/technik/vmware/strg-alt-f1-bzw-ctrl-alt-f1-an-vmware-senden.md ===
BASE_PATH: "/zeiler_me_pages"
File directory relative: "julian/techzap/technik/vmware"
Frontmatter images: []
Discovered images: []
Using discovered images: false
Selected images array: []
Final processed images: []
=== END DIAGNOSTIC LOG ===


=== RELATIVE LINK FIX ===
Markdown file directory: julian/techzap/technik/vmware
Deployed URL directory: /julian/techzap/technik/vmware/strg-alt-f1-bzw-ctrl-alt-f1-an-vmware-senden
Markdown depth: 4, Deployed depth: 5
Depth difference: 1 - need to add 1 "../" prefix to relative links
  Fixed relative link: strg-alt-f1-bzw-ctrl-alt-f1-an-vmware-senden/#h.p_ID_32 -> ../strg-alt-f1-bzw-ctrl-alt-f1-an-vmware-senden/#h.p_ID_32
  Fixed relative link: strg-alt-f1-bzw-ctrl-alt-f1-an-vmware-senden/#h.p_ID_36 -> ../strg-alt-f1-bzw-ctrl-alt-f1-an-vmware-senden/#h.p_ID_36
=== END RELATIVE LINK FIX ===

DEBUG: Checking for subdirectory: c:\Users\julia\zeiler-deployment\zeiler_me_pages\EDIT\julian\techzap\technik\vmware, exists: true

=== DIAGNOSTIC LOG for julian/techzap/technik/vmware.md ===
BASE_PATH: "/zeiler_me_pages"
File directory relative: "julian/techzap/technik"
Frontmatter images: []
Discovered images: []
Using discovered images: false
Selected images array: []
Final processed images: []
=== END DIAGNOSTIC LOG ===


=== RELATIVE LINK FIX ===
Markdown file directory: julian/techzap/technik
Deployed URL directory: /julian/techzap/technik/vmware
Markdown depth: 3, Deployed depth: 4
Depth difference: 1 - need to add 1 "../" prefix to relative links
  Fixed relative link: vmware/strg-alt-f1-bzw-ctrl-alt-f1-an-vmware-senden/ -> ../vmware/strg-alt-f1-bzw-ctrl-alt-f1-an-vmware-senden/
  Fixed relative link: vmware/strg-alt-f1-bzw-ctrl-alt-f1-an-vmware-senden/ -> ../vmware/strg-alt-f1-bzw-ctrl-alt-f1-an-vmware-senden/
=== END RELATIVE LINK FIX ===

DEBUG: Checking for subdirectory: c:\Users\julia\zeiler-deployment\zeiler_me_pages\EDIT\julian\techzap\technik, exists: true

=== DIAGNOSTIC LOG for julian/techzap/technik.md ===
BASE_PATH: "/zeiler_me_pages"
File directory relative: "julian/techzap"
Frontmatter images: []
Discovered images: []
Using discovered images: false
Selected images array: []
Final processed images: []
=== END DIAGNOSTIC LOG ===


=== RELATIVE LINK FIX ===
Markdown file directory: julian/techzap
Deployed URL directory: /julian/techzap/technik
Markdown depth: 2, Deployed depth: 3
Depth difference: 1 - need to add 1 "../" prefix to relative links
  Fixed relative link: technik/vmware/strg-alt-f1-bzw-ctrl-alt-f1-an-vmware-senden/ -> ../technik/vmware/strg-alt-f1-bzw-ctrl-alt-f1-an-vmware-senden/
  Fixed relative link: technik/vmware/strg-alt-f1-bzw-ctrl-alt-f1-an-vmware-senden/ -> ../technik/vmware/strg-alt-f1-bzw-ctrl-alt-f1-an-vmware-senden/
=== END RELATIVE LINK FIX ===

DEBUG: Checking for subdirectory: c:\Users\julia\zeiler-deployment\zeiler_me_pages\EDIT\julian\techzap, exists: true

=== DIAGNOSTIC LOG for julian/techzap.md ===
BASE_PATH: "/zeiler_me_pages"
File directory relative: "julian"
Frontmatter images: []
Discovered images: []
Using discovered images: false
Selected images array: []
Final processed images: []
=== END DIAGNOSTIC LOG ===


=== RELATIVE LINK FIX ===
Markdown file directory: julian
Deployed URL directory: /julian/techzap
Markdown depth: 1, Deployed depth: 2
Depth difference: 1 - need to add 1 "../" prefix to relative links
  Fixed relative link: techzap/server/unix-linux/ -> ../techzap/server/unix-linux/
  Fixed relative link: techzap/server/windows/ -> ../techzap/server/windows/
  Fixed relative link: techzap/design/microsoft-paint/ -> ../techzap/design/microsoft-paint/
  Fixed relative link: techzap/technik/vmware/ -> ../techzap/technik/vmware/
  Fixed relative link: techzap/programmierung/einfuehrung-in-das-programmieren/ -> ../techzap/programmierung/einfuehrung-in-das-programmieren/
  Fixed relative link: techzap/programmierung/perl/ -> ../techzap/programmierung/perl/
=== END RELATIVE LINK FIX ===

DEBUG: Checking for subdirectory: c:\Users\julia\zeiler-deployment\zeiler_me_pages\EDIT\julian\work\projects, exists: false

=== DIAGNOSTIC LOG for julian/work/projects.md ===
BASE_PATH: "/zeiler_me_pages"
File directory relative: "julian/work"
Frontmatter images: []
Discovered images: []
Using discovered images: false
Selected images array: []
Final processed images: []
=== END DIAGNOSTIC LOG ===


=== RELATIVE LINK FIX ===
Markdown file directory: julian/work
Deployed URL directory: /julian/work/projects
Markdown depth: 2, Deployed depth: 3
Depth difference: 1 - need to add 1 "../" prefix to relative links
=== END RELATIVE LINK FIX ===

DEBUG: Checking for subdirectory: c:\Users\julia\zeiler-deployment\zeiler_me_pages\EDIT\julian\work\selfmade, exists: false

=== DIAGNOSTIC LOG for julian/work/selfmade.md ===
BASE_PATH: "/zeiler_me_pages"
File directory relative: "julian/work"
Frontmatter images: []
Discovered images: []
Using discovered images: false
Selected images array: []
Final processed images: []
=== END DIAGNOSTIC LOG ===


=== RELATIVE LINK FIX ===
Markdown file directory: julian/work
Deployed URL directory: /julian/work/selfmade
Markdown depth: 2, Deployed depth: 3
Depth difference: 1 - need to add 1 "../" prefix to relative links
=== END RELATIVE LINK FIX ===

DEBUG: Checking for subdirectory: c:\Users\julia\zeiler-deployment\zeiler_me_pages\EDIT\julian\work, exists: true

=== DIAGNOSTIC LOG for julian/work.md ===
BASE_PATH: "/zeiler_me_pages"
File directory relative: "julian"
Frontmatter images: []
Discovered images: []
Using discovered images: false
Selected images array: []
Final processed images: []
=== END DIAGNOSTIC LOG ===


=== RELATIVE LINK FIX ===
Markdown file directory: julian
Deployed URL directory: /julian/work
Markdown depth: 1, Deployed depth: 2
Depth difference: 1 - need to add 1 "../" prefix to relative links
  Fixed relative link: work/#h.p_ID_32 -> ../work/#h.p_ID_32
  Fixed relative link: work/projects/ -> ../work/projects/
  Fixed relative link: work/selfmade/ -> ../work/selfmade/
=== END RELATIVE LINK FIX ===

Parsed 196 pages
Synced 196 pages from EDIT folder.
Copying images from EDIT folder to public folder...
  ✓ Copied: detlef\deutsch\needful-things---in-einer-kleinen-stadt\in-einer-kleinen-stadt\in-einer-kleinen-stadt-1.jpg
  ✓ Copied: detlef\deutsch\needful-things---in-einer-kleinen-stadt-1.jpg
  ✓ Copied: detlef\deutsch\texterrterung-1.jpg
  ✓ Copied: detlef\deutsch\texterrterung-2.jpg
  ✓ Copied: detlef\deutsch\versuch-einer-beschreibung-menschlicher-moral-1.jpg
  ✓ Copied: detlef\geschichte\alexis-de-tocqueville-ber-grausamkeit-in-einer-unglcklichen--1.jpg
  ✓ Copied: detlef\geschichte\ber-die-pltzliche-grausamkeit-in-einer-unglcklichen-zeit-1.jpg
  ✓ Copied: detlef\geschichte\berichte-aus-einer-deutschen-diktatur-1.jpg
  ✓ Copied: detlef\geschichte\berthold-von-rohrbach-1.jpg
  ✓ Copied: detlef\geschichte\besuch-in-simferopol-2018-1.png
  ✓ Copied: detlef\geschichte\besuch-in-simferopol-2018-2.png
  ✓ Copied: detlef\geschichte\besuch-in-simferopol-2018-3.png
  ✓ Copied: detlef\geschichte\besuch-in-simferopol-2018-4.jpg
  ✓ Copied: detlef\geschichte\ceausescu\idylle-und-realitt-unter-ceaucescu-1.jpg
  ✓ Copied: detlef\geschichte\ceausescu\idylle-und-realitt-unter-ceaucescu-2.jpg
  ✓ Copied: detlef\geschichte\faschismus-als-massenbewegung-2-1.jpg
  ✓ Copied: detlef\geschichte\faschismus-als-massenbewegung-2-2.jpg
  ✓ Copied: detlef\geschichte\gerchte-1.jpg
  ✓ Copied: detlef\geschichte\integration-1.jpg
  ✓ Copied: detlef\geschichte\integration-2.jpg
  ✓ Copied: detlef\geschichte\mein--onkel-emil-1.jpg
  ✓ Copied: detlef\geschichte\mein-grovater-rudolf-zeiler\mein-grovater-rudolf-zeiler-1.jpg
  ✓ Copied: detlef\geschichte\mein-grovater-rudolf-zeiler\mein-grovater-rudolf-zeiler-2.jpg
  ✓ Copied: detlef\geschichte\modellskizze-einer-menschlichen-moral-1.jpg
  ✓ Copied: detlef\geschichte\nicht-tdliche-waffen-1.jpg
  ✓ Copied: detlef\geschichte\nicht-tdliche-waffen-2.jpg
  ✓ Copied: detlef\geschichte\nicht-tdliche-waffen-3.jpg
  ✓ Copied: detlef\geschichte\thalmann-1.jpg
  ✓ Copied: detlef\geschichte\thalmann-2.jpg
  ✓ Copied: detlef\geschichte\thalmann-3.jpg
  ✓ Copied: detlef\geschichte\thalmann-4.jpg
  ✓ Copied: detlef\geschichte\thalmann-5.jpg
  ✓ Copied: detlef\geschichte\thalmann-6.jpg
  ✓ Copied: detlef\medien\geruechte-rumores-drehbuch-1.jpg
  ✓ Copied: detlef\medien\geruechte-rumores-drehbuch-2.jpg
  ✓ Copied: detlef\medien\geruechte-rumores-drehbuch-3.jpg
  ✓ Copied: detlef\medien\geruechte-rumores-drehbuch-4.jpg
  ✓ Copied: detlef\medien\geruechte-rumores-drehbuch-5.jpg
  ✓ Copied: detlef\medien\geruechte-rumores-drehbuch-6.jpg
  ✓ Copied: detlef\projekte\die-elsenz-und-der-kraichgau\geographische-lage\der-steinsberg-1.jpg
  ✓ Copied: detlef\projekte\die-elsenz-und-der-kraichgau\geographische-lage\die-elsenz-1.gif
  ✓ Copied: detlef\projekte\die-elsenz-und-der-kraichgau\geographische-lage\die-elsenz-2.jpg
  ✓ Copied: detlef\projekte\die-elsenz-und-der-kraichgau\geographische-lage\mhlen-an-der-elsenz-1.jpg
  ✓ Copied: detlef\projekte\die-elsenz-und-der-kraichgau\geographische-lage-1.jpg
  ✓ Copied: detlef\projekte\die-elsenz-und-der-kraichgau\geographische-lage-2.gif
  ✓ Copied: detlef\projekte\die-elsenz-und-der-kraichgau\geschichte-und-politik\bauernunruhen-1.gif
  ✓ Copied: detlef\projekte\die-elsenz-und-der-kraichgau\geschichte-und-politik\die-burg-steinsberg-1.jpg
  ✓ Copied: detlef\projekte\die-elsenz-und-der-kraichgau\geschichte-und-politik\friedrich-hecker-1.gif
  ✓ Copied: detlef\projekte\die-elsenz-und-der-kraichgau\geschichte-und-politik\joss-fritz-und-der-bundschuh-1.gif
  ✓ Copied: detlef\projekte\die-elsenz-und-der-kraichgau-1.jpg
  ✓ Copied: detlef\projekte\dritte-gewalt-strafvollzug-1.jpg
  ✓ Copied: detlef\projekte\heidelberg-im-mittelalter\hexenglauben-und-hexenprozesse-1.gif
  ✓ Copied: detlef\projekte\heidelberg-im-mittelalter\praktische-heimatkunde-1.jpg
  ✓ Copied: detlef\projekte\heidelberg-im-mittelalter\praktische-heimatkunde-2.jpg
  ✓ Copied: detlef\projekte\heidelberg-im-mittelalter\praktische-heimatkunde-3.jpg
  ✓ Copied: detlef\projekte\heidelberg-im-mittelalter\praktische-heimatkunde-4.jpg
  ✓ Copied: detlef\projekte\heidelberg-im-mittelalter\praktische-heimatkunde-5.jpg
  ✓ Copied: detlef\projekte\heidelberg-im-mittelalter\praktische-heimatkunde-6.jpg
  ✓ Copied: detlef\projekte\heidelberg-im-mittelalter\praktische-heimatkunde-7.jpg
  ✓ Copied: detlef\projekte\heidelberg-im-mittelalter\praktische-heimatkunde-8.jpg
  ✓ Copied: detlef\projekte\heidelberg-im-mittelalter\praktische-heimatkunde-9.jpg
  ✓ Copied: detlef\projekte\heidelberg-im-mittelalter\strafrecht-und-strafvollzug\verbrechen-und-strafen-1.gif
  ✓ Copied: detlef\projekte\heidelberg-im-mittelalter\strafrecht-und-strafvollzug-1.gif
  ✓ Copied: detlef\projekte\heidelberg-im-mittelalter\universitaet-und-studenten-1.gif
  ✓ Copied: detlef\projekte\heidelberger-schulgeschichten\anfaenge-1.jpg
  ✓ Copied: detlef\projekte\heidelberger-schulgeschichten\buerger-und-bauern-1.jpg
  ✓ Copied: detlef\projekte\heidelberger-schulgeschichten\das-19te-jahrhundert-1.jpg
  ✓ Copied: detlef\projekte\heidelberger-schulgeschichten\das-20te-jahrhundert-1.jpg
  ✓ Copied: detlef\projekte\heidelberger-schulgeschichten\lehrerschaft-kfg-3tes-reich-1.jpg
  ✓ Copied: detlef\projekte\heidelberger-schulgeschichten\lehrerschaft-kfg-3tes-reich-2.jpg
  ✓ Copied: detlef\projekte\heidelberger-schulgeschichten\schuelerunruhen-am-kfg-1.jpg
  ✓ Copied: detlef\projekte\heidelberger-schulgeschichten\schuelerunruhen-am-kfg-2.jpg
  ✓ Copied: detlef\projekte\heidelberger-schulgeschichten\schuelerunruhen-am-kfg-3.jpg
  ✓ Copied: detlef\projekte\heiligenberg\der-unheimliche-berg-1.jpg
  ✓ Copied: detlef\projekte\heiligenberg\der-unheimliche-berg-2.jpg
  ✓ Copied: detlef\projekte\heiligenberg\der-unheimliche-berg-3.jpg
  ✓ Copied: detlef\projekte\heiligenberg\der-unheimliche-berg-4.jpg
  ✓ Copied: detlef\projekte\heiligenberg\geschichte-1.jpg
  ✓ Copied: detlef\projekte\heiligenberg\geschichte-10.jpg
  ✓ Copied: detlef\projekte\heiligenberg\geschichte-2.jpg
  ✓ Copied: detlef\projekte\heiligenberg\geschichte-3.jpg
  ✓ Copied: detlef\projekte\heiligenberg\geschichte-4.jpg
  ✓ Copied: detlef\projekte\heiligenberg\geschichte-5.jpg
  ✓ Copied: detlef\projekte\heiligenberg\geschichte-6.jpg
  ✓ Copied: detlef\projekte\heiligenberg\geschichte-7.jpg
  ✓ Copied: detlef\projekte\heiligenberg\geschichte-8.jpg
  ✓ Copied: detlef\projekte\heiligenberg\geschichte-9.jpg
  ✓ Copied: detlef\projekte\heiligenberg\projekt-1.jpg
  ✓ Copied: detlef\projekte\heiligenberg-1.jpg
  ✓ Copied: detlef\projekte\heiligenberg-2.gif
  ✓ Copied: detlef\projekte\neuenheim\interview-krauch-1.jpg
  ✓ Copied: detlef\projekte\neuenheim\ist-halb-europa-1.jpg
  ✓ Copied: detlef\projekte\neuenheim\ist-halb-europa-2.jpg
  ✓ Copied: detlef\projekte\neuenheim\otto-jaeger-ludwig-merz-1.jpg
  ✓ Copied: detlef\projekte\neuenheim\otto-jaeger-ludwig-merz-2.jpg
  ✓ Copied: detlef\projekte\neuenheim\otto-jaeger-ludwig-merz-3.jpg
  ✓ Copied: detlef\projekte\neuenheim\projekt-1.gif
  ✓ Copied: detlef\projekte\neuenheim-1.jpg
  ✓ Copied: detlef\projekte\neuenheim-2.gif
  ✓ Copied: detlef\projekte\old-providence-die-insel-providencia-1.jpg
  ✓ Copied: detlef-1.jpg
  ✓ Copied: favicon.svg
  ✓ Copied: julian\techzap\design\microsoft-paint\favicon-ico-mit-ms-paint-und-bmp2ico-erstellen-1.gif
  ✓ Copied: julian-1.jpg
  ✓ Copied: uploads\alexis_de_tocqueville_ber_grausamkeit_in_einer_unglcklichen_1_eda83c85c0.jpg
  ✓ Copied: uploads\bauernunruhen_1_f613f08b41.gif
  ✓ Copied: uploads\ber_die_pltzliche_grausamkeit_in_einer_unglcklichen_zeit_1_c28edbd167.jpg
  ✓ Copied: uploads\das_19te_jahrhundert_1_0d5e4bdc7b.jpg
  ✓ Copied: uploads\der_steinsberg_1_1a19bcfe9b.jpg
  ✓ Copied: uploads\die_burg_steinsberg_1_e374acded6.jpg
  ✓ Copied: uploads\die_elsenz_1_e37603a9d9.gif
  ✓ Copied: uploads\die_elsenz_2_0f7a59187e.jpg
  ✓ Copied: uploads\die_elsenz_und_der_kraichgau_1_d35170b5ca.jpg
  ✓ Copied: uploads\dritte_gewalt_strafvollzug_1_9bad3dedea.jpg
  ✓ Copied: uploads\faschismus_als_massenbewegung_2_1_b511d1067a.jpg
  ✓ Copied: uploads\faschismus_als_massenbewegung_2_2_1605429253.jpg
  ✓ Copied: uploads\friedrich_hecker_1_a8077c2e1d.gif
  ✓ Copied: uploads\geographische_lage_1_d3744363a4.jpg
  ✓ Copied: uploads\geographische_lage_2_60cc27c73c.gif
  ✓ Copied: uploads\gerchte_1_3f20022853.jpg
  ✓ Copied: uploads\geschichte_10_ccfeac5389.jpg
  ✓ Copied: uploads\geschichte_1_c5d7548e08.jpg
  ✓ Copied: uploads\geschichte_2_493ec1bbd2.jpg
  ✓ Copied: uploads\geschichte_3_c23ec5a367.jpg
  ✓ Copied: uploads\geschichte_4_077cb9eefe.jpg
  ✓ Copied: uploads\geschichte_5_f601381ecd.jpg
  ✓ Copied: uploads\geschichte_6_49b7026f86.jpg
  ✓ Copied: uploads\geschichte_7_12936962a4.jpg
  ✓ Copied: uploads\geschichte_8_b09bec8437.jpg
  ✓ Copied: uploads\geschichte_9_69ee1734cc.jpg
  ✓ Copied: uploads\heiligenberg_1_59dda9685f.jpg
  ✓ Copied: uploads\heiligenberg_2_c84e2f3fe2.gif
  ✓ Copied: uploads\idylle_und_realitt_unter_ceaucescu_1_c160313fe7.jpg
  ✓ Copied: uploads\idylle_und_realitt_unter_ceaucescu_2_ae4acbef4e.jpg
  ✓ Copied: uploads\integration_1_944bd1bc1e.jpg
  ✓ Copied: uploads\integration_2_cafb46e330.jpg
  ✓ Copied: uploads\joss_fritz_und_der_bundschuh_1_9f99b113e5.gif
  ✓ Copied: uploads\julian_1_5e92ae09ca.jpg
  ✓ Copied: uploads\lehrerschaft_kfg_3tes_reich_1_8ab6eba45b.jpg
  ✓ Copied: uploads\lehrerschaft_kfg_3tes_reich_2_bf96bb97aa.jpg
  ✓ Copied: uploads\mein_onkel_emil_1_3997fe6eff.jpg
  ✓ Copied: uploads\modellskizze_einer_menschlichen_moral_1_c177299146.jpg
  ✓ Copied: uploads\neuenheim_1_ef887f504e.jpg
  ✓ Copied: uploads\neuenheim_2_c9bc1c33dc.gif
  ✓ Copied: uploads\nicht_tdliche_waffen_1_eae0b4c114.jpg
  ✓ Copied: uploads\nicht_tdliche_waffen_2_4f66d7aa46.jpg
  ✓ Copied: uploads\nicht_tdliche_waffen_3_ca80ea96ef.jpg
  ✓ Copied: uploads\praktische_heimatkunde_1_ee09a59ebd.jpg
  ✓ Copied: uploads\praktische_heimatkunde_2_a91c60d5a8.jpg
  ✓ Copied: uploads\praktische_heimatkunde_3_b5cda9cc07.jpg
  ✓ Copied: uploads\praktische_heimatkunde_4_8a0864e51f.jpg
  ✓ Copied: uploads\praktische_heimatkunde_5_a01887f5c3.jpg
  ✓ Copied: uploads\praktische_heimatkunde_6_c979c9265e.jpg
  ✓ Copied: uploads\praktische_heimatkunde_7_f5491a8223.jpg
  ✓ Copied: uploads\praktische_heimatkunde_8_7a4589833c.jpg
  ✓ Copied: uploads\praktische_heimatkunde_9_3de218b2c5.jpg
  ✓ Copied: uploads\projekt_1_332f9a3b5f.jpg
  ✓ Copied: uploads\projekt_1_4fd25efd4b.gif
  ✓ Copied: uploads\schuelerunruhen_am_kfg_1_112549b939.jpg
  ✓ Copied: uploads\schuelerunruhen_am_kfg_2_743977cd57.jpg
  ✓ Copied: uploads\schuelerunruhen_am_kfg_3_97a43fa2d6.jpg
  ✓ Copied: uploads\strafrecht_und_strafvollzug_1_e93638b5be.gif
  ✓ Copied: uploads\thalmann_1_b3f03e5dbb.jpg
  ✓ Copied: uploads\thalmann_2_24ff7d4306.jpg
  ✓ Copied: uploads\thalmann_3_c481141490.jpg
  ✓ Copied: uploads\thalmann_4_13637aaf3c.jpg
  ✓ Copied: uploads\thalmann_5_afb70a3617.jpg
  ✓ Copied: uploads\thalmann_6_218deb7dc6.jpg
  ✓ Copied: uploads\universitaet_und_studenten_1_0a056a5cc3.gif
  ✓ Copied: uploads\versuch_einer_beschreibung_menschlicher_moral_1_6af4157f61.jpg

✓ Image copy completed.
Images copied to: c:\Users\julia\zeiler-deployment\zeiler_me_pages\frontend\public

> frontend@0.0.1 build
> astro build

[2m08:05:38[22m [34m[content][39m Syncing content
[2m08:05:38[22m [34m[content][39m Synced content
[2m08:05:38[22m [34m[types][39m Generated [2m211ms[22m
[2m08:05:38[22m [34m[build][39m output: [34m"static"[39m
[2m08:05:38[22m [34m[build][39m mode: [34m"static"[39m
[2m08:05:38[22m [34m[build][39m directory: [34mC:\Users\julia\zeiler-deployment\zeiler_me_pages\frontend\dist\[39m
[2m08:05:38[22m [34m[build][39m Collecting build info...
[2m08:05:38[22m [34m[build][39m [32m✓ Completed in 465ms.[39m
[2m08:05:39[22m [34m[build][39m Building static entrypoints...
[33m[1m08:06:45[22m [WARN] [vite][39m [33m[vite:css][postcss] @import must precede all other statements (besides @charset or empty @layer)
4  |  
5  |  /* Academic Editorial Typography */
6  |  @import url('https://fonts.googleapis.com/css2?family=Crimson+Pro:ital,wght@0,400;0,500;0,600;1,400;1,600&family=Instrument+Serif:ital,wght@0,400;0,600;0,700;1,400&family=JetBrains+Mono:wght@400;500&family=Playfair+Display:ital,wght@0,400;0,700;0,900;1,400&family=Cormorant+Garamond:ital,wght@0,400;0,500;0,600;1,400&family=Space+Grotesk:wght@400;600&display=swap');
   |  ^^^^^^^^^^^^^^^^^^^^^^^^^^^^^^^^^^^^^^^^^^^^^^^^^^^^^^^^^^^^^^^^^^^^^^^^^^^^^^^^^^^^^^^^^^^^^^^^^^^^^^^^^^^^^^^^^^^^^^^^^^^^^^^^^^^^^^^^^^^^^^^^^^^^^^^^^^^^^^^^^^^^^^^^^^^^^^^^^^^^^^^^^^^^^^^^^^^^^^^^^^^^^^^^^^^^^^^^^^^^^^^^^^^^^^^^^^^^^^^^^^^^^^^^^^^^^^^^^^^^^^^^^^^^^^^^^^^^^^^^^^^^^^^^^^^^^^^^^^^^^^^^^^^^^^^^^^^^^^^^^^^^^^^^^^^^^^^^^^^^^^^^^^^^^^^^^^^^^^^^^^^^^^
7  |  
8  |  @layer base {[39m
[33m[1m08:06:46[22m [WARN] [vite][39m [33m"isRemoteAllowed", "matchHostname", "matchPathname", "matchPort" and "matchProtocol" are imported from external module "@astrojs/internal-helpers/remote" but never used in "node_modules/astro/dist/assets/utils/remotePattern.js".[39m
[33m[1m08:06:47[22m [WARN] [vite][39m [33m[esbuild css minify]
▲ [WARNING] "light" is not a known CSS property [unsupported-css-property]

    <stdin>:1366:2:
      1366 │   light: #2d3a4f;
           │   ~~~~~
           ╵   right

  Did you mean "right" instead?


▲ [WARNING] "light" is not a known CSS property [unsupported-css-property]

    <stdin>:1379:2:
      1379 │   light: #2d3a4f;
           │   ~~~~~
           ╵   right

  Did you mean "right" instead?


▲ [WARNING] "light" is not a known CSS property [unsupported-css-property]

    <stdin>:1393:2:
      1393 │   light: #2d3a4f;
           │   ~~~~~
           ╵   right

  Did you mean "right" instead?


▲ [WARNING] "light" is not a known CSS property [unsupported-css-property]

    <stdin>:1409:2:
      1409 │   light: #2d3a4f;
           │   ~~~~~
           ╵   right

  Did you mean "right" instead?


▲ [WARNING] Expected identifier but found "50" [css-syntax-error]

    <stdin>:1436:2:
      1436 │   50: #fffbeb;
           ╵   ~~


▲ [WARNING] Expected identifier but found "100" [css-syntax-error]

    <stdin>:1437:2:
      1437 │   100: #fef3c7;
           ╵   ~~~


▲ [WARNING] Expected identifier but found "200" [css-syntax-error]

    <stdin>:1438:2:
      1438 │   200: #fde68a;
           ╵   ~~~


▲ [WARNING] Expected identifier but found "300" [css-syntax-error]

    <stdin>:1439:2:
      1439 │   300: #fcd34d;
           ╵   ~~~


▲ [WARNING] Expected identifier but found "400" [css-syntax-error]

    <stdin>:1440:2:
      1440 │   400: #fbbf24;
           ╵   ~~~


▲ [WARNING] Expected identifier but found "500" [css-syntax-error]

    <stdin>:1441:2:
      1441 │   500: #f59e0b;
           ╵   ~~~


▲ [WARNING] Expected identifier but found "600" [css-syntax-error]

    <stdin>:1442:2:
      1442 │   600: #d97706;
           ╵   ~~~


▲ [WARNING] Expected identifier but found "700" [css-syntax-error]

    <stdin>:1443:2:
      1443 │   700: #b45309;
           ╵   ~~~


▲ [WARNING] Expected identifier but found "800" [css-syntax-error]

    <stdin>:1444:2:
      1444 │   800: #92400e;
           ╵   ~~~


▲ [WARNING] Expected identifier but found "900" [css-syntax-error]

    <stdin>:1445:2:
      1445 │   900: #78350f;
           ╵   ~~~


▲ [WARNING] Expected identifier but found "950" [css-syntax-error]

    <stdin>:1446:2:
      1446 │   950: #451a03;
           ╵   ~~~


▲ [WARNING] "light" is not a known CSS property [unsupported-css-property]

    <stdin>:1449:2:
      1449 │   light: #e8c9a8;
           │   ~~~~~
           ╵   right

  Did you mean "right" instead?


▲ [WARNING] Expected identifier but found "50" [css-syntax-error]

    <stdin>:1465:2:
      1465 │   50: #fffbeb;
           ╵   ~~


▲ [WARNING] Expected identifier but found "100" [css-syntax-error]

    <stdin>:1466:2:
      1466 │   100: #fef3c7;
           ╵   ~~~


▲ [WARNING] Expected identifier but found "200" [css-syntax-error]

    <stdin>:1467:2:
      1467 │   200: #fde68a;
           ╵   ~~~


▲ [WARNING] Expected identifier but found "300" [css-syntax-error]

    <stdin>:1468:2:
      1468 │   300: #fcd34d;
           ╵   ~~~


▲ [WARNING] Expected identifier but found "400" [css-syntax-error]

    <stdin>:1469:2:
      1469 │   400: #fbbf24;
           ╵   ~~~


▲ [WARNING] Expected identifier but found "500" [css-syntax-error]

    <stdin>:1470:2:
      1470 │   500: #f59e0b;
           ╵   ~~~


▲ [WARNING] Expected identifier but found "600" [css-syntax-error]

    <stdin>:1471:2:
      1471 │   600: #d97706;
           ╵   ~~~


▲ [WARNING] Expected identifier but found "700" [css-syntax-error]

    <stdin>:1472:2:
      1472 │   700: #b45309;
           ╵   ~~~


▲ [WARNING] Expected identifier but found "800" [css-syntax-error]

    <stdin>:1473:2:
      1473 │   800: #92400e;
           ╵   ~~~


▲ [WARNING] Expected identifier but found "900" [css-syntax-error]

    <stdin>:1474:2:
      1474 │   900: #78350f;
           ╵   ~~~


▲ [WARNING] Expected identifier but found "950" [css-syntax-error]

    <stdin>:1475:2:
      1475 │   950: #451a03;
           ╵   ~~~


▲ [WARNING] "light" is not a known CSS property [unsupported-css-property]

    <stdin>:1478:2:
      1478 │   light: #e8c9a8;
           │   ~~~~~
           ╵   right

  Did you mean "right" instead?


▲ [WARNING] Expected identifier but found "50" [css-syntax-error]

    <stdin>:1493:2:
      1493 │   50: #fffbeb;
           ╵   ~~


▲ [WARNING] Expected identifier but found "100" [css-syntax-error]

    <stdin>:1494:2:
      1494 │   100: #fef3c7;
           ╵   ~~~


▲ [WARNING] Expected identifier but found "200" [css-syntax-error]

    <stdin>:1495:2:
      1495 │   200: #fde68a;
           ╵   ~~~


▲ [WARNING] Expected identifier but found "300" [css-syntax-error]

    <stdin>:1496:2:
      1496 │   300: #fcd34d;
           ╵   ~~~


▲ [WARNING] Expected identifier but found "400" [css-syntax-error]

    <stdin>:1497:2:
      1497 │   400: #fbbf24;
           ╵   ~~~


▲ [WARNING] Expected identifier but found "500" [css-syntax-error]

    <stdin>:1498:2:
      1498 │   500: #f59e0b;
           ╵   ~~~


▲ [WARNING] Expected identifier but found "600" [css-syntax-error]

    <stdin>:1499:2:
      1499 │   600: #d97706;
           ╵   ~~~


▲ [WARNING] Expected identifier but found "700" [css-syntax-error]

    <stdin>:1500:2:
      1500 │   700: #b45309;
           ╵   ~~~


▲ [WARNING] Expected identifier but found "800" [css-syntax-error]

    <stdin>:1501:2:
      1501 │   800: #92400e;
           ╵   ~~~


▲ [WARNING] Expected identifier but found "900" [css-syntax-error]

    <stdin>:1502:2:
      1502 │   900: #78350f;
           ╵   ~~~


▲ [WARNING] Expected identifier but found "950" [css-syntax-error]

    <stdin>:1503:2:
      1503 │   950: #451a03;
           ╵   ~~~


▲ [WARNING] "light" is not a known CSS property [unsupported-css-property]

    <stdin>:1506:2:
      1506 │   light: #e8c9a8;
           │   ~~~~~
           ╵   right

  Did you mean "right" instead?


▲ [WARNING] "light" is not a known CSS property [unsupported-css-property]

    <stdin>:1563:2:
      1563 │   light: #2d3a4f;
           │   ~~~~~
           ╵   right

  Did you mean "right" instead?


▲ [WARNING] "light" is not a known CSS property [unsupported-css-property]

    <stdin>:1585:2:
      1585 │   light: #2d3a4f;
           │   ~~~~~
           ╵   right

  Did you mean "right" instead?


▲ [WARNING] "light" is not a known CSS property [unsupported-css-property]

    <stdin>:1603:2:
      1603 │   light: #2d3a4f;
           │   ~~~~~
           ╵   right

  Did you mean "right" instead?


▲ [WARNING] "light" is not a known CSS property [unsupported-css-property]

    <stdin>:1616:2:
      1616 │   light: #2d3a4f;
           │   ~~~~~
           ╵   right

  Did you mean "right" instead?


▲ [WARNING] "light" is not a known CSS property [unsupported-css-property]

    <stdin>:1630:2:
      1630 │   light: #2d3a4f;
           │   ~~~~~
           ╵   right

  Did you mean "right" instead?


▲ [WARNING] "light" is not a known CSS property [unsupported-css-property]

    <stdin>:1646:2:
      1646 │   light: #2d3a4f;
           │   ~~~~~
           ╵   right

  Did you mean "right" instead?


▲ [WARNING] Expected identifier but found "50" [css-syntax-error]

    <stdin>:1673:2:
      1673 │   50: #fffbeb;
           ╵   ~~


▲ [WARNING] Expected identifier but found "100" [css-syntax-error]

    <stdin>:1674:2:
      1674 │   100: #fef3c7;
           ╵   ~~~


▲ [WARNING] Expected identifier but found "200" [css-syntax-error]

    <stdin>:1675:2:
      1675 │   200: #fde68a;
           ╵   ~~~


▲ [WARNING] Expected identifier but found "300" [css-syntax-error]

    <stdin>:1676:2:
      1676 │   300: #fcd34d;
           ╵   ~~~


▲ [WARNING] Expected identifier but found "400" [css-syntax-error]

    <stdin>:1677:2:
      1677 │   400: #fbbf24;
           ╵   ~~~


▲ [WARNING] Expected identifier but found "500" [css-syntax-error]

    <stdin>:1678:2:
      1678 │   500: #f59e0b;
           ╵   ~~~


▲ [WARNING] Expected identifier but found "600" [css-syntax-error]

    <stdin>:1679:2:
      1679 │   600: #d97706;
           ╵   ~~~


▲ [WARNING] Expected identifier but found "700" [css-syntax-error]

    <stdin>:1680:2:
      1680 │   700: #b45309;
           ╵   ~~~


▲ [WARNING] Expected identifier but found "800" [css-syntax-error]

    <stdin>:1681:2:
      1681 │   800: #92400e;
           ╵   ~~~


▲ [WARNING] Expected identifier but found "900" [css-syntax-error]

    <stdin>:1682:2:
      1682 │   900: #78350f;
           ╵   ~~~


▲ [WARNING] Expected identifier but found "950" [css-syntax-error]

    <stdin>:1683:2:
      1683 │   950: #451a03;
           ╵   ~~~


▲ [WARNING] "light" is not a known CSS property [unsupported-css-property]

    <stdin>:1686:2:
      1686 │   light: #e8c9a8;
           │   ~~~~~
           ╵   right

  Did you mean "right" instead?


▲ [WARNING] Expected identifier but found "50" [css-syntax-error]

    <stdin>:1702:2:
      1702 │   50: #fffbeb;
           ╵   ~~


▲ [WARNING] Expected identifier but found "100" [css-syntax-error]

    <stdin>:1703:2:
      1703 │   100: #fef3c7;
           ╵   ~~~


▲ [WARNING] Expected identifier but found "200" [css-syntax-error]

    <stdin>:1704:2:
      1704 │   200: #fde68a;
           ╵   ~~~


▲ [WARNING] Expected identifier but found "300" [css-syntax-error]

    <stdin>:1705:2:
      1705 │   300: #fcd34d;
           ╵   ~~~


▲ [WARNING] Expected identifier but found "400" [css-syntax-error]

    <stdin>:1706:2:
      1706 │   400: #fbbf24;
           ╵   ~~~


▲ [WARNING] Expected identifier but found "500" [css-syntax-error]

    <stdin>:1707:2:
      1707 │   500: #f59e0b;
           ╵   ~~~


▲ [WARNING] Expected identifier but found "600" [css-syntax-error]

    <stdin>:1708:2:
      1708 │   600: #d97706;
           ╵   ~~~


▲ [WARNING] Expected identifier but found "700" [css-syntax-error]

    <stdin>:1709:2:
      1709 │   700: #b45309;
           ╵   ~~~


▲ [WARNING] Expected identifier but found "800" [css-syntax-error]

    <stdin>:1710:2:
      1710 │   800: #92400e;
           ╵   ~~~


▲ [WARNING] Expected identifier but found "900" [css-syntax-error]

    <stdin>:1711:2:
      1711 │   900: #78350f;
           ╵   ~~~


▲ [WARNING] Expected identifier but found "950" [css-syntax-error]

    <stdin>:1712:2:
      1712 │   950: #451a03;
           ╵   ~~~


▲ [WARNING] "light" is not a known CSS property [unsupported-css-property]

    <stdin>:1715:2:
      1715 │   light: #e8c9a8;
           │   ~~~~~
           ╵   right

  Did you mean "right" instead?


▲ [WARNING] Expected identifier but found "50" [css-syntax-error]

    <stdin>:1730:2:
      1730 │   50: #fffbeb;
           ╵   ~~


▲ [WARNING] Expected identifier but found "100" [css-syntax-error]

    <stdin>:1731:2:
      1731 │   100: #fef3c7;
           ╵   ~~~


▲ [WARNING] Expected identifier but found "200" [css-syntax-error]

    <stdin>:1732:2:
      1732 │   200: #fde68a;
           ╵   ~~~


▲ [WARNING] Expected identifier but found "300" [css-syntax-error]

    <stdin>:1733:2:
      1733 │   300: #fcd34d;
           ╵   ~~~


▲ [WARNING] Expected identifier but found "400" [css-syntax-error]

    <stdin>:1734:2:
      1734 │   400: #fbbf24;
           ╵   ~~~


▲ [WARNING] Expected identifier but found "500" [css-syntax-error]

    <stdin>:1735:2:
      1735 │   500: #f59e0b;
           ╵   ~~~


▲ [WARNING] Expected identifier but found "600" [css-syntax-error]

    <stdin>:1736:2:
      1736 │   600: #d97706;
           ╵   ~~~


▲ [WARNING] Expected identifier but found "700" [css-syntax-error]

    <stdin>:1737:2:
      1737 │   700: #b45309;
           ╵   ~~~


▲ [WARNING] Expected identifier but found "800" [css-syntax-error]

    <stdin>:1738:2:
      1738 │   800: #92400e;
           ╵   ~~~


▲ [WARNING] Expected identifier but found "900" [css-syntax-error]

    <stdin>:1739:2:
      1739 │   900: #78350f;
           ╵   ~~~


▲ [WARNING] Expected identifier but found "950" [css-syntax-error]

    <stdin>:1740:2:
      1740 │   950: #451a03;
           ╵   ~~~


▲ [WARNING] "light" is not a known CSS property [unsupported-css-property]

    <stdin>:1743:2:
      1743 │   light: #e8c9a8;
           │   ~~~~~
           ╵   right

  Did you mean "right" instead?


▲ [WARNING] "light" is not a known CSS property [unsupported-css-property]

    <stdin>:1800:2:
      1800 │   light: #2d3a4f;
           │   ~~~~~
           ╵   right

  Did you mean "right" instead?


▲ [WARNING] "light" is not a known CSS property [unsupported-css-property]

    <stdin>:1822:2:
      1822 │   light: #2d3a4f;
           │   ~~~~~
           ╵   right

  Did you mean "right" instead?


▲ [WARNING] Expected identifier but found "50" [css-syntax-error]

    <stdin>:1865:4:
      1865 │     50: #fffbeb;
           ╵     ~~


▲ [WARNING] Expected identifier but found "100" [css-syntax-error]

    <stdin>:1866:4:
      1866 │     100: #fef3c7;
           ╵     ~~~


▲ [WARNING] Expected identifier but found "200" [css-syntax-error]

    <stdin>:1867:4:
      1867 │     200: #fde68a;
           ╵     ~~~


▲ [WARNING] Expected identifier but found "300" [css-syntax-error]

    <stdin>:1868:4:
      1868 │     300: #fcd34d;
           ╵     ~~~


▲ [WARNING] Expected identifier but found "400" [css-syntax-error]

    <stdin>:1869:4:
      1869 │     400: #fbbf24;
           ╵     ~~~


▲ [WARNING] Expected identifier but found "500" [css-syntax-error]

    <stdin>:1870:4:
      1870 │     500: #f59e0b;
           ╵     ~~~


▲ [WARNING] Expected identifier but found "600" [css-syntax-error]

    <stdin>:1871:4:
      1871 │     600: #d97706;
           ╵     ~~~


▲ [WARNING] Expected identifier but found "700" [css-syntax-error]

    <stdin>:1872:4:
      1872 │     700: #b45309;
           ╵     ~~~


▲ [WARNING] Expected identifier but found "800" [css-syntax-error]

    <stdin>:1873:4:
      1873 │     800: #92400e;
           ╵     ~~~


▲ [WARNING] Expected identifier but found "900" [css-syntax-error]

    <stdin>:1874:4:
      1874 │     900: #78350f;
           ╵     ~~~


▲ [WARNING] Expected identifier but found "950" [css-syntax-error]

    <stdin>:1875:4:
      1875 │     950: #451a03;
           ╵     ~~~


▲ [WARNING] "light" is not a known CSS property [unsupported-css-property]

    <stdin>:1878:4:
      1878 │     light: #e8c9a8;
           │     ~~~~~
           ╵     right

  Did you mean "right" instead?


▲ [WARNING] Expected identifier but found "50" [css-syntax-error]

    <stdin>:1890:4:
      1890 │     50: #fffbeb;
           ╵     ~~


▲ [WARNING] Expected identifier but found "100" [css-syntax-error]

    <stdin>:1891:4:
      1891 │     100: #fef3c7;
           ╵     ~~~


▲ [WARNING] Expected identifier but found "200" [css-syntax-error]

    <stdin>:1892:4:
      1892 │     200: #fde68a;
           ╵     ~~~


▲ [WARNING] Expected identifier but found "300" [css-syntax-error]

    <stdin>:1893:4:
      1893 │     300: #fcd34d;
           ╵     ~~~


▲ [WARNING] Expected identifier but found "400" [css-syntax-error]

    <stdin>:1894:4:
      1894 │     400: #fbbf24;
           ╵     ~~~


▲ [WARNING] Expected identifier but found "500" [css-syntax-error]

    <stdin>:1895:4:
      1895 │     500: #f59e0b;
           ╵     ~~~


▲ [WARNING] Expected identifier but found "600" [css-syntax-error]

    <stdin>:1896:4:
      1896 │     600: #d97706;
           ╵     ~~~


▲ [WARNING] Expected identifier but found "700" [css-syntax-error]

    <stdin>:1897:4:
      1897 │     700: #b45309;
           ╵     ~~~


▲ [WARNING] Expected identifier but found "800" [css-syntax-error]

    <stdin>:1898:4:
      1898 │     800: #92400e;
           ╵     ~~~


▲ [WARNING] Expected identifier but found "900" [css-syntax-error]

    <stdin>:1899:4:
      1899 │     900: #78350f;
           ╵     ~~~


▲ [WARNING] Expected identifier but found "950" [css-syntax-error]

    <stdin>:1900:4:
      1900 │     950: #451a03;
           ╵     ~~~


▲ [WARNING] "light" is not a known CSS property [unsupported-css-property]

    <stdin>:1903:4:
      1903 │     light: #e8c9a8;
           │     ~~~~~
           ╵     right

  Did you mean "right" instead?


▲ [WARNING] Expected identifier but found "50" [css-syntax-error]

    <stdin>:1911:4:
      1911 │     50: #fffbeb;
           ╵     ~~


▲ [WARNING] Expected identifier but found "100" [css-syntax-error]

    <stdin>:1912:4:
      1912 │     100: #fef3c7;
           ╵     ~~~


▲ [WARNING] Expected identifier but found "200" [css-syntax-error]

    <stdin>:1913:4:
      1913 │     200: #fde68a;
           ╵     ~~~


▲ [WARNING] Expected identifier but found "300" [css-syntax-error]

    <stdin>:1914:4:
      1914 │     300: #fcd34d;
           ╵     ~~~


▲ [WARNING] Expected identifier but found "400" [css-syntax-error]

    <stdin>:1915:4:
      1915 │     400: #fbbf24;
           ╵     ~~~


▲ [WARNING] Expected identifier but found "500" [css-syntax-error]

    <stdin>:1916:4:
      1916 │     500: #f59e0b;
           ╵     ~~~


▲ [WARNING] Expected identifier but found "600" [css-syntax-error]

    <stdin>:1917:4:
      1917 │     600: #d97706;
           ╵     ~~~


▲ [WARNING] Expected identifier but found "700" [css-syntax-error]

    <stdin>:1918:4:
      1918 │     700: #b45309;
           ╵     ~~~


▲ [WARNING] Expected identifier but found "800" [css-syntax-error]

    <stdin>:1919:4:
      1919 │     800: #92400e;
           ╵     ~~~


▲ [WARNING] Expected identifier but found "900" [css-syntax-error]

    <stdin>:1920:4:
      1920 │     900: #78350f;
           ╵     ~~~


▲ [WARNING] Expected identifier but found "950" [css-syntax-error]

    <stdin>:1921:4:
      1921 │     950: #451a03;
           ╵     ~~~


▲ [WARNING] "light" is not a known CSS property [unsupported-css-property]

    <stdin>:1924:4:
      1924 │     light: #e8c9a8;
           │     ~~~~~
           ╵     right

  Did you mean "right" instead?


▲ [WARNING] Expected identifier but found "50" [css-syntax-error]

    <stdin>:5405:4:
      5405 │     50: #fffbeb;
           ╵     ~~


▲ [WARNING] Expected identifier but found "100" [css-syntax-error]

    <stdin>:5406:4:
      5406 │     100: #fef3c7;
           ╵     ~~~


▲ [WARNING] Expected identifier but found "200" [css-syntax-error]

    <stdin>:5407:4:
      5407 │     200: #fde68a;
           ╵     ~~~


▲ [WARNING] Expected identifier but found "300" [css-syntax-error]

    <stdin>:5408:4:
      5408 │     300: #fcd34d;
           ╵     ~~~


▲ [WARNING] Expected identifier but found "400" [css-syntax-error]

    <stdin>:5409:4:
      5409 │     400: #fbbf24;
           ╵     ~~~


▲ [WARNING] Expected identifier but found "500" [css-syntax-error]

    <stdin>:5410:4:
      5410 │     500: #f59e0b;
           ╵     ~~~


▲ [WARNING] Expected identifier but found "600" [css-syntax-error]

    <stdin>:5411:4:
      5411 │     600: #d97706;
           ╵     ~~~


▲ [WARNING] Expected identifier but found "700" [css-syntax-error]

    <stdin>:5412:4:
      5412 │     700: #b45309;
           ╵     ~~~


▲ [WARNING] Expected identifier but found "800" [css-syntax-error]

    <stdin>:5413:4:
      5413 │     800: #92400e;
           ╵     ~~~


▲ [WARNING] Expected identifier but found "900" [css-syntax-error]

    <stdin>:5414:4:
      5414 │     900: #78350f;
           ╵     ~~~


▲ [WARNING] Expected identifier but found "950" [css-syntax-error]

    <stdin>:5415:4:
      5415 │     950: #451a03;
           ╵     ~~~


▲ [WARNING] "light" is not a known CSS property [unsupported-css-property]

    <stdin>:5418:4:
      5418 │     light: #e8c9a8;
           │     ~~~~~
           ╵     right

  Did you mean "right" instead?


▲ [WARNING] Expected identifier but found "50" [css-syntax-error]

    <stdin>:5430:4:
      5430 │     50: #fffbeb;
           ╵     ~~


▲ [WARNING] Expected identifier but found "100" [css-syntax-error]

    <stdin>:5431:4:
      5431 │     100: #fef3c7;
           ╵     ~~~


▲ [WARNING] Expected identifier but found "200" [css-syntax-error]

    <stdin>:5432:4:
      5432 │     200: #fde68a;
           ╵     ~~~


▲ [WARNING] Expected identifier but found "300" [css-syntax-error]

    <stdin>:5433:4:
      5433 │     300: #fcd34d;
           ╵     ~~~


▲ [WARNING] Expected identifier but found "400" [css-syntax-error]

    <stdin>:5434:4:
      5434 │     400: #fbbf24;
           ╵     ~~~


▲ [WARNING] Expected identifier but found "500" [css-syntax-error]

    <stdin>:5435:4:
      5435 │     500: #f59e0b;
           ╵     ~~~


▲ [WARNING] Expected identifier but found "600" [css-syntax-error]

    <stdin>:5436:4:
      5436 │     600: #d97706;
           ╵     ~~~


▲ [WARNING] Expected identifier but found "700" [css-syntax-error]

    <stdin>:5437:4:
      5437 │     700: #b45309;
           ╵     ~~~


▲ [WARNING] Expected identifier but found "800" [css-syntax-error]

    <stdin>:5438:4:
      5438 │     800: #92400e;
           ╵     ~~~


▲ [WARNING] Expected identifier but found "900" [css-syntax-error]

    <stdin>:5439:4:
      5439 │     900: #78350f;
           ╵     ~~~


▲ [WARNING] Expected identifier but found "950" [css-syntax-error]

    <stdin>:5440:4:
      5440 │     950: #451a03;
           ╵     ~~~


▲ [WARNING] "light" is not a known CSS property [unsupported-css-property]

    <stdin>:5443:4:
      5443 │     light: #e8c9a8;
           │     ~~~~~
           ╵     right

  Did you mean "right" instead?


▲ [WARNING] Expected identifier but found "50" [css-syntax-error]

    <stdin>:5451:4:
      5451 │     50: #fffbeb;
           ╵     ~~


▲ [WARNING] Expected identifier but found "100" [css-syntax-error]

    <stdin>:5452:4:
      5452 │     100: #fef3c7;
           ╵     ~~~


▲ [WARNING] Expected identifier but found "200" [css-syntax-error]

    <stdin>:5453:4:
      5453 │     200: #fde68a;
           ╵     ~~~


▲ [WARNING] Expected identifier but found "300" [css-syntax-error]

    <stdin>:5454:4:
      5454 │     300: #fcd34d;
           ╵     ~~~


▲ [WARNING] Expected identifier but found "400" [css-syntax-error]

    <stdin>:5455:4:
      5455 │     400: #fbbf24;
           ╵     ~~~


▲ [WARNING] Expected identifier but found "500" [css-syntax-error]

    <stdin>:5456:4:
      5456 │     500: #f59e0b;
           ╵     ~~~


▲ [WARNING] Expected identifier but found "600" [css-syntax-error]

    <stdin>:5457:4:
      5457 │     600: #d97706;
           ╵     ~~~


▲ [WARNING] Expected identifier but found "700" [css-syntax-error]

    <stdin>:5458:4:
      5458 │     700: #b45309;
           ╵     ~~~


▲ [WARNING] Expected identifier but found "800" [css-syntax-error]

    <stdin>:5459:4:
      5459 │     800: #92400e;
           ╵     ~~~


▲ [WARNING] Expected identifier but found "900" [css-syntax-error]

    <stdin>:5460:4:
      5460 │     900: #78350f;
           ╵     ~~~


▲ [WARNING] Expected identifier but found "950" [css-syntax-error]

    <stdin>:5461:4:
      5461 │     950: #451a03;
           ╵     ~~~


▲ [WARNING] "light" is not a known CSS property [unsupported-css-property]

    <stdin>:5464:4:
      5464 │     light: #e8c9a8;
           │     ~~~~~
           ╵     right

  Did you mean "right" instead?

[39m
[2m08:06:47[22m [34m[vite][39m [32m✓ built in 1m 8s[39m
[2m08:06:47[22m [34m[build][39m [32m✓ Completed in 68.43s.[39m

[42m[30m building client (vite) [39m[49m
[2m08:06:47[22m [34m[vite][39m transforming...
[2m08:06:50[22m [34m[vite][39m [32m✓[39m 41 modules transformed.
[2m08:06:50[22m [34m[vite][39m rendering chunks...
[2m08:06:50[22m [34m[vite][39m computing gzip size...
[2m08:06:50[22m [34m[vite][39m [2mdist/[22m[36massets/jsx-runtime.D_zvdyIk.js       [39m[1m[2m  0.73 kB[22m[1m[22m[2m │ gzip:  0.46 kB[22m
[2m08:06:50[22m [34m[vite][39m [2mdist/[22m[36massets/LoadingBar.CRYAFAKe.js        [39m[1m[2m  1.38 kB[22m[1m[22m[2m │ gzip:  0.66 kB[22m
[2m08:06:50[22m [34m[vite][39m [2mdist/[22m[36massets/index.BlHzny4y.js             [39m[1m[2m  3.89 kB[22m[1m[22m[2m │ gzip:  1.52 kB[22m
[2m08:06:50[22m [34m[vite][39m [2mdist/[22m[36massets/index.Cd_vQiNd.js             [39m[1m[2m  7.85 kB[22m[1m[22m[2m │ gzip:  3.05 kB[22m
[2m08:06:50[22m [34m[vite][39m [2mdist/[22m[36massets/NavigationIsland.Bl5jGFGJ.js  [39m[1m[2m 29.43 kB[22m[1m[22m[2m │ gzip: 10.33 kB[22m
[2m08:06:50[22m [34m[vite][39m [2mdist/[22m[36massets/client.CyD-bcKm.js            [39m[1m[2m182.74 kB[22m[1m[22m[2m │ gzip: 57.60 kB[22m
[2m08:06:50[22m [34m[vite][39m [32m✓ built in 2.56s[39m

[42m[30m generating static routes [39m[49m
[2m08:06:50[22m [32m▶[39m src/pages/404.astro
[2m08:06:50[22m   [34m└─[39m [2m/404.html[22m [2m(+65ms)[22m 
[2m08:06:50[22m [32m▶[39m src/pages/index.astro
[2m08:06:50[22m   [34m└─[39m [2m/index.html[22m [2m(+21ms)[22m 
[2m08:06:50[22m [32m▶[39m src/pages/[...slug].astro
[33m[1m08:06:50[22m [WARN] [router][39m getStaticPaths() returned an invalid path param: "slug". `undefined` expected for an optional param, but got empty string.
[33m[1m08:06:50[22m [WARN] [build][39m Could not render `` from route `/[...slug]` as it conflicts with higher priority route `/`.
[2m08:06:50[22m   [34m├─[39m [2m/detlef/deutsch/errterung/index.html[22m [2m(+59ms)[22m 
[2m08:06:50[22m   [34m├─[39m [2m/detlef/deutsch/essay-themen/essay/index.html[22m [2m(+31ms)[22m 
[2m08:06:50[22m   [34m├─[39m [2m/detlef/deutsch/essay-themen/index.html[22m [2m(+18ms)[22m 
[2m08:06:50[22m   [34m├─[39m [2m/detlef/deutsch/fremdenfeindlichkeit/armer-und-reicher-teufel/index.html[22m [2m(+60ms)[22m 
[2m08:06:50[22m   [34m├─[39m [2m/detlef/deutsch/fremdenfeindlichkeit/index.html[22m [2m(+16ms)[22m 
[2m08:06:50[22m   [34m├─[39m [2m/detlef/deutsch/homo-faber/index.html[22m [2m(+17ms)[22m 
[2m08:06:50[22m   [34m├─[39m [2m/detlef/deutsch/nayirah/index.html[22m [2m(+33ms)[22m 
[2m08:06:50[22m   [34m├─[39m [2m/detlef/deutsch/needful-things---in-einer-kleinen-stadt/in-einer-kleinen-stadt/in-einer-kleinen-stadt/index.html[22m [2m(+13ms)[22m 
[2m08:06:50[22m   [34m├─[39m [2m/detlef/deutsch/needful-things---in-einer-kleinen-stadt/in-einer-kleinen-stadt/index.html[22m [2m(+31ms)[22m 
[2m08:06:50[22m   [34m├─[39m [2m/detlef/deutsch/needful-things---in-einer-kleinen-stadt/index.html[22m [2m(+37ms)[22m 
[2m08:06:50[22m   [34m├─[39m [2m/detlef/deutsch/texterrterung/index.html[22m [2m(+43ms)[22m 
[2m08:06:50[22m   [34m├─[39m [2m/detlef/deutsch/textinterpretation/das-eiserne-kreuz/index.html[22m [2m(+39ms)[22m 
[2m08:06:51[22m   [34m├─[39m [2m/detlef/deutsch/textinterpretation/ein-netter-kerl/index.html[22m [2m(+22ms)[22m 
[2m08:06:51[22m   [34m├─[39m [2m/detlef/deutsch/textinterpretation/einige-beispiele/armer-und-reicher-teufel-ernst-bloch/index.html[22m [2m(+32ms)[22m 
[2m08:06:51[22m   [34m├─[39m [2m/detlef/deutsch/textinterpretation/einige-beispiele/wie-ist-der-mensch-michel-de-montaigne/index.html[22m [2m(+13ms)[22m 
[2m08:06:51[22m   [34m├─[39m [2m/detlef/deutsch/textinterpretation/einige-beispiele/index.html[22m [2m(+10ms)[22m 
[2m08:06:51[22m   [34m├─[39m [2m/detlef/deutsch/textinterpretation/homo-faber/index.html[22m [2m(+7ms)[22m 
[2m08:06:51[22m   [34m├─[39m [2m/detlef/deutsch/textinterpretation/wie-ist-der-mensch-michel-de-montaigne/index.html[22m [2m(+8ms)[22m 
[2m08:06:51[22m   [34m├─[39m [2m/detlef/deutsch/textinterpretation-1/index.html[22m [2m(+12ms)[22m 
[2m08:06:51[22m   [34m├─[39m [2m/detlef/deutsch/textinterpretation/index.html[22m [2m(+18ms)[22m 
[2m08:06:51[22m   [34m├─[39m [2m/detlef/deutsch/versuch-einer-beschreibung-menschlicher-moral/index.html[22m [2m(+22ms)[22m 
[2m08:06:51[22m   [34m├─[39m [2m/detlef/deutsch/versuch-einer-kurzen-beschreibung-einer-menschlichen-moral/index.html[22m [2m(+10ms)[22m 
[2m08:06:51[22m   [34m├─[39m [2m/detlef/deutsch/vom-text-zum-schaubild/index.html[22m [2m(+23ms)[22m 
[2m08:06:51[22m   [34m├─[39m [2m/detlef/deutsch/index.html[22m [2m(+25ms)[22m 
[2m08:06:51[22m   [34m├─[39m [2m/detlef/geschichte/alexander-von-humboldts-sdamerikareise/index.html[22m [2m(+69ms)[22m 
[2m08:06:51[22m   [34m├─[39m [2m/detlef/geschichte/alexis-de-tocqueville-ber-grausamkeit-in-einer-unglcklichen-zeit/index.html[22m [2m(+18ms)[22m 
[2m08:06:51[22m   [34m├─[39m [2m/detlef/geschichte/ber-die-grausamkeit/index.html[22m [2m(+35ms)[22m 
[2m08:06:51[22m   [34m├─[39m [2m/detlef/geschichte/ber-die-pltzliche-grausamkeit-in-einer-unglcklichen-zeit/index.html[22m [2m(+52ms)[22m 
[2m08:06:51[22m   [34m├─[39m [2m/detlef/geschichte/berichte-aus-einer-deutschen-diktatur/index.html[22m [2m(+23ms)[22m 
[2m08:06:51[22m   [34m├─[39m [2m/detlef/geschichte/berthold-von-rohrbach/index.html[22m [2m(+10ms)[22m 
[2m08:06:51[22m   [34m├─[39m [2m/detlef/geschichte/besuch-in-simferopol-2018/index.html[22m [2m(+123ms)[22m 
[2m08:06:51[22m   [34m├─[39m [2m/detlef/geschichte/ceausescu/idylle-und-realitt-unter-ceaucescu/index.html[22m [2m(+78ms)[22m 
[2m08:06:51[22m   [34m├─[39m [2m/detlef/geschichte/ceausescu/index.html[22m [2m(+54ms)[22m 
[2m08:06:51[22m   [34m├─[39m [2m/detlef/geschichte/das-eiserne-kreuz/index.html[22m [2m(+90ms)[22m 
[2m08:06:51[22m   [34m├─[39m [2m/detlef/geschichte/die-mittelschicht-diskussionsthemen/index.html[22m [2m(+67ms)[22m 
[2m08:06:51[22m   [34m├─[39m [2m/detlef/geschichte/faschismus-als-massenbewegung/gerusch/index.html[22m [2m(+14ms)[22m 
[2m08:06:51[22m   [34m├─[39m [2m/detlef/geschichte/faschismus-als-massenbewegung-2/index.html[22m [2m(+20ms)[22m 
[2m08:06:51[22m   [34m├─[39m [2m/detlef/geschichte/faschismus-als-massenbewegung/index.html[22m [31m(+765ms)[39m 
[2m08:06:52[22m   [34m├─[39m [2m/detlef/geschichte/gerchte/index.html[22m [2m(+153ms)[22m 
[2m08:06:52[22m   [34m├─[39m [2m/detlef/geschichte/geschichte-des-neckars-und-des-philosophenwegs-ludwig-merzotto-jger/index.html[22m [2m(+152ms)[22m 
[2m08:06:52[22m   [34m├─[39m [2m/detlef/geschichte/grenzen-ii/index.html[22m [2m(+62ms)[22m 
[2m08:06:52[22m   [34m├─[39m [2m/detlef/geschichte/grenzen-iii/index.html[22m [2m(+27ms)[22m 
[2m08:06:53[22m   [34m├─[39m [2m/detlef/geschichte/grenzen/index.html[22m [2m(+75ms)[22m 
[2m08:06:53[22m   [34m├─[39m [2m/detlef/geschichte/hooligans---angry-young-men/index.html[22m [2m(+46ms)[22m 
[2m08:06:53[22m   [34m├─[39m [2m/detlef/geschichte/integration/index.html[22m [2m(+96ms)[22m 
[2m08:06:53[22m   [34m├─[39m [2m/detlef/geschichte/jeremia/index.html[22m [2m(+40ms)[22m 
[2m08:06:53[22m   [34m├─[39m [2m/detlef/geschichte/knstliche-feindschaften/index.html[22m [2m(+46ms)[22m 
[2m08:06:53[22m   [34m├─[39m [2m/detlef/geschichte/kontrollsysteme/index.html[22m [2m(+47ms)[22m 
[2m08:06:53[22m   [34m├─[39m [2m/detlef/geschichte/mein--onkel-emil/index.html[22m [2m(+35ms)[22m 
[2m08:06:53[22m   [34m├─[39m [2m/detlef/geschichte/mein-grovater-rudolf-zeiler/rudolf-zeiler/index.html[22m [2m(+11ms)[22m 
[2m08:06:53[22m   [34m├─[39m [2m/detlef/geschichte/mein-grovater-rudolf-zeiler/index.html[22m [2m(+42ms)[22m 
[2m08:06:53[22m   [34m├─[39m [2m/detlef/geschichte/modellskizze-einer-menschlichen-moral/index.html[22m [2m(+25ms)[22m 
[2m08:06:53[22m   [34m├─[39m [2m/detlef/geschichte/nationen/index.html[22m [2m(+31ms)[22m 
[2m08:06:53[22m   [34m├─[39m [2m/detlef/geschichte/nicht-tdliche-waffen/index.html[22m [2m(+76ms)[22m 
[2m08:06:53[22m   [34m├─[39m [2m/detlef/geschichte/sind-wir-nur-tiere/index.html[22m [2m(+28ms)[22m 
[2m08:06:53[22m   [34m├─[39m [2m/detlef/geschichte/thalmann/index.html[22m [2m(+98ms)[22m 
[2m08:06:53[22m   [34m├─[39m [2m/detlef/geschichte/was-mich-betrifft/index.html[22m [2m(+14ms)[22m 
[2m08:06:53[22m   [34m├─[39m [2m/detlef/geschichte/zeit-der-intrigen/index.html[22m [2m(+37ms)[22m 
[2m08:06:53[22m   [34m├─[39m [2m/detlef/geschichte/index.html[22m [2m(+55ms)[22m 
[2m08:06:53[22m   [34m├─[39m [2m/detlef/impressum/index.html[22m [2m(+18ms)[22m 
[2m08:06:53[22m   [34m├─[39m [2m/detlef/jeremia/index.html[22m [2m(+13ms)[22m 
[2m08:06:53[22m   [34m├─[39m [2m/detlef/medien/geruechte-rumores-drehbuch/index.html[22m [2m(+130ms)[22m 
[2m08:06:53[22m   [34m├─[39m [2m/detlef/medien/medienerziehung/altersgemaesse-schwerpunktsetzungen/index.html[22m [2m(+26ms)[22m 
[2m08:06:54[22m   [34m├─[39m [2m/detlef/medien/medienerziehung/aufgabenbereiche-und-zielsetzungen/index.html[22m [2m(+14ms)[22m 
[2m08:06:54[22m   [34m├─[39m [2m/detlef/medien/medienerziehung/erlebnis-und-handlungsorientierung-als-prinzipien/index.html[22m [2m(+9ms)[22m 
[2m08:06:54[22m   [34m├─[39m [2m/detlef/medien/medienerziehung/gestaltung-von-audiovisuellen-medien/index.html[22m [2m(+18ms)[22m 
[2m08:06:54[22m   [34m├─[39m [2m/detlef/medien/medienerziehung/leseerziehung-und-hoererziehung/index.html[22m [2m(+26ms)[22m 
[2m08:06:54[22m   [34m├─[39m [2m/detlef/medien/medienerziehung/medienerziehung-als-gesamtgesellschaftliche-aufgabe/index.html[22m [2m(+15ms)[22m 
[2m08:06:54[22m   [34m├─[39m [2m/detlef/medien/medienerziehung/medienerziehung-im-bereich-von-computerspielen-und-interaktiven-medien/index.html[22m [2m(+12ms)[22m 
[2m08:06:54[22m   [34m├─[39m [2m/detlef/medien/medienerziehung/medienerziehung-im-erziehungs-und-bildungszusammenhang/index.html[22m [2m(+15ms)[22m 
[2m08:06:54[22m   [34m├─[39m [2m/detlef/medien/medienerziehung/medienkompetenz-vorbemerkung/index.html[22m [2m(+14ms)[22m 
[2m08:06:54[22m   [34m├─[39m [2m/detlef/medien/medienerziehung/schuelerzeitschriften/index.html[22m [2m(+13ms)[22m 
[2m08:06:54[22m   [34m├─[39m [2m/detlef/medien/medienerziehung/spielfilme/index.html[22m [2m(+12ms)[22m 
[2m08:06:54[22m   [34m├─[39m [2m/detlef/medien/medienerziehung/veraenderung-der-bildungs-und-erziehungssituation/index.html[22m [2m(+20ms)[22m 
[2m08:06:54[22m   [34m├─[39m [2m/detlef/medien/medienerziehung/verankerung-in-den-lehrplaenen/index.html[22m [2m(+12ms)[22m 
[2m08:06:54[22m   [34m├─[39m [2m/detlef/medien/medienerziehung/zukuenftige-ansatzpunkte/index.html[22m [2m(+12ms)[22m 
[2m08:06:54[22m   [34m├─[39m [2m/detlef/medien/medienerziehung/zum-begriff-medienkultur/index.html[22m [2m(+11ms)[22m 
[2m08:06:54[22m   [34m├─[39m [2m/detlef/medien/medienerziehung/index.html[22m [2m(+28ms)[22m 
[2m08:06:54[22m   [34m├─[39m [2m/detlef/medien/index.html[22m [2m(+14ms)[22m 
[2m08:06:54[22m   [34m├─[39m [2m/detlef/projekte/die-elsenz-und-der-kraichgau/geographische-lage/der-steinsberg/index.html[22m [2m(+9ms)[22m 
[2m08:06:54[22m   [34m├─[39m [2m/detlef/projekte/die-elsenz-und-der-kraichgau/geographische-lage/die-elsenz/index.html[22m [2m(+15ms)[22m 
[2m08:06:54[22m   [34m├─[39m [2m/detlef/projekte/die-elsenz-und-der-kraichgau/geographische-lage/mhlen-an-der-elsenz/index.html[22m [2m(+14ms)[22m 
[2m08:06:54[22m   [34m├─[39m [2m/detlef/projekte/die-elsenz-und-der-kraichgau/geographische-lage/index.html[22m [2m(+20ms)[22m 
[2m08:06:54[22m   [34m├─[39m [2m/detlef/projekte/die-elsenz-und-der-kraichgau/geschichte-und-politik/bauernunruhen/index.html[22m [2m(+17ms)[22m 
[2m08:06:54[22m   [34m├─[39m [2m/detlef/projekte/die-elsenz-und-der-kraichgau/geschichte-und-politik/der-gaubegriff/index.html[22m [2m(+9ms)[22m 
[2m08:06:54[22m   [34m├─[39m [2m/detlef/projekte/die-elsenz-und-der-kraichgau/geschichte-und-politik/der-kraichgau-als-militaerisches-operationsgebiet/index.html[22m [2m(+18ms)[22m 
[2m08:06:54[22m   [34m├─[39m [2m/detlef/projekte/die-elsenz-und-der-kraichgau/geschichte-und-politik/die-burg-steinsberg/index.html[22m [2m(+9ms)[22m 
[2m08:06:54[22m   [34m├─[39m [2m/detlef/projekte/die-elsenz-und-der-kraichgau/geschichte-und-politik/friedrich-hecker/index.html[22m [2m(+12ms)[22m 
[2m08:06:54[22m   [34m├─[39m [2m/detlef/projekte/die-elsenz-und-der-kraichgau/geschichte-und-politik/joss-fritz-und-der-bundschuh/index.html[22m [2m(+14ms)[22m 
[2m08:06:54[22m   [34m├─[39m [2m/detlef/projekte/die-elsenz-und-der-kraichgau/geschichte-und-politik/renaissance-im-kraichgau/index.html[22m [2m(+15ms)[22m 
[2m08:06:54[22m   [34m├─[39m [2m/detlef/projekte/die-elsenz-und-der-kraichgau/geschichte-und-politik/index.html[22m [2m(+20ms)[22m 
[2m08:06:54[22m   [34m├─[39m [2m/detlef/projekte/die-elsenz-und-der-kraichgau/kultur-religion/index.html[22m [2m(+7ms)[22m 
[2m08:06:54[22m   [34m├─[39m [2m/detlef/projekte/die-elsenz-und-der-kraichgau/index.html[22m [2m(+19ms)[22m 
[2m08:06:54[22m   [34m├─[39m [2m/detlef/projekte/dritte-gewalt-strafvollzug/anmerkungen/index.html[22m [2m(+9ms)[22m 
[2m08:06:54[22m   [34m├─[39m [2m/detlef/projekte/dritte-gewalt-strafvollzug/beispiel-fuer-ein-projekt/index.html[22m [2m(+23ms)[22m 
[2m08:06:54[22m   [34m├─[39m [2m/detlef/projekte/dritte-gewalt-strafvollzug/gymnasium/index.html[22m [2m(+20ms)[22m 
[2m08:06:54[22m   [34m├─[39m [2m/detlef/projekte/dritte-gewalt-strafvollzug/hauptschule/index.html[22m [2m(+50ms)[22m 
[2m08:06:54[22m   [34m├─[39m [2m/detlef/projekte/dritte-gewalt-strafvollzug/medienforum-heidelberg-ev/index.html[22m [2m(+18ms)[22m 
[2m08:06:54[22m   [34m├─[39m [2m/detlef/projekte/dritte-gewalt-strafvollzug/realschule/index.html[22m [2m(+20ms)[22m 
[2m08:06:54[22m   [34m├─[39m [2m/detlef/projekte/dritte-gewalt-strafvollzug/index.html[22m [2m(+51ms)[22m 
[2m08:06:54[22m   [34m├─[39m [2m/detlef/projekte/heidelberg-im-mittelalter/armenpflege-und-soziale-einrichtungen/index.html[22m [2m(+22ms)[22m 
[2m08:06:54[22m   [34m├─[39m [2m/detlef/projekte/heidelberg-im-mittelalter/das-aelteste-gewerbe/index.html[22m [2m(+17ms)[22m 
[2m08:06:54[22m   [34m├─[39m [2m/detlef/projekte/heidelberg-im-mittelalter/dr-jochen-goetze/index.html[22m [2m(+158ms)[22m 
[2m08:06:54[22m   [34m├─[39m [2m/detlef/projekte/heidelberg-im-mittelalter/freizeit/index.html[22m [2m(+123ms)[22m 
[2m08:06:54[22m   [34m├─[39m [2m/detlef/projekte/heidelberg-im-mittelalter/hexenglauben-und-hexenprozesse/index.html[22m [2m(+155ms)[22m 
[2m08:06:55[22m   [34m├─[39m [2m/detlef/projekte/heidelberg-im-mittelalter/juden/phase-relativer-toleranz/index.html[22m [2m(+48ms)[22m 
[2m08:06:55[22m   [34m├─[39m [2m/detlef/projekte/heidelberg-im-mittelalter/juden/spielball-fremder-interessen/index.html[22m [2m(+75ms)[22m 
[2m08:06:55[22m   [34m├─[39m [2m/detlef/projekte/heidelberg-im-mittelalter/juden/index.html[22m [2m(+60ms)[22m 
[2m08:06:55[22m   [34m├─[39m [2m/detlef/projekte/heidelberg-im-mittelalter/literaturverzeichnis/index.html[22m [2m(+40ms)[22m 
[2m08:06:55[22m   [34m├─[39m [2m/detlef/projekte/heidelberg-im-mittelalter/mopaed/index.html[22m [2m(+39ms)[22m 
[2m08:06:55[22m   [34m├─[39m [2m/detlef/projekte/heidelberg-im-mittelalter/praktische-heimatkunde/index.html[22m [2m(+62ms)[22m 
[2m08:06:55[22m   [34m├─[39m [2m/detlef/projekte/heidelberg-im-mittelalter/sittenstrafordnung-fuer-dirnen/index.html[22m [2m(+17ms)[22m 
[2m08:06:55[22m   [34m├─[39m [2m/detlef/projekte/heidelberg-im-mittelalter/stadtgruendung-stadtentwicklung/entstehung-und-namensgebung/index.html[22m [2m(+23ms)[22m 
[2m08:06:55[22m   [34m├─[39m [2m/detlef/projekte/heidelberg-im-mittelalter/stadtgruendung-stadtentwicklung/stadtaufbau/index.html[22m [2m(+46ms)[22m 
[2m08:06:55[22m   [34m├─[39m [2m/detlef/projekte/heidelberg-im-mittelalter/stadtgruendung-stadtentwicklung/stadtverfassung/index.html[22m [2m(+17ms)[22m 
[2m08:06:55[22m   [34m├─[39m [2m/detlef/projekte/heidelberg-im-mittelalter/stadtgruendung-stadtentwicklung/index.html[22m [2m(+31ms)[22m 
[2m08:06:55[22m   [34m├─[39m [2m/detlef/projekte/heidelberg-im-mittelalter/strafrecht-und-strafvollzug/anmerkungen/index.html[22m [2m(+28ms)[22m 
[2m08:06:55[22m   [34m├─[39m [2m/detlef/projekte/heidelberg-im-mittelalter/strafrecht-und-strafvollzug/constitutio-criminalis-carolina/index.html[22m [2m(+45ms)[22m 
[2m08:06:55[22m   [34m├─[39m [2m/detlef/projekte/heidelberg-im-mittelalter/strafrecht-und-strafvollzug/richtstaetten-und-gefaengnisse/index.html[22m [2m(+26ms)[22m 
[2m08:06:55[22m   [34m├─[39m [2m/detlef/projekte/heidelberg-im-mittelalter/strafrecht-und-strafvollzug/strafordnung/index.html[22m [2m(+14ms)[22m 
[2m08:06:55[22m   [34m├─[39m [2m/detlef/projekte/heidelberg-im-mittelalter/strafrecht-und-strafvollzug/triumph-des-guten/index.html[22m [2m(+41ms)[22m 
[2m08:06:55[22m   [34m├─[39m [2m/detlef/projekte/heidelberg-im-mittelalter/strafrecht-und-strafvollzug/verbrechen-und-strafen/index.html[22m [2m(+36ms)[22m 
[2m08:06:55[22m   [34m├─[39m [2m/detlef/projekte/heidelberg-im-mittelalter/strafrecht-und-strafvollzug/index.html[22m [2m(+123ms)[22m 
[2m08:06:55[22m   [34m├─[39m [2m/detlef/projekte/heidelberg-im-mittelalter/universitaet-und-studenten/ausbau-der-universitaet-und-rueckschlaege/index.html[22m [2m(+78ms)[22m 
[2m08:06:55[22m   [34m├─[39m [2m/detlef/projekte/heidelberg-im-mittelalter/universitaet-und-studenten/ausbau-und-finanzierung/index.html[22m [2m(+44ms)[22m 
[2m08:06:56[22m   [34m├─[39m [2m/detlef/projekte/heidelberg-im-mittelalter/universitaet-und-studenten/die-anfaenge-stadt-hof-und-universitaet/index.html[22m [2m(+72ms)[22m 
[2m08:06:56[22m   [34m├─[39m [2m/detlef/projekte/heidelberg-im-mittelalter/universitaet-und-studenten/die-universitaet-zwischen-mittelalter-und-neuzeit/index.html[22m [2m(+58ms)[22m 
[2m08:06:56[22m   [34m├─[39m [2m/detlef/projekte/heidelberg-im-mittelalter/universitaet-und-studenten/einleitung/index.html[22m [2m(+55ms)[22m 
[2m08:06:56[22m   [34m├─[39m [2m/detlef/projekte/heidelberg-im-mittelalter/universitaet-und-studenten/konflikte-mit-hofbediensteten-buergern-und-juden/index.html[22m [2m(+64ms)[22m 
[2m08:06:56[22m   [34m├─[39m [2m/detlef/projekte/heidelberg-im-mittelalter/universitaet-und-studenten/motive-fuer-den-aufbau-einer-universitaet/index.html[22m [2m(+62ms)[22m 
[2m08:06:56[22m   [34m├─[39m [2m/detlef/projekte/heidelberg-im-mittelalter/universitaet-und-studenten/studentenunruhen/index.html[22m [2m(+48ms)[22m 
[2m08:06:56[22m   [34m├─[39m [2m/detlef/projekte/heidelberg-im-mittelalter/universitaet-und-studenten/index.html[22m [2m(+45ms)[22m 
[2m08:06:56[22m   [34m├─[39m [2m/detlef/projekte/heidelberg-im-mittelalter/index.html[22m [2m(+59ms)[22m 
[2m08:06:56[22m   [34m├─[39m [2m/detlef/projekte/heidelberger-schulgeschichten/anfaenge/index.html[22m [2m(+75ms)[22m 
[2m08:06:56[22m   [34m├─[39m [2m/detlef/projekte/heidelberger-schulgeschichten/buerger-und-bauern/index.html[22m [2m(+137ms)[22m 
[2m08:06:56[22m   [34m├─[39m [2m/detlef/projekte/heidelberger-schulgeschichten/das-18te-jahrhundert/index.html[22m [2m(+145ms)[22m 
[2m08:06:56[22m   [34m├─[39m [2m/detlef/projekte/heidelberger-schulgeschichten/das-19te-jahrhundert/index.html[22m [2m(+208ms)[22m 
[2m08:06:57[22m   [34m├─[39m [2m/detlef/projekte/heidelberger-schulgeschichten/das-20te-jahrhundert/index.html[22m [2m(+165ms)[22m 
[2m08:06:57[22m   [34m├─[39m [2m/detlef/projekte/heidelberger-schulgeschichten/lehrerschaft-kfg-3tes-reich/index.html[22m [2m(+116ms)[22m 
[2m08:06:57[22m   [34m├─[39m [2m/detlef/projekte/heidelberger-schulgeschichten/schuelerunruhen-am-kfg/index.html[22m [2m(+75ms)[22m 
[2m08:06:57[22m   [34m├─[39m [2m/detlef/projekte/heidelberger-schulgeschichten/index.html[22m [2m(+36ms)[22m 
[2m08:06:57[22m   [34m├─[39m [2m/detlef/projekte/heiligenberg/der-unheimliche-berg/index.html[22m [2m(+85ms)[22m 
[2m08:06:57[22m   [34m├─[39m [2m/detlef/projekte/heiligenberg/geschichte/index.html[22m [2m(+68ms)[22m 
[2m08:06:57[22m   [34m├─[39m [2m/detlef/projekte/heiligenberg/mopaed/index.html[22m [2m(+27ms)[22m 
[2m08:06:57[22m   [34m├─[39m [2m/detlef/projekte/heiligenberg/projekt/index.html[22m [2m(+16ms)[22m 
[2m08:06:57[22m   [34m├─[39m [2m/detlef/projekte/heiligenberg/index.html[22m [2m(+24ms)[22m 
[2m08:06:57[22m   [34m├─[39m [2m/detlef/projekte/neuenheim/eingemeindung/index.html[22m [2m(+39ms)[22m 
[2m08:06:57[22m   [34m├─[39m [2m/detlef/projekte/neuenheim/interview-krauch/index.html[22m [2m(+44ms)[22m 
[2m08:06:57[22m   [34m├─[39m [2m/detlef/projekte/neuenheim/ist-halb-europa/index.html[22m [2m(+31ms)[22m 
[2m08:06:57[22m   [34m├─[39m [2m/detlef/projekte/neuenheim/judenfrei/index.html[22m [2m(+24ms)[22m 
[2m08:06:57[22m   [34m├─[39m [2m/detlef/projekte/neuenheim/mopaed/index.html[22m [2m(+21ms)[22m 
[2m08:06:57[22m   [34m├─[39m [2m/detlef/projekte/neuenheim/otto-jaeger-ludwig-merz/index.html[22m [2m(+121ms)[22m 
[2m08:06:57[22m   [34m├─[39m [2m/detlef/projekte/neuenheim/projekt/index.html[22m [2m(+26ms)[22m 
[2m08:06:57[22m   [34m├─[39m [2m/detlef/projekte/neuenheim/ueberblick/index.html[22m [2m(+27ms)[22m 
[2m08:06:58[22m   [34m├─[39m [2m/detlef/projekte/neuenheim/index.html[22m [2m(+24ms)[22m 
[2m08:06:58[22m   [34m├─[39m [2m/detlef/projekte/old-providence-die-insel-providencia/1817-1821-die-korsaren/index.html[22m [2m(+19ms)[22m 
[2m08:06:58[22m   [34m├─[39m [2m/detlef/projekte/old-providence-die-insel-providencia/aktuell-1903-heute/index.html[22m [2m(+19ms)[22m 
[2m08:06:58[22m   [34m├─[39m [2m/detlef/projekte/old-providence-die-insel-providencia/jahr-1629/index.html[22m [2m(+11ms)[22m 
[2m08:06:58[22m   [34m├─[39m [2m/detlef/projekte/old-providence-die-insel-providencia/jahr-1641/index.html[22m [2m(+13ms)[22m 
[2m08:06:58[22m   [34m├─[39m [2m/detlef/projekte/old-providence-die-insel-providencia/jahr-1666-1670/index.html[22m [2m(+10ms)[22m 
[2m08:06:58[22m   [34m├─[39m [2m/detlef/projekte/old-providence-die-insel-providencia/jahr-1666-piraterie/index.html[22m [2m(+14ms)[22m 
[2m08:06:58[22m   [34m├─[39m [2m/detlef/projekte/old-providence-die-insel-providencia/jahr-1670-1767/index.html[22m [2m(+18ms)[22m 
[2m08:06:58[22m   [34m├─[39m [2m/detlef/projekte/old-providence-die-insel-providencia/jahr-1670/index.html[22m [2m(+21ms)[22m 
[2m08:06:58[22m   [34m├─[39m [2m/detlef/projekte/old-providence-die-insel-providencia/jahr-1767/index.html[22m [2m(+20ms)[22m 
[2m08:06:58[22m   [34m├─[39m [2m/detlef/projekte/old-providence-die-insel-providencia/jahr-1790-1803/index.html[22m [2m(+17ms)[22m 
[2m08:06:58[22m   [34m├─[39m [2m/detlef/projekte/old-providence-die-insel-providencia/jahr-1822-die-republik/index.html[22m [2m(+22ms)[22m 
[2m08:06:58[22m   [34m├─[39m [2m/detlef/projekte/old-providence-die-insel-providencia/index.html[22m [2m(+31ms)[22m 
[2m08:06:58[22m   [34m├─[39m [2m/detlef/projekte/index.html[22m [2m(+33ms)[22m 
[2m08:06:58[22m   [34m├─[39m [2m/julian/about-me/index.html[22m [2m(+21ms)[22m 
[2m08:06:58[22m   [34m├─[39m [2m/julian/artikel/agile-methoden-in-der-softwareentwicklung/index.html[22m [2m(+20ms)[22m 
[2m08:06:58[22m   [34m├─[39m [2m/julian/artikel/auswirkungen-von-ideologien-der-open-source-lizenzen/index.html[22m [2m(+57ms)[22m 
[2m08:06:58[22m   [34m├─[39m [2m/julian/artikel/was-ist-das-web-20/index.html[22m [2m(+18ms)[22m 
[2m08:06:58[22m   [34m├─[39m [2m/julian/artikel/index.html[22m [2m(+23ms)[22m 
[2m08:06:58[22m   [34m├─[39m [2m/julian/contact/index.html[22m [2m(+15ms)[22m 
[2m08:06:58[22m   [34m├─[39m [2m/julian/techzap/design/microsoft-paint/favicon-ico-mit-ms-paint-und-bmp2ico-erstellen/index.html[22m [2m(+21ms)[22m 
[2m08:06:58[22m   [34m├─[39m [2m/julian/techzap/design/microsoft-paint/index.html[22m [2m(+17ms)[22m 
[2m08:06:58[22m   [34m├─[39m [2m/julian/techzap/design/index.html[22m [2m(+11ms)[22m 
[2m08:06:58[22m   [34m├─[39m [2m/julian/techzap/programmierung/einfuehrung-in-das-programmieren/grundlagen-variablen-operatoren-funktionen/index.html[22m [2m(+39ms)[22m 
[2m08:06:58[22m   [34m├─[39m [2m/julian/techzap/programmierung/einfuehrung-in-das-programmieren/index.html[22m [2m(+11ms)[22m 
[2m08:06:58[22m   [34m├─[39m [2m/julian/techzap/programmierung/perl/perl-einzeiler-suchen-und-ersetzen-in-dateien/index.html[22m [2m(+12ms)[22m 
[2m08:06:58[22m   [34m├─[39m [2m/julian/techzap/programmierung/perl/index.html[22m [2m(+16ms)[22m 
[2m08:06:58[22m   [34m├─[39m [2m/julian/techzap/programmierung/index.html[22m [2m(+10ms)[22m 
[2m08:06:58[22m   [34m├─[39m [2m/julian/techzap/server/unix-linux/grep-in-zwei-dateien-vorkommende-zeilen-entfernen/index.html[22m [2m(+20ms)[22m 
[2m08:06:58[22m   [34m├─[39m [2m/julian/techzap/server/unix-linux/index.html[22m [2m(+15ms)[22m 
[2m08:06:58[22m   [34m├─[39m [2m/julian/techzap/server/windows/iis-und-apache-auf-einem-server-parallel-betreiben/index.html[22m [2m(+27ms)[22m 
[2m08:06:58[22m   [34m├─[39m [2m/julian/techzap/server/windows/listenonlylist-registry-werte-iis-an-ip-binden/index.html[22m [2m(+23ms)[22m 
[2m08:06:58[22m   [34m├─[39m [2m/julian/techzap/server/windows/index.html[22m [2m(+17ms)[22m 
[2m08:06:58[22m   [34m├─[39m [2m/julian/techzap/server/index.html[22m [2m(+13ms)[22m 
[2m08:06:58[22m   [34m├─[39m [2m/julian/techzap/technik/vmware/strg-alt-f1-bzw-ctrl-alt-f1-an-vmware-senden/index.html[22m [2m(+15ms)[22m 
[2m08:06:58[22m   [34m├─[39m [2m/julian/techzap/technik/vmware/index.html[22m [2m(+11ms)[22m 
[2m08:06:58[22m   [34m├─[39m [2m/julian/techzap/technik/index.html[22m [2m(+14ms)[22m 
[2m08:06:58[22m   [34m├─[39m [2m/julian/techzap/index.html[22m [2m(+22ms)[22m 
[2m08:06:58[22m   [34m├─[39m [2m/julian/work/projects/index.html[22m [2m(+12ms)[22m 
[2m08:06:58[22m   [34m├─[39m [2m/julian/work/selfmade/index.html[22m [2m(+12ms)[22m 
[2m08:06:58[22m   [34m└─[39m [2m/julian/work/index.html[22m [2m(+11ms)[22m 
[2m08:06:58[22m [32m✓ Completed in 8.43s.
[39m
[2m08:06:59[22m [34m[@astrojs/sitemap][39m `sitemap-index.xml` created at `dist`
[2m08:06:59[22m [34m[build][39m 197 page(s) built in [1m81.16s[22m
[2m08:06:59[22m [34m[build][39m [1mComplete![22m

> frontend@0.0.1 postbuild
> node ./scripts/fix-asset-paths.mjs

Fixing asset paths with base path: /zeiler_me_pages
Fixed asset paths in: 404.html
Fixed asset paths in: detlef\deutsch\errterung\index.html
Fixed asset paths in: detlef\deutsch\essay-themen\essay\index.html
Fixed asset paths in: detlef\deutsch\essay-themen\index.html
Fixed asset paths in: detlef\deutsch\fremdenfeindlichkeit\armer-und-reicher-teufel\index.html
Fixed asset paths in: detlef\deutsch\fremdenfeindlichkeit\index.html
Fixed asset paths in: detlef\deutsch\homo-faber\index.html
Fixed asset paths in: detlef\deutsch\index.html
Fixed asset paths in: detlef\deutsch\nayirah\index.html
Fixed asset paths in: detlef\deutsch\needful-things---in-einer-kleinen-stadt\in-einer-kleinen-stadt\in-einer-kleinen-stadt\index.html
Fixed asset paths in: detlef\deutsch\needful-things---in-einer-kleinen-stadt\in-einer-kleinen-stadt\index.html
Fixed asset paths in: detlef\deutsch\needful-things---in-einer-kleinen-stadt\index.html
Fixed asset paths in: detlef\deutsch\texterrterung\index.html
Fixed asset paths in: detlef\deutsch\textinterpretation\das-eiserne-kreuz\index.html
Fixed asset paths in: detlef\deutsch\textinterpretation\ein-netter-kerl\index.html
Fixed asset paths in: detlef\deutsch\textinterpretation\einige-beispiele\armer-und-reicher-teufel-ernst-bloch\index.html
Fixed asset paths in: detlef\deutsch\textinterpretation\einige-beispiele\index.html
Fixed asset paths in: detlef\deutsch\textinterpretation\einige-beispiele\wie-ist-der-mensch-michel-de-montaigne\index.html
Fixed asset paths in: detlef\deutsch\textinterpretation\homo-faber\index.html
Fixed asset paths in: detlef\deutsch\textinterpretation\index.html
Fixed asset paths in: detlef\deutsch\textinterpretation\wie-ist-der-mensch-michel-de-montaigne\index.html
Fixed asset paths in: detlef\deutsch\textinterpretation-1\index.html
Fixed asset paths in: detlef\deutsch\versuch-einer-beschreibung-menschlicher-moral\index.html
Fixed asset paths in: detlef\deutsch\versuch-einer-kurzen-beschreibung-einer-menschlichen-moral\index.html
Fixed asset paths in: detlef\deutsch\vom-text-zum-schaubild\index.html
Fixed asset paths in: detlef\geschichte\alexander-von-humboldts-sdamerikareise\index.html
Fixed asset paths in: detlef\geschichte\alexis-de-tocqueville-ber-grausamkeit-in-einer-unglcklichen-zeit\index.html
Fixed asset paths in: detlef\geschichte\ber-die-grausamkeit\index.html
Fixed asset paths in: detlef\geschichte\ber-die-pltzliche-grausamkeit-in-einer-unglcklichen-zeit\index.html
Fixed asset paths in: detlef\geschichte\berichte-aus-einer-deutschen-diktatur\index.html
Fixed asset paths in: detlef\geschichte\berthold-von-rohrbach\index.html
Fixed asset paths in: detlef\geschichte\besuch-in-simferopol-2018\index.html
Fixed asset paths in: detlef\geschichte\ceausescu\idylle-und-realitt-unter-ceaucescu\index.html
Fixed asset paths in: detlef\geschichte\ceausescu\index.html
Fixed asset paths in: detlef\geschichte\das-eiserne-kreuz\index.html
Fixed asset paths in: detlef\geschichte\die-mittelschicht-diskussionsthemen\index.html
Fixed asset paths in: detlef\geschichte\faschismus-als-massenbewegung\gerusch\index.html
Fixed asset paths in: detlef\geschichte\faschismus-als-massenbewegung\index.html
Fixed asset paths in: detlef\geschichte\faschismus-als-massenbewegung-2\index.html
Fixed asset paths in: detlef\geschichte\gerchte\index.html
Fixed asset paths in: detlef\geschichte\geschichte-des-neckars-und-des-philosophenwegs-ludwig-merzotto-jger\index.html
Fixed asset paths in: detlef\geschichte\grenzen\index.html
Fixed asset paths in: detlef\geschichte\grenzen-ii\index.html
Fixed asset paths in: detlef\geschichte\grenzen-iii\index.html
Fixed asset paths in: detlef\geschichte\hooligans---angry-young-men\index.html
Fixed asset paths in: detlef\geschichte\index.html
Fixed asset paths in: detlef\geschichte\integration\index.html
Fixed asset paths in: detlef\geschichte\jeremia\index.html
Fixed asset paths in: detlef\geschichte\knstliche-feindschaften\index.html
Fixed asset paths in: detlef\geschichte\kontrollsysteme\index.html
Fixed asset paths in: detlef\geschichte\mein--onkel-emil\index.html
Fixed asset paths in: detlef\geschichte\mein-grovater-rudolf-zeiler\index.html
Fixed asset paths in: detlef\geschichte\mein-grovater-rudolf-zeiler\rudolf-zeiler\index.html
Fixed asset paths in: detlef\geschichte\modellskizze-einer-menschlichen-moral\index.html
Fixed asset paths in: detlef\geschichte\nationen\index.html
Fixed asset paths in: detlef\geschichte\nicht-tdliche-waffen\index.html
Fixed asset paths in: detlef\geschichte\sind-wir-nur-tiere\index.html
Fixed asset paths in: detlef\geschichte\thalmann\index.html
Fixed asset paths in: detlef\geschichte\was-mich-betrifft\index.html
Fixed asset paths in: detlef\geschichte\zeit-der-intrigen\index.html
Fixed asset paths in: detlef\impressum\index.html
Fixed asset paths in: detlef\jeremia\index.html
Fixed asset paths in: detlef\medien\geruechte-rumores-drehbuch\index.html
Fixed asset paths in: detlef\medien\index.html
Fixed asset paths in: detlef\medien\medienerziehung\altersgemaesse-schwerpunktsetzungen\index.html
Fixed asset paths in: detlef\medien\medienerziehung\aufgabenbereiche-und-zielsetzungen\index.html
Fixed asset paths in: detlef\medien\medienerziehung\erlebnis-und-handlungsorientierung-als-prinzipien\index.html
Fixed asset paths in: detlef\medien\medienerziehung\gestaltung-von-audiovisuellen-medien\index.html
Fixed asset paths in: detlef\medien\medienerziehung\index.html
Fixed asset paths in: detlef\medien\medienerziehung\leseerziehung-und-hoererziehung\index.html
Fixed asset paths in: detlef\medien\medienerziehung\medienerziehung-als-gesamtgesellschaftliche-aufgabe\index.html
Fixed asset paths in: detlef\medien\medienerziehung\medienerziehung-im-bereich-von-computerspielen-und-interaktiven-medien\index.html
Fixed asset paths in: detlef\medien\medienerziehung\medienerziehung-im-erziehungs-und-bildungszusammenhang\index.html
Fixed asset paths in: detlef\medien\medienerziehung\medienkompetenz-vorbemerkung\index.html
Fixed asset paths in: detlef\medien\medienerziehung\schuelerzeitschriften\index.html
Fixed asset paths in: detlef\medien\medienerziehung\spielfilme\index.html
Fixed asset paths in: detlef\medien\medienerziehung\veraenderung-der-bildungs-und-erziehungssituation\index.html
Fixed asset paths in: detlef\medien\medienerziehung\verankerung-in-den-lehrplaenen\index.html
Fixed asset paths in: detlef\medien\medienerziehung\zukuenftige-ansatzpunkte\index.html
Fixed asset paths in: detlef\medien\medienerziehung\zum-begriff-medienkultur\index.html
Fixed asset paths in: detlef\projekte\die-elsenz-und-der-kraichgau\geographische-lage\der-steinsberg\index.html
Fixed asset paths in: detlef\projekte\die-elsenz-und-der-kraichgau\geographische-lage\die-elsenz\index.html
Fixed asset paths in: detlef\projekte\die-elsenz-und-der-kraichgau\geographische-lage\index.html
Fixed asset paths in: detlef\projekte\die-elsenz-und-der-kraichgau\geographische-lage\mhlen-an-der-elsenz\index.html
Fixed asset paths in: detlef\projekte\die-elsenz-und-der-kraichgau\geschichte-und-politik\bauernunruhen\index.html
Fixed asset paths in: detlef\projekte\die-elsenz-und-der-kraichgau\geschichte-und-politik\der-gaubegriff\index.html
Fixed asset paths in: detlef\projekte\die-elsenz-und-der-kraichgau\geschichte-und-politik\der-kraichgau-als-militaerisches-operationsgebiet\index.html
Fixed asset paths in: detlef\projekte\die-elsenz-und-der-kraichgau\geschichte-und-politik\die-burg-steinsberg\index.html
Fixed asset paths in: detlef\projekte\die-elsenz-und-der-kraichgau\geschichte-und-politik\friedrich-hecker\index.html
Fixed asset paths in: detlef\projekte\die-elsenz-und-der-kraichgau\geschichte-und-politik\index.html
Fixed asset paths in: detlef\projekte\die-elsenz-und-der-kraichgau\geschichte-und-politik\joss-fritz-und-der-bundschuh\index.html
Fixed asset paths in: detlef\projekte\die-elsenz-und-der-kraichgau\geschichte-und-politik\renaissance-im-kraichgau\index.html
Fixed asset paths in: detlef\projekte\die-elsenz-und-der-kraichgau\index.html
Fixed asset paths in: detlef\projekte\die-elsenz-und-der-kraichgau\kultur-religion\index.html
Fixed asset paths in: detlef\projekte\dritte-gewalt-strafvollzug\anmerkungen\index.html
Fixed asset paths in: detlef\projekte\dritte-gewalt-strafvollzug\beispiel-fuer-ein-projekt\index.html
Fixed asset paths in: detlef\projekte\dritte-gewalt-strafvollzug\gymnasium\index.html
Fixed asset paths in: detlef\projekte\dritte-gewalt-strafvollzug\hauptschule\index.html
Fixed asset paths in: detlef\projekte\dritte-gewalt-strafvollzug\index.html
Fixed asset paths in: detlef\projekte\dritte-gewalt-strafvollzug\medienforum-heidelberg-ev\index.html
Fixed asset paths in: detlef\projekte\dritte-gewalt-strafvollzug\realschule\index.html
Fixed asset paths in: detlef\projekte\heidelberg-im-mittelalter\armenpflege-und-soziale-einrichtungen\index.html
Fixed asset paths in: detlef\projekte\heidelberg-im-mittelalter\das-aelteste-gewerbe\index.html
Fixed asset paths in: detlef\projekte\heidelberg-im-mittelalter\dr-jochen-goetze\index.html
Fixed asset paths in: detlef\projekte\heidelberg-im-mittelalter\freizeit\index.html
Fixed asset paths in: detlef\projekte\heidelberg-im-mittelalter\hexenglauben-und-hexenprozesse\index.html
Fixed asset paths in: detlef\projekte\heidelberg-im-mittelalter\index.html
Fixed asset paths in: detlef\projekte\heidelberg-im-mittelalter\juden\index.html
Fixed asset paths in: detlef\projekte\heidelberg-im-mittelalter\juden\phase-relativer-toleranz\index.html
Fixed asset paths in: detlef\projekte\heidelberg-im-mittelalter\juden\spielball-fremder-interessen\index.html
Fixed asset paths in: detlef\projekte\heidelberg-im-mittelalter\literaturverzeichnis\index.html
Fixed asset paths in: detlef\projekte\heidelberg-im-mittelalter\mopaed\index.html
Fixed asset paths in: detlef\projekte\heidelberg-im-mittelalter\praktische-heimatkunde\index.html
Fixed asset paths in: detlef\projekte\heidelberg-im-mittelalter\sittenstrafordnung-fuer-dirnen\index.html
Fixed asset paths in: detlef\projekte\heidelberg-im-mittelalter\stadtgruendung-stadtentwicklung\entstehung-und-namensgebung\index.html
Fixed asset paths in: detlef\projekte\heidelberg-im-mittelalter\stadtgruendung-stadtentwicklung\index.html
Fixed asset paths in: detlef\projekte\heidelberg-im-mittelalter\stadtgruendung-stadtentwicklung\stadtaufbau\index.html
Fixed asset paths in: detlef\projekte\heidelberg-im-mittelalter\stadtgruendung-stadtentwicklung\stadtverfassung\index.html
Fixed asset paths in: detlef\projekte\heidelberg-im-mittelalter\strafrecht-und-strafvollzug\anmerkungen\index.html
Fixed asset paths in: detlef\projekte\heidelberg-im-mittelalter\strafrecht-und-strafvollzug\constitutio-criminalis-carolina\index.html
Fixed asset paths in: detlef\projekte\heidelberg-im-mittelalter\strafrecht-und-strafvollzug\index.html
Fixed asset paths in: detlef\projekte\heidelberg-im-mittelalter\strafrecht-und-strafvollzug\richtstaetten-und-gefaengnisse\index.html
Fixed asset paths in: detlef\projekte\heidelberg-im-mittelalter\strafrecht-und-strafvollzug\strafordnung\index.html
Fixed asset paths in: detlef\projekte\heidelberg-im-mittelalter\strafrecht-und-strafvollzug\triumph-des-guten\index.html
Fixed asset paths in: detlef\projekte\heidelberg-im-mittelalter\strafrecht-und-strafvollzug\verbrechen-und-strafen\index.html
Fixed asset paths in: detlef\projekte\heidelberg-im-mittelalter\universitaet-und-studenten\ausbau-der-universitaet-und-rueckschlaege\index.html
Fixed asset paths in: detlef\projekte\heidelberg-im-mittelalter\universitaet-und-studenten\ausbau-und-finanzierung\index.html
Fixed asset paths in: detlef\projekte\heidelberg-im-mittelalter\universitaet-und-studenten\die-anfaenge-stadt-hof-und-universitaet\index.html
Fixed asset paths in: detlef\projekte\heidelberg-im-mittelalter\universitaet-und-studenten\die-universitaet-zwischen-mittelalter-und-neuzeit\index.html
Fixed asset paths in: detlef\projekte\heidelberg-im-mittelalter\universitaet-und-studenten\einleitung\index.html
Fixed asset paths in: detlef\projekte\heidelberg-im-mittelalter\universitaet-und-studenten\index.html
Fixed asset paths in: detlef\projekte\heidelberg-im-mittelalter\universitaet-und-studenten\konflikte-mit-hofbediensteten-buergern-und-juden\index.html
Fixed asset paths in: detlef\projekte\heidelberg-im-mittelalter\universitaet-und-studenten\motive-fuer-den-aufbau-einer-universitaet\index.html
Fixed asset paths in: detlef\projekte\heidelberg-im-mittelalter\universitaet-und-studenten\studentenunruhen\index.html
Fixed asset paths in: detlef\projekte\heidelberger-schulgeschichten\anfaenge\index.html
Fixed asset paths in: detlef\projekte\heidelberger-schulgeschichten\buerger-und-bauern\index.html
Fixed asset paths in: detlef\projekte\heidelberger-schulgeschichten\das-18te-jahrhundert\index.html
Fixed asset paths in: detlef\projekte\heidelberger-schulgeschichten\das-19te-jahrhundert\index.html
Fixed asset paths in: detlef\projekte\heidelberger-schulgeschichten\das-20te-jahrhundert\index.html
Fixed asset paths in: detlef\projekte\heidelberger-schulgeschichten\index.html
Fixed asset paths in: detlef\projekte\heidelberger-schulgeschichten\lehrerschaft-kfg-3tes-reich\index.html
Fixed asset paths in: detlef\projekte\heidelberger-schulgeschichten\schuelerunruhen-am-kfg\index.html
Fixed asset paths in: detlef\projekte\heiligenberg\der-unheimliche-berg\index.html
Fixed asset paths in: detlef\projekte\heiligenberg\geschichte\index.html
Fixed asset paths in: detlef\projekte\heiligenberg\index.html
Fixed asset paths in: detlef\projekte\heiligenberg\mopaed\index.html
Fixed asset paths in: detlef\projekte\heiligenberg\projekt\index.html
Fixed asset paths in: detlef\projekte\index.html
Fixed asset paths in: detlef\projekte\neuenheim\eingemeindung\index.html
Fixed asset paths in: detlef\projekte\neuenheim\index.html
Fixed asset paths in: detlef\projekte\neuenheim\interview-krauch\index.html
Fixed asset paths in: detlef\projekte\neuenheim\ist-halb-europa\index.html
Fixed asset paths in: detlef\projekte\neuenheim\judenfrei\index.html
Fixed asset paths in: detlef\projekte\neuenheim\mopaed\index.html
Fixed asset paths in: detlef\projekte\neuenheim\otto-jaeger-ludwig-merz\index.html
Fixed asset paths in: detlef\projekte\neuenheim\projekt\index.html
Fixed asset paths in: detlef\projekte\neuenheim\ueberblick\index.html
Fixed asset paths in: detlef\projekte\old-providence-die-insel-providencia\1817-1821-die-korsaren\index.html
Fixed asset paths in: detlef\projekte\old-providence-die-insel-providencia\aktuell-1903-heute\index.html
Fixed asset paths in: detlef\projekte\old-providence-die-insel-providencia\index.html
Fixed asset paths in: detlef\projekte\old-providence-die-insel-providencia\jahr-1629\index.html
Fixed asset paths in: detlef\projekte\old-providence-die-insel-providencia\jahr-1641\index.html
Fixed asset paths in: detlef\projekte\old-providence-die-insel-providencia\jahr-1666-1670\index.html
Fixed asset paths in: detlef\projekte\old-providence-die-insel-providencia\jahr-1666-piraterie\index.html
Fixed asset paths in: detlef\projekte\old-providence-die-insel-providencia\jahr-1670\index.html
Fixed asset paths in: detlef\projekte\old-providence-die-insel-providencia\jahr-1670-1767\index.html
Fixed asset paths in: detlef\projekte\old-providence-die-insel-providencia\jahr-1767\index.html
Fixed asset paths in: detlef\projekte\old-providence-die-insel-providencia\jahr-1790-1803\index.html
Fixed asset paths in: detlef\projekte\old-providence-die-insel-providencia\jahr-1822-die-republik\index.html
Fixed asset paths in: index.html
Fixed asset paths in: julian\about-me\index.html
Fixed asset paths in: julian\artikel\agile-methoden-in-der-softwareentwicklung\index.html
Fixed asset paths in: julian\artikel\auswirkungen-von-ideologien-der-open-source-lizenzen\index.html
Fixed asset paths in: julian\artikel\index.html
Fixed asset paths in: julian\artikel\was-ist-das-web-20\index.html
Fixed asset paths in: julian\contact\index.html
Fixed asset paths in: julian\techzap\design\index.html
Fixed asset paths in: julian\techzap\design\microsoft-paint\favicon-ico-mit-ms-paint-und-bmp2ico-erstellen\index.html
Fixed asset paths in: julian\techzap\design\microsoft-paint\index.html
Fixed asset paths in: julian\techzap\index.html
Fixed asset paths in: julian\techzap\programmierung\einfuehrung-in-das-programmieren\grundlagen-variablen-operatoren-funktionen\index.html
Fixed asset paths in: julian\techzap\programmierung\einfuehrung-in-das-programmieren\index.html
Fixed asset paths in: julian\techzap\programmierung\index.html
Fixed asset paths in: julian\techzap\programmierung\perl\index.html
Fixed asset paths in: julian\techzap\programmierung\perl\perl-einzeiler-suchen-und-ersetzen-in-dateien\index.html
Fixed asset paths in: julian\techzap\server\index.html
Fixed asset paths in: julian\techzap\server\unix-linux\grep-in-zwei-dateien-vorkommende-zeilen-entfernen\index.html
Fixed asset paths in: julian\techzap\server\unix-linux\index.html
Fixed asset paths in: julian\techzap\server\windows\iis-und-apache-auf-einem-server-parallel-betreiben\index.html
Fixed asset paths in: julian\techzap\server\windows\index.html
Fixed asset paths in: julian\techzap\server\windows\listenonlylist-registry-werte-iis-an-ip-binden\index.html
Fixed asset paths in: julian\techzap\technik\index.html
Fixed asset paths in: julian\techzap\technik\vmware\index.html
Fixed asset paths in: julian\techzap\technik\vmware\strg-alt-f1-bzw-ctrl-alt-f1-an-vmware-senden\index.html
Fixed asset paths in: julian\work\index.html
Fixed asset paths in: julian\work\projects\index.html
Fixed asset paths in: julian\work\selfmade\index.html
Asset path fix completed.
